192.168.191.2 - - [22/Jun/2018:10:28:06 +0800] "GET /api/shop_cart.php?userId=5b2af6aba2eee&goods_id=2&count=12 HTTP/1.1" 200 484
192.168.191.2 - - [22/Jun/2018:10:29:02 +0800] "GET /find/faxian.html HTTP/1.1" 200 242807
192.168.191.2 - - [22/Jun/2018:10:29:02 +0800] "GET /find/img/article-author-pic2.webp HTTP/1.1" 404 231
192.168.191.2 - - [22/Jun/2018:10:29:02 +0800] "GET /find/img/article-author-pic1.webp HTTP/1.1" 404 231
192.168.191.2 - - [22/Jun/2018:10:29:02 +0800] "GET /find/img/article-author-pic3.webp HTTP/1.1" 404 231
192.168.191.2 - - [22/Jun/2018:10:29:02 +0800] "GET /favicon.ico HTTP/1.1" 404 209
127.0.0.1 - - [22/Jun/2018:10:29:05 +0800] "GET /data/sort_content_data.json HTTP/1.0" 200 134
192.168.191.2 - - [22/Jun/2018:10:29:05 +0800] "GET /api/sort_content_list.php?contentId=1&userId=5b2af6aba2eee&goods_id=2&count=12 HTTP/1.1" 200 134
127.0.0.1 - - [22/Jun/2018:10:29:05 +0800] "GET /data/sort_list_data.json HTTP/1.0" 200 136
192.168.191.2 - - [22/Jun/2018:10:29:05 +0800] "GET /api/sort_list.php?contentId=1&userId=5b2af6aba2eee&goods_id=2&count=12 HTTP/1.1" 200 136
127.0.0.1 - - [22/Jun/2018:10:29:17 +0800] "GET /data/goods_detail_data_0.json HTTP/1.0" 200 302
192.168.191.2 - - [22/Jun/2018:10:29:17 +0800] "GET /api/goods_detail.php?contentId=1&userId=5b2af6aba2eee&goods_id=0&count=12 HTTP/1.1" 200 559
127.0.0.1 - - [22/Jun/2018:10:29:27 +0800] "GET /data/index_data.json HTTP/1.0" 200 2370
192.168.191.2 - - [22/Jun/2018:10:29:27 +0800] "GET /api/index.php HTTP/1.1" 200 2370
127.0.0.1 - - [22/Jun/2018:10:29:44 +0800] "GET /data/sort_content_data.json HTTP/1.0" 200 134
192.168.191.2 - - [22/Jun/2018:10:29:44 +0800] "GET /api/sort_content_list.php?contentId=1 HTTP/1.1" 200 134
127.0.0.1 - - [22/Jun/2018:10:29:44 +0800] "GET /data/sort_list_data.json HTTP/1.0" 200 136
192.168.191.2 - - [22/Jun/2018:10:29:44 +0800] "GET /api/sort_list.php?contentId=1 HTTP/1.1" 200 136
192.168.191.2 - - [22/Jun/2018:10:29:46 +0800] "GET /find/faxian.html HTTP/1.1" 200 242807
192.168.191.2 - - [22/Jun/2018:10:29:46 +0800] "GET /find/img/article-author-pic1.webp HTTP/1.1" 404 231
192.168.191.2 - - [22/Jun/2018:10:29:46 +0800] "GET /find/img/article-author-pic2.webp HTTP/1.1" 404 231
192.168.191.2 - - [22/Jun/2018:10:29:46 +0800] "GET /find/img/article-author-pic3.webp HTTP/1.1" 404 231
192.168.191.2 - - [22/Jun/2018:10:29:46 +0800] "GET /favicon.ico HTTP/1.1" 404 209
127.0.0.1 - - [22/Jun/2018:10:30:06 +0800] "GET /data/address.json HTTP/1.0" 200 117
192.168.191.2 - - [22/Jun/2018:10:30:06 +0800] "GET /api/address.php?contentId=1&userId=5b2af6aba2eee HTTP/1.1" 200 117
127.0.0.1 - - [22/Jun/2018:10:30:09 +0800] "GET /data/address.json HTTP/1.0" 200 37
192.168.191.2 - - [22/Jun/2018:10:30:09 +0800] "POST /api/address.php HTTP/1.1" 200 259
127.0.0.1 - - [22/Jun/2018:10:30:19 +0800] "GET /data/address.json HTTP/1.0" 200 117
192.168.191.2 - - [22/Jun/2018:10:30:19 +0800] "GET /api/address.php?contentId=1&userId=5b2af6aba2eee&id=1 HTTP/1.1" 200 117
127.0.0.1 - - [22/Jun/2018:10:30:54 +0800] "GET /data/index2_data.json HTTP/1.0" 200 2573
192.168.191.2 - - [22/Jun/2018:10:30:54 +0800] "GET /api/refresh.php?index=1&contentId=1&userId=5b2af6aba2eee&id=1 HTTP/1.1" 200 2573
127.0.0.1 - - [22/Jun/2018:10:31:05 +0800] "GET /data/shop_cart_data.json HTTP/1.0" 200 484
192.168.191.2 - - [22/Jun/2018:10:31:05 +0800] "GET /api/shop_cart.php?contentId=1&userId=5b2af6aba2eee&id=1 HTTP/1.1" 200 484
127.0.0.1 - - [22/Jun/2018:10:31:11 +0800] "GET /data/goods_detail_data_2.json HTTP/1.0" 200 1017
192.168.191.2 - - [22/Jun/2018:10:31:11 +0800] "GET /api/goods_detail.php?contentId=1&goods_id=2&userId=5b2af6aba2eee&id=1 HTTP/1.1" 200 1017
127.0.0.1 - - [22/Jun/2018:10:31:32 +0800] "GET /data/goods_detail_data_2.json HTTP/1.0" 200 1017
192.168.191.2 - - [22/Jun/2018:10:31:32 +0800] "GET /api/goods_detail.php?contentId=1&goods_id=2&userId=5b2af6aba2eee&id=1 HTTP/1.1" 200 1017
127.0.0.1 - - [22/Jun/2018:10:31:58 +0800] "GET /data/goods_detail_data_2.json HTTP/1.0" 200 1017
192.168.191.2 - - [22/Jun/2018:10:31:58 +0800] "GET /api/goods_detail.php?contentId=1&goods_id=2&userId=5b2af6aba2eee&id=1 HTTP/1.1" 200 1017
192.168.191.2 - - [22/Jun/2018:11:10:32 +0800] "GET /find/faxian.html HTTP/1.1" 200 242807
127.0.0.1 - - [22/Jun/2018:11:10:32 +0800] "GET /data/sort_content_data.json HTTP/1.0" 200 134
192.168.191.2 - - [22/Jun/2018:11:10:32 +0800] "GET /api/sort_content_list.php?contentId=1&goods_id=2&userId=5b2af6aba2eee&id=1 HTTP/1.1" 200 134
127.0.0.1 - - [22/Jun/2018:11:10:32 +0800] "GET /data/goods_detail_data_2.json HTTP/1.0" 200 1017
192.168.191.2 - - [22/Jun/2018:11:10:32 +0800] "GET /api/goods_detail.php?contentId=1&goods_id=2&userId=5b2af6aba2eee&id=1 HTTP/1.1" 200 1017
192.168.191.2 - - [22/Jun/2018:11:10:32 +0800] "GET /find/img/article-author-pic1.webp HTTP/1.1" 404 231
192.168.191.2 - - [22/Jun/2018:11:10:32 +0800] "GET /find/img/article-author-pic2.webp HTTP/1.1" 404 231
192.168.191.2 - - [22/Jun/2018:11:10:32 +0800] "GET /find/img/article-author-pic3.webp HTTP/1.1" 404 231
192.168.191.2 - - [22/Jun/2018:11:10:32 +0800] "GET /favicon.ico HTTP/1.1" 404 209
192.168.191.2 - - [22/Jun/2018:11:10:36 +0800] "POST /api/add_shop_cart_count.php HTTP/1.1" 200 145
127.0.0.1 - - [22/Jun/2018:11:10:47 +0800] "GET /data/index_data.json HTTP/1.0" 200 2370
192.168.191.2 - - [22/Jun/2018:11:10:47 +0800] "GET /api/index.php HTTP/1.1" 200 2370
127.0.0.1 - - [22/Jun/2018:11:10:55 +0800] "GET /data/goods_detail_data_2.json HTTP/1.0" 200 1017
192.168.191.2 - - [22/Jun/2018:11:10:55 +0800] "GET /api/goods_detail.php?goods_id=2 HTTP/1.1" 200 1017
192.168.191.2 - - [22/Jun/2018:11:11:07 +0800] "POST /api/add_shop_cart_count.php HTTP/1.1" 200 145
127.0.0.1 - - [22/Jun/2018:11:12:36 +0800] "GET /data/index_data.json HTTP/1.0" 200 2370
192.168.191.2 - - [22/Jun/2018:11:12:36 +0800] "GET /api/index.php HTTP/1.1" 200 2370
127.0.0.1 - - [22/Jun/2018:11:12:36 +0800] "GET /data/sort_content_data.json HTTP/1.0" 200 134
192.168.191.2 - - [22/Jun/2018:11:12:36 +0800] "GET /api/sort_content_list.php?contentId=1 HTTP/1.1" 200 134
127.0.0.1 - - [22/Jun/2018:11:12:36 +0800] "GET /data/sort_list_data.json HTTP/1.0" 200 136
192.168.191.2 - - [22/Jun/2018:11:12:36 +0800] "GET /api/sort_list.php?contentId=1 HTTP/1.1" 200 136
127.0.0.1 - - [22/Jun/2018:11:12:39 +0800] "GET /data/goods_detail_data_2.json HTTP/1.0" 200 1017
192.168.191.2 - - [22/Jun/2018:11:12:39 +0800] "GET /api/goods_detail.php?contentId=1&goods_id=2 HTTP/1.1" 200 1017
192.168.191.2 - - [22/Jun/2018:11:12:42 +0800] "POST /api/add_shop_cart_count.php HTTP/1.1" 200 588
127.0.0.1 - - [22/Jun/2018:11:14:03 +0800] "GET /data/index_data.json HTTP/1.0" 200 2370
192.168.191.2 - - [22/Jun/2018:11:14:03 +0800] "GET /api/index.php HTTP/1.1" 200 2370
127.0.0.1 - - [22/Jun/2018:11:14:04 +0800] "GET /data/sort_content_data.json HTTP/1.0" 200 134
192.168.191.2 - - [22/Jun/2018:11:14:04 +0800] "GET /api/sort_content_list.php?contentId=1 HTTP/1.1" 200 134
127.0.0.1 - - [22/Jun/2018:11:14:04 +0800] "GET /data/sort_list_data.json HTTP/1.0" 200 136
192.168.191.2 - - [22/Jun/2018:11:14:04 +0800] "GET /api/sort_list.php?contentId=1 HTTP/1.1" 200 136
127.0.0.1 - - [22/Jun/2018:11:14:07 +0800] "GET /data/goods_detail_data_2.json HTTP/1.0" 200 1017
192.168.191.2 - - [22/Jun/2018:11:14:07 +0800] "GET /api/goods_detail.php?contentId=1&goods_id=2 HTTP/1.1" 200 1017
192.168.191.2 - - [22/Jun/2018:11:14:10 +0800] "POST /api/add_shop_cart_count.php HTTP/1.1" 200 277
127.0.0.1 - - [22/Jun/2018:11:16:42 +0800] "GET /data/index_data.json HTTP/1.0" 200 2370
192.168.191.2 - - [22/Jun/2018:11:16:42 +0800] "GET /api/index.php HTTP/1.1" 200 2370
127.0.0.1 - - [22/Jun/2018:11:16:44 +0800] "GET /data/goods_detail_data_2.json HTTP/1.0" 200 1017
192.168.191.2 - - [22/Jun/2018:11:16:44 +0800] "GET /api/goods_detail.php?goods_id=2 HTTP/1.1" 200 1017
192.168.191.2 - - [22/Jun/2018:11:16:47 +0800] "POST /api/add_shop_cart_count.php HTTP/1.1" 200 59
127.0.0.1 - - [22/Jun/2018:11:18:57 +0800] "GET /data/index_data.json HTTP/1.0" 200 2370
192.168.191.2 - - [22/Jun/2018:11:18:57 +0800] "GET /api/index.php HTTP/1.1" 200 2370
127.0.0.1 - - [22/Jun/2018:11:18:58 +0800] "GET /data/goods_detail_data_2.json HTTP/1.0" 200 1017
192.168.191.2 - - [22/Jun/2018:11:18:58 +0800] "GET /api/goods_detail.php?goods_id=2 HTTP/1.1" 200 1017
192.168.191.2 - - [22/Jun/2018:11:19:01 +0800] "POST /api/add_shop_cart_count.php HTTP/1.1" 200 59
127.0.0.1 - - [22/Jun/2018:11:20:36 +0800] "GET /data/index_data.json HTTP/1.0" 200 2370
192.168.191.2 - - [22/Jun/2018:11:20:36 +0800] "GET /api/index.php HTTP/1.1" 200 2370
127.0.0.1 - - [22/Jun/2018:11:20:38 +0800] "GET /data/goods_detail_data_2.json HTTP/1.0" 200 1017
192.168.191.2 - - [22/Jun/2018:11:20:38 +0800] "GET /api/goods_detail.php?goods_id=2 HTTP/1.1" 200 1017
192.168.191.2 - - [22/Jun/2018:11:20:41 +0800] "POST /api/add_shop_cart_count.php HTTP/1.1" 200 140
127.0.0.1 - - [22/Jun/2018:11:21:54 +0800] "GET /data/index_data.json HTTP/1.0" 200 2370
192.168.191.2 - - [22/Jun/2018:11:21:54 +0800] "GET /api/index.php HTTP/1.1" 200 2370
127.0.0.1 - - [22/Jun/2018:11:21:58 +0800] "GET /data/goods_detail_data_2.json HTTP/1.0" 200 1017
192.168.191.2 - - [22/Jun/2018:11:21:58 +0800] "GET /api/goods_detail.php?goods_id=2 HTTP/1.1" 200 1017
127.0.0.1 - - [22/Jun/2018:11:22:00 +0800] "GET /data/add_shop_data.json HTTP/1.0" 200 48
192.168.191.2 - - [22/Jun/2018:11:22:00 +0800] "POST /api/add_shop_cart_count.php HTTP/1.1" 200 107
127.0.0.1 - - [22/Jun/2018:11:23:29 +0800] "GET /data/index_data.json HTTP/1.0" 200 2370
192.168.191.2 - - [22/Jun/2018:11:23:29 +0800] "GET /api/index.php HTTP/1.1" 200 2370
127.0.0.1 - - [22/Jun/2018:11:23:30 +0800] "GET /data/sort_content_data.json HTTP/1.0" 200 134
192.168.191.2 - - [22/Jun/2018:11:23:30 +0800] "GET /api/sort_content_list.php?contentId=1 HTTP/1.1" 200 134
127.0.0.1 - - [22/Jun/2018:11:23:30 +0800] "GET /data/sort_list_data.json HTTP/1.0" 200 136
192.168.191.2 - - [22/Jun/2018:11:23:30 +0800] "GET /api/sort_list.php?contentId=1 HTTP/1.1" 200 136
127.0.0.1 - - [22/Jun/2018:11:23:32 +0800] "GET /data/goods_detail_data_2.json HTTP/1.0" 200 1017
192.168.191.2 - - [22/Jun/2018:11:23:32 +0800] "GET /api/goods_detail.php?contentId=1&goods_id=2 HTTP/1.1" 200 1017
127.0.0.1 - - [22/Jun/2018:11:23:35 +0800] "GET /data/add_shop_data.json HTTP/1.0" 200 48
192.168.191.2 - - [22/Jun/2018:11:23:35 +0800] "POST /api/add_shop_cart_count.php HTTP/1.1" 200 48
127.0.0.1 - - [22/Jun/2018:11:23:41 +0800] "GET /data/shop_cart_data.json HTTP/1.0" 200 484
192.168.191.2 - - [22/Jun/2018:11:23:41 +0800] "GET /api/shop_cart.php?contentId=1&userId=5b2af6aba2eee&goods_id=2&count=0 HTTP/1.1" 200 484
127.0.0.1 - - [22/Jun/2018:11:24:24 +0800] "GET /data/goods_detail_data_2.json HTTP/1.0" 200 1017
192.168.191.2 - - [22/Jun/2018:11:24:24 +0800] "GET /api/goods_detail.php?contentId=1&userId=5b2af6aba2eee&goods_id=2&count=0 HTTP/1.1" 200 1017
127.0.0.1 - - [22/Jun/2018:11:24:27 +0800] "GET /data/add_shop_data.json HTTP/1.0" 200 48
192.168.191.2 - - [22/Jun/2018:11:24:27 +0800] "POST /api/add_shop_cart_count.php HTTP/1.1" 200 48
127.0.0.1 - - [22/Jun/2018:11:28:49 +0800] "GET /data/index_data.json HTTP/1.0" 200 2370
192.168.191.2 - - [22/Jun/2018:11:28:49 +0800] "GET /api/index.php HTTP/1.1" 200 2370
127.0.0.1 - - [22/Jun/2018:11:28:59 +0800] "GET /data/goods_detail_data_2.json HTTP/1.0" 200 1017
192.168.191.2 - - [22/Jun/2018:11:28:59 +0800] "GET /api/goods_detail.php?goods_id=2 HTTP/1.1" 200 1017
192.168.191.2 - - [22/Jun/2018:11:29:02 +0800] "POST /api/add_shop_cart_count.php HTTP/1.1" 200 138
127.0.0.1 - - [22/Jun/2018:11:29:29 +0800] "GET /data/index_data.json HTTP/1.0" 200 2370
192.168.191.2 - - [22/Jun/2018:11:29:29 +0800] "GET /api/index.php HTTP/1.1" 200 2370
127.0.0.1 - - [22/Jun/2018:11:29:30 +0800] "GET /data/goods_detail_data_2.json HTTP/1.0" 200 1017
192.168.191.2 - - [22/Jun/2018:11:29:30 +0800] "GET /api/goods_detail.php?goods_id=2 HTTP/1.1" 200 1017
127.0.0.1 - - [22/Jun/2018:11:29:33 +0800] "GET /data/add_shop_data.json HTTP/1.0" 200 48
192.168.191.2 - - [22/Jun/2018:11:29:33 +0800] "POST /api/add_shop_cart_count.php HTTP/1.1" 200 48
127.0.0.1 - - [22/Jun/2018:11:29:40 +0800] "GET /data/shop_cart_data.json HTTP/1.0" 200 258
192.168.191.2 - - [22/Jun/2018:11:29:40 +0800] "GET /api/shop_cart.php?userId=5b2af6aba2eee&goods_id=2&count=0 HTTP/1.1" 200 258
192.168.191.2 - - [22/Jun/2018:11:29:50 +0800] "POST /api/shop_cart_count.php HTTP/1.1" 200 -
127.0.0.1 - - [22/Jun/2018:11:29:56 +0800] "GET /data/sort_content_data.json HTTP/1.0" 200 134
192.168.191.2 - - [22/Jun/2018:11:29:56 +0800] "GET /api/sort_content_list.php?contentId=1&userId=5b2af6aba2eee&goods_id=2&count=0 HTTP/1.1" 200 134
127.0.0.1 - - [22/Jun/2018:11:29:56 +0800] "GET /data/sort_list_data.json HTTP/1.0" 200 136
192.168.191.2 - - [22/Jun/2018:11:29:56 +0800] "GET /api/sort_list.php?contentId=1&userId=5b2af6aba2eee&goods_id=2&count=0 HTTP/1.1" 200 136
127.0.0.1 - - [22/Jun/2018:11:30:01 +0800] "GET /data/goods_detail_data_2.json HTTP/1.0" 200 1017
192.168.191.2 - - [22/Jun/2018:11:30:01 +0800] "GET /api/goods_detail.php?contentId=1&userId=5b2af6aba2eee&goods_id=2&count=0 HTTP/1.1" 200 1017
127.0.0.1 - - [22/Jun/2018:11:30:04 +0800] "GET /data/add_shop_data.json HTTP/1.0" 200 48
192.168.191.2 - - [22/Jun/2018:11:30:04 +0800] "POST /api/add_shop_cart_count.php HTTP/1.1" 200 48
127.0.0.1 - - [22/Jun/2018:11:30:06 +0800] "GET /data/add_shop_data.json HTTP/1.0" 200 48
192.168.191.2 - - [22/Jun/2018:11:30:06 +0800] "POST /api/add_shop_cart_count.php HTTP/1.1" 200 48
127.0.0.1 - - [22/Jun/2018:11:30:17 +0800] "GET /data/index_data.json HTTP/1.0" 200 2370
192.168.191.2 - - [22/Jun/2018:11:30:17 +0800] "GET /api/index.php HTTP/1.1" 200 2370
127.0.0.1 - - [22/Jun/2018:11:30:18 +0800] "GET /data/shop_cart_data.json HTTP/1.0" 200 258
192.168.191.2 - - [22/Jun/2018:11:30:18 +0800] "GET /api/shop_cart.php?userId=5b2af6aba2eee HTTP/1.1" 200 258
127.0.0.1 - - [22/Jun/2018:11:30:54 +0800] "GET /data/goods_detail_data_2.json HTTP/1.0" 200 1017
192.168.191.2 - - [22/Jun/2018:11:30:54 +0800] "GET /api/goods_detail.php?goods_id=2&userId=5b2af6aba2eee HTTP/1.1" 200 1017
127.0.0.1 - - [22/Jun/2018:11:30:57 +0800] "GET /data/add_shop_data.json HTTP/1.0" 200 48
192.168.191.2 - - [22/Jun/2018:11:30:57 +0800] "POST /api/add_shop_cart_count.php HTTP/1.1" 200 48
127.0.0.1 - - [22/Jun/2018:11:30:57 +0800] "GET /data/add_shop_data.json HTTP/1.0" 200 48
192.168.191.2 - - [22/Jun/2018:11:30:57 +0800] "POST /api/add_shop_cart_count.php HTTP/1.1" 200 48
127.0.0.1 - - [22/Jun/2018:11:30:57 +0800] "GET /data/add_shop_data.json HTTP/1.0" 200 48
192.168.191.2 - - [22/Jun/2018:11:30:57 +0800] "POST /api/add_shop_cart_count.php HTTP/1.1" 200 48
127.0.0.1 - - [22/Jun/2018:11:30:57 +0800] "GET /data/add_shop_data.json HTTP/1.0" 200 48
192.168.191.2 - - [22/Jun/2018:11:30:57 +0800] "POST /api/add_shop_cart_count.php HTTP/1.1" 200 48
127.0.0.1 - - [22/Jun/2018:11:30:57 +0800] "GET /data/add_shop_data.json HTTP/1.0" 200 48
192.168.191.2 - - [22/Jun/2018:11:30:57 +0800] "POST /api/add_shop_cart_count.php HTTP/1.1" 200 48
127.0.0.1 - - [22/Jun/2018:11:30:57 +0800] "GET /data/add_shop_data.json HTTP/1.0" 200 48
192.168.191.2 - - [22/Jun/2018:11:30:57 +0800] "POST /api/add_shop_cart_count.php HTTP/1.1" 200 48
127.0.0.1 - - [22/Jun/2018:11:30:58 +0800] "GET /data/add_shop_data.json HTTP/1.0" 200 48
192.168.191.2 - - [22/Jun/2018:11:30:58 +0800] "POST /api/add_shop_cart_count.php HTTP/1.1" 200 48
127.0.0.1 - - [22/Jun/2018:11:30:58 +0800] "GET /data/add_shop_data.json HTTP/1.0" 200 48
192.168.191.2 - - [22/Jun/2018:11:30:58 +0800] "POST /api/add_shop_cart_count.php HTTP/1.1" 200 48
127.0.0.1 - - [22/Jun/2018:11:30:58 +0800] "GET /data/add_shop_data.json HTTP/1.0" 200 48
192.168.191.2 - - [22/Jun/2018:11:30:58 +0800] "POST /api/add_shop_cart_count.php HTTP/1.1" 200 48
127.0.0.1 - - [22/Jun/2018:11:30:58 +0800] "GET /data/add_shop_data.json HTTP/1.0" 200 48
192.168.191.2 - - [22/Jun/2018:11:30:58 +0800] "POST /api/add_shop_cart_count.php HTTP/1.1" 200 48
127.0.0.1 - - [22/Jun/2018:11:30:58 +0800] "GET /data/add_shop_data.json HTTP/1.0" 200 48
192.168.191.2 - - [22/Jun/2018:11:30:58 +0800] "POST /api/add_shop_cart_count.php HTTP/1.1" 200 48
127.0.0.1 - - [22/Jun/2018:11:30:58 +0800] "GET /data/add_shop_data.json HTTP/1.0" 200 48
192.168.191.2 - - [22/Jun/2018:11:30:58 +0800] "POST /api/add_shop_cart_count.php HTTP/1.1" 200 48
127.0.0.1 - - [22/Jun/2018:11:30:59 +0800] "GET /data/add_shop_data.json HTTP/1.0" 200 48
192.168.191.2 - - [22/Jun/2018:11:30:59 +0800] "POST /api/add_shop_cart_count.php HTTP/1.1" 200 48
127.0.0.1 - - [22/Jun/2018:11:30:59 +0800] "GET /data/add_shop_data.json HTTP/1.0" 200 48
192.168.191.2 - - [22/Jun/2018:11:30:59 +0800] "POST /api/add_shop_cart_count.php HTTP/1.1" 200 48
127.0.0.1 - - [22/Jun/2018:11:30:59 +0800] "GET /data/add_shop_data.json HTTP/1.0" 200 48
192.168.191.2 - - [22/Jun/2018:11:30:59 +0800] "POST /api/add_shop_cart_count.php HTTP/1.1" 200 48
127.0.0.1 - - [22/Jun/2018:11:30:59 +0800] "GET /data/add_shop_data.json HTTP/1.0" 200 48
192.168.191.2 - - [22/Jun/2018:11:30:59 +0800] "POST /api/add_shop_cart_count.php HTTP/1.1" 200 48
127.0.0.1 - - [22/Jun/2018:11:30:59 +0800] "GET /data/add_shop_data.json HTTP/1.0" 200 48
192.168.191.2 - - [22/Jun/2018:11:30:59 +0800] "POST /api/add_shop_cart_count.php HTTP/1.1" 200 48
127.0.0.1 - - [22/Jun/2018:11:30:59 +0800] "GET /data/add_shop_data.json HTTP/1.0" 200 48
192.168.191.2 - - [22/Jun/2018:11:30:59 +0800] "POST /api/add_shop_cart_count.php HTTP/1.1" 200 48
192.168.191.2 - - [22/Jun/2018:11:31:19 +0800] "POST /api/shop_cart_count.php HTTP/1.1" 200 -
127.0.0.1 - - [22/Jun/2018:11:31:34 +0800] "GET /data/index_data.json HTTP/1.0" 200 2370
192.168.191.2 - - [22/Jun/2018:11:31:34 +0800] "GET /api/index.php HTTP/1.1" 200 2370
127.0.0.1 - - [22/Jun/2018:11:31:35 +0800] "GET /data/shop_cart_data.json HTTP/1.0" 200 259
192.168.191.2 - - [22/Jun/2018:11:31:35 +0800] "GET /api/shop_cart.php?userId=5b2af6aba2eee HTTP/1.1" 200 259
127.0.0.1 - - [22/Jun/2018:11:32:05 +0800] "GET /data/sort_content_data.json HTTP/1.0" 200 134
192.168.191.2 - - [22/Jun/2018:11:32:05 +0800] "GET /api/sort_content_list.php?contentId=1&userId=5b2af6aba2eee HTTP/1.1" 200 134
127.0.0.1 - - [22/Jun/2018:11:32:05 +0800] "GET /data/sort_list_data.json HTTP/1.0" 200 136
192.168.191.2 - - [22/Jun/2018:11:32:05 +0800] "GET /api/sort_list.php?contentId=1&userId=5b2af6aba2eee HTTP/1.1" 200 136
192.168.191.2 - - [22/Jun/2018:11:32:10 +0800] "GET /find/faxian.html HTTP/1.1" 200 242807
192.168.191.2 - - [22/Jun/2018:11:32:10 +0800] "GET /find/img/article-author-pic1.webp HTTP/1.1" 404 231
192.168.191.2 - - [22/Jun/2018:11:32:10 +0800] "GET /find/img/article-author-pic2.webp HTTP/1.1" 404 231
192.168.191.2 - - [22/Jun/2018:11:32:11 +0800] "GET /find/img/article-author-pic3.webp HTTP/1.1" 404 231
192.168.191.2 - - [22/Jun/2018:11:32:11 +0800] "GET /favicon.ico HTTP/1.1" 404 209
127.0.0.1 - - [22/Jun/2018:11:33:06 +0800] "GET /data/index_data.json HTTP/1.0" 200 2370
192.168.191.2 - - [22/Jun/2018:11:33:06 +0800] "GET /api/index.php HTTP/1.1" 200 2370
127.0.0.1 - - [22/Jun/2018:11:33:09 +0800] "GET /data/goods_detail_data_2.json HTTP/1.0" 200 1017
192.168.191.2 - - [22/Jun/2018:11:33:09 +0800] "GET /api/goods_detail.php?goods_id=2 HTTP/1.1" 200 1017
127.0.0.1 - - [22/Jun/2018:11:33:12 +0800] "GET /data/add_shop_data.json HTTP/1.0" 200 48
192.168.191.2 - - [22/Jun/2018:11:33:12 +0800] "POST /api/add_shop_cart_count.php HTTP/1.1" 200 48
127.0.0.1 - - [22/Jun/2018:11:33:15 +0800] "GET /data/shop_cart_data.json HTTP/1.0" 200 258
192.168.191.2 - - [22/Jun/2018:11:33:15 +0800] "GET /api/shop_cart.php?userId=5b2af6aba2eee&goods_id=2&count=0 HTTP/1.1" 200 258
127.0.0.1 - - [22/Jun/2018:11:33:57 +0800] "GET /data/index_data.json HTTP/1.0" 200 2370
192.168.191.2 - - [22/Jun/2018:11:33:57 +0800] "GET /api/index.php HTTP/1.1" 200 2370
127.0.0.1 - - [22/Jun/2018:11:33:59 +0800] "GET /data/goods_detail_data_2.json HTTP/1.0" 200 1017
192.168.191.2 - - [22/Jun/2018:11:33:59 +0800] "GET /api/goods_detail.php?goods_id=2 HTTP/1.1" 200 1017
127.0.0.1 - - [22/Jun/2018:11:34:04 +0800] "GET /data/add_shop_data.json HTTP/1.0" 200 48
192.168.191.2 - - [22/Jun/2018:11:34:04 +0800] "POST /api/add_shop_cart_count.php HTTP/1.1" 200 48
127.0.0.1 - - [22/Jun/2018:11:34:10 +0800] "GET /data/shop_cart_data.json HTTP/1.0" 200 258
192.168.191.2 - - [22/Jun/2018:11:34:10 +0800] "GET /api/shop_cart.php?userId=5b2af6aba2eee&goods_id=2&count=0 HTTP/1.1" 200 258
127.0.0.1 - - [22/Jun/2018:11:34:21 +0800] "GET /data/index_data.json HTTP/1.0" 200 2370
192.168.191.2 - - [22/Jun/2018:11:34:21 +0800] "GET /api/index.php HTTP/1.1" 200 2370
127.0.0.1 - - [22/Jun/2018:11:34:22 +0800] "GET /data/goods_detail_data_2.json HTTP/1.0" 200 1017
192.168.191.2 - - [22/Jun/2018:11:34:22 +0800] "GET /api/goods_detail.php?goods_id=2 HTTP/1.1" 200 1017
127.0.0.1 - - [22/Jun/2018:11:34:25 +0800] "GET /data/add_shop_data.json HTTP/1.0" 200 48
192.168.191.2 - - [22/Jun/2018:11:34:25 +0800] "POST /api/add_shop_cart_count.php HTTP/1.1" 200 48
127.0.0.1 - - [22/Jun/2018:11:34:26 +0800] "GET /data/add_shop_data.json HTTP/1.0" 200 48
192.168.191.2 - - [22/Jun/2018:11:34:26 +0800] "POST /api/add_shop_cart_count.php HTTP/1.1" 200 48
127.0.0.1 - - [22/Jun/2018:11:34:28 +0800] "GET /data/shop_cart_data.json HTTP/1.0" 200 258
192.168.191.2 - - [22/Jun/2018:11:34:28 +0800] "GET /api/shop_cart.php?userId=5b2af6aba2eee&goods_id=2&count=1 HTTP/1.1" 200 258
192.168.191.2 - - [22/Jun/2018:11:34:41 +0800] "GET /find/faxian.html HTTP/1.1" 200 242807
192.168.191.2 - - [22/Jun/2018:11:34:42 +0800] "GET /find/img/article-author-pic2.webp HTTP/1.1" 404 231
192.168.191.2 - - [22/Jun/2018:11:34:42 +0800] "GET /find/img/article-author-pic1.webp HTTP/1.1" 404 231
192.168.191.2 - - [22/Jun/2018:11:34:42 +0800] "GET /find/img/article-author-pic3.webp HTTP/1.1" 404 231
192.168.191.2 - - [22/Jun/2018:11:34:42 +0800] "GET /favicon.ico HTTP/1.1" 404 209
127.0.0.1 - - [22/Jun/2018:11:34:47 +0800] "GET /data/sort_content_data.json HTTP/1.0" 200 134
192.168.191.2 - - [22/Jun/2018:11:34:47 +0800] "GET /api/sort_content_list.php?contentId=1&userId=5b2af6aba2eee&goods_id=2&count=1 HTTP/1.1" 200 134
127.0.0.1 - - [22/Jun/2018:11:34:47 +0800] "GET /data/sort_list_data.json HTTP/1.0" 200 136
192.168.191.2 - - [22/Jun/2018:11:34:47 +0800] "GET /api/sort_list.php?contentId=1&userId=5b2af6aba2eee&goods_id=2&count=1 HTTP/1.1" 200 136
127.0.0.1 - - [22/Jun/2018:11:34:51 +0800] "GET /data/goods_detail_data_2.json HTTP/1.0" 200 1017
192.168.191.2 - - [22/Jun/2018:11:34:51 +0800] "GET /api/goods_detail.php?contentId=1&userId=5b2af6aba2eee&goods_id=2&count=1 HTTP/1.1" 200 1017
127.0.0.1 - - [22/Jun/2018:11:34:54 +0800] "GET /data/add_shop_data.json HTTP/1.0" 200 48
192.168.191.2 - - [22/Jun/2018:11:34:54 +0800] "POST /api/add_shop_cart_count.php HTTP/1.1" 200 48
127.0.0.1 - - [22/Jun/2018:11:34:54 +0800] "GET /data/add_shop_data.json HTTP/1.0" 200 48
192.168.191.2 - - [22/Jun/2018:11:34:54 +0800] "POST /api/add_shop_cart_count.php HTTP/1.1" 200 48
127.0.0.1 - - [22/Jun/2018:11:34:54 +0800] "GET /data/add_shop_data.json HTTP/1.0" 200 48
192.168.191.2 - - [22/Jun/2018:11:34:54 +0800] "POST /api/add_shop_cart_count.php HTTP/1.1" 200 48
127.0.0.1 - - [22/Jun/2018:11:35:40 +0800] "GET /data/index_data.json HTTP/1.0" 200 2370
192.168.191.2 - - [22/Jun/2018:11:35:40 +0800] "GET /api/index.php HTTP/1.1" 200 2370
127.0.0.1 - - [22/Jun/2018:11:35:44 +0800] "GET /data/goods_detail_data_2.json HTTP/1.0" 200 1017
192.168.191.2 - - [22/Jun/2018:11:35:44 +0800] "GET /api/goods_detail.php?goods_id=2 HTTP/1.1" 200 1017
127.0.0.1 - - [22/Jun/2018:11:37:00 +0800] "GET /data/goods_detail_data_2.json HTTP/1.0" 200 1017
192.168.191.2 - - [22/Jun/2018:11:37:00 +0800] "GET /api/goods_detail.php?goods_id=2 HTTP/1.1" 200 1017
127.0.0.1 - - [22/Jun/2018:11:39:46 +0800] "GET /data/index_data.json HTTP/1.0" 200 2370
192.168.191.2 - - [22/Jun/2018:11:39:46 +0800] "GET /api/index.php HTTP/1.1" 200 2370
127.0.0.1 - - [22/Jun/2018:11:39:48 +0800] "GET /data/goods_detail_data_2.json HTTP/1.0" 200 1017
192.168.191.2 - - [22/Jun/2018:11:39:48 +0800] "GET /api/goods_detail.php?goods_id=2 HTTP/1.1" 200 1017
127.0.0.1 - - [22/Jun/2018:11:39:50 +0800] "GET /data/add_shop_data.json HTTP/1.0" 200 48
192.168.191.2 - - [22/Jun/2018:11:39:50 +0800] "POST /api/add_shop_cart_count.php HTTP/1.1" 200 48
127.0.0.1 - - [22/Jun/2018:11:39:54 +0800] "GET /data/shop_cart_data.json HTTP/1.0" 200 258
192.168.191.2 - - [22/Jun/2018:11:39:54 +0800] "GET /api/shop_cart.php?userId=5b2af6aba2eee&goods_id=2&count=0 HTTP/1.1" 200 258
127.0.0.1 - - [22/Jun/2018:11:41:55 +0800] "GET /data/index_data.json HTTP/1.0" 200 2370
192.168.191.2 - - [22/Jun/2018:11:41:55 +0800] "GET /api/index.php HTTP/1.1" 200 2370
127.0.0.1 - - [22/Jun/2018:11:41:56 +0800] "GET /data/goods_detail_data_2.json HTTP/1.0" 200 1017
192.168.191.2 - - [22/Jun/2018:11:41:56 +0800] "GET /api/goods_detail.php?goods_id=2 HTTP/1.1" 200 1017
127.0.0.1 - - [22/Jun/2018:11:42:05 +0800] "GET /data/add_shop_data.json HTTP/1.0" 200 48
192.168.191.2 - - [22/Jun/2018:11:42:05 +0800] "POST /api/add_shop_cart_count.php HTTP/1.1" 200 48
127.0.0.1 - - [22/Jun/2018:11:42:07 +0800] "GET /data/shop_cart_data.json HTTP/1.0" 200 258
192.168.191.2 - - [22/Jun/2018:11:42:07 +0800] "GET /api/shop_cart.php?userId=5b2af6aba2eee&goods_id=2&count=0 HTTP/1.1" 200 258
127.0.0.1 - - [22/Jun/2018:11:43:47 +0800] "GET /data/index_data.json HTTP/1.0" 200 2370
192.168.191.2 - - [22/Jun/2018:11:43:47 +0800] "GET /api/index.php HTTP/1.1" 200 2370
127.0.0.1 - - [22/Jun/2018:11:43:49 +0800] "GET /data/goods_detail_data_2.json HTTP/1.0" 200 1017
192.168.191.2 - - [22/Jun/2018:11:43:49 +0800] "GET /api/goods_detail.php?goods_id=2 HTTP/1.1" 200 1017
127.0.0.1 - - [22/Jun/2018:11:43:52 +0800] "GET /data/add_shop_data.json HTTP/1.0" 200 48
192.168.191.2 - - [22/Jun/2018:11:43:51 +0800] "POST /api/add_shop_cart_count.php HTTP/1.1" 200 48
127.0.0.1 - - [22/Jun/2018:11:43:54 +0800] "GET /data/shop_cart_data.json HTTP/1.0" 200 258
192.168.191.2 - - [22/Jun/2018:11:43:54 +0800] "GET /api/shop_cart.php?userId=5b2af6aba2eee&goods_id=2&count=0 HTTP/1.1" 200 258
127.0.0.1 - - [22/Jun/2018:11:45:34 +0800] "GET /data/index_data.json HTTP/1.0" 200 2370
192.168.191.2 - - [22/Jun/2018:11:45:34 +0800] "GET /api/index.php HTTP/1.1" 200 2370
127.0.0.1 - - [22/Jun/2018:11:45:35 +0800] "GET /data/goods_detail_data_2.json HTTP/1.0" 200 1017
192.168.191.2 - - [22/Jun/2018:11:45:35 +0800] "GET /api/goods_detail.php?goods_id=2 HTTP/1.1" 200 1017
127.0.0.1 - - [22/Jun/2018:11:45:38 +0800] "GET /data/add_shop_data.json HTTP/1.0" 200 48
192.168.191.2 - - [22/Jun/2018:11:45:38 +0800] "POST /api/add_shop_cart_count.php HTTP/1.1" 200 48
127.0.0.1 - - [22/Jun/2018:11:45:40 +0800] "GET /data/shop_cart_data.json HTTP/1.0" 200 258
192.168.191.2 - - [22/Jun/2018:11:45:40 +0800] "GET /api/shop_cart.php?userId=5b2af6aba2eee&goods_id=2&count=0 HTTP/1.1" 200 258
127.0.0.1 - - [22/Jun/2018:11:47:08 +0800] "GET /data/index_data.json HTTP/1.0" 200 2370
192.168.191.2 - - [22/Jun/2018:11:47:08 +0800] "GET /api/index.php HTTP/1.1" 200 2370
127.0.0.1 - - [22/Jun/2018:11:47:09 +0800] "GET /data/goods_detail_data_2.json HTTP/1.0" 200 1017
192.168.191.2 - - [22/Jun/2018:11:47:09 +0800] "GET /api/goods_detail.php?goods_id=2 HTTP/1.1" 200 1017
127.0.0.1 - - [22/Jun/2018:11:47:13 +0800] "GET /data/add_shop_data.json HTTP/1.0" 200 48
192.168.191.2 - - [22/Jun/2018:11:47:13 +0800] "POST /api/add_shop_cart_count.php HTTP/1.1" 200 48
127.0.0.1 - - [22/Jun/2018:11:47:17 +0800] "GET /data/shop_cart_data.json HTTP/1.0" 200 258
192.168.191.2 - - [22/Jun/2018:11:47:17 +0800] "GET /api/shop_cart.php?userId=5b2af6aba2eee&goods_id=2&count=1 HTTP/1.1" 200 258
127.0.0.1 - - [22/Jun/2018:11:49:06 +0800] "GET /data/index_data.json HTTP/1.0" 200 2370
192.168.191.2 - - [22/Jun/2018:11:49:06 +0800] "GET /api/index.php HTTP/1.1" 200 2370
127.0.0.1 - - [22/Jun/2018:11:49:08 +0800] "GET /data/goods_detail_data_2.json HTTP/1.0" 200 1017
192.168.191.2 - - [22/Jun/2018:11:49:08 +0800] "GET /api/goods_detail.php?goods_id=2 HTTP/1.1" 200 1017
127.0.0.1 - - [22/Jun/2018:11:49:21 +0800] "GET /data/add_shop_data.json HTTP/1.0" 200 48
192.168.191.2 - - [22/Jun/2018:11:49:21 +0800] "POST /api/add_shop_cart_count.php HTTP/1.1" 200 48
127.0.0.1 - - [22/Jun/2018:11:49:25 +0800] "GET /data/shop_cart_data.json HTTP/1.0" 200 258
192.168.191.2 - - [22/Jun/2018:11:49:25 +0800] "GET /api/shop_cart.php?userId=5b2af6aba2eee&goods_id=2&count=0 HTTP/1.1" 200 258
127.0.0.1 - - [22/Jun/2018:11:49:47 +0800] "GET /data/index_data.json HTTP/1.0" 200 2370
192.168.191.2 - - [22/Jun/2018:11:49:47 +0800] "GET /api/index.php HTTP/1.1" 200 2370
127.0.0.1 - - [22/Jun/2018:11:49:49 +0800] "GET /data/goods_detail_data_2.json HTTP/1.0" 200 1017
192.168.191.2 - - [22/Jun/2018:11:49:49 +0800] "GET /api/goods_detail.php?goods_id=2 HTTP/1.1" 200 1017
127.0.0.1 - - [22/Jun/2018:11:49:52 +0800] "GET /data/add_shop_data.json HTTP/1.0" 200 48
192.168.191.2 - - [22/Jun/2018:11:49:52 +0800] "POST /api/add_shop_cart_count.php HTTP/1.1" 200 48
127.0.0.1 - - [22/Jun/2018:11:49:54 +0800] "GET /data/add_shop_data.json HTTP/1.0" 200 48
192.168.191.2 - - [22/Jun/2018:11:49:54 +0800] "POST /api/add_shop_cart_count.php HTTP/1.1" 200 48
127.0.0.1 - - [22/Jun/2018:11:49:56 +0800] "GET /data/shop_cart_data.json HTTP/1.0" 200 258
192.168.191.2 - - [22/Jun/2018:11:49:56 +0800] "GET /api/shop_cart.php?userId=5b2af6aba2eee&goods_id=2&count=1 HTTP/1.1" 200 258
127.0.0.1 - - [22/Jun/2018:11:50:11 +0800] "GET /data/index_data.json HTTP/1.0" 200 2370
192.168.191.2 - - [22/Jun/2018:11:50:11 +0800] "GET /api/index.php?userId=5b2af6aba2eee&goods_id=2&count=1 HTTP/1.1" 200 2370
127.0.0.1 - - [22/Jun/2018:11:50:13 +0800] "GET /data/sort_content_data.json HTTP/1.0" 200 134
192.168.191.2 - - [22/Jun/2018:11:50:13 +0800] "GET /api/sort_content_list.php?contentId=1&userId=5b2af6aba2eee&goods_id=2&count=1 HTTP/1.1" 200 134
127.0.0.1 - - [22/Jun/2018:11:50:13 +0800] "GET /data/sort_list_data.json HTTP/1.0" 200 136
192.168.191.2 - - [22/Jun/2018:11:50:13 +0800] "GET /api/sort_list.php?contentId=1&userId=5b2af6aba2eee&goods_id=2&count=1 HTTP/1.1" 200 136
127.0.0.1 - - [22/Jun/2018:11:50:15 +0800] "GET /data/shop_cart_data.json HTTP/1.0" 200 258
192.168.191.2 - - [22/Jun/2018:11:50:15 +0800] "GET /api/shop_cart.php?contentId=1&userId=5b2af6aba2eee&goods_id=2&count=1 HTTP/1.1" 200 258
127.0.0.1 - - [22/Jun/2018:11:51:11 +0800] "GET /data/sort_content_data.json HTTP/1.0" 200 134
192.168.191.2 - - [22/Jun/2018:11:51:11 +0800] "GET /api/sort_content_list.php?contentId=1&userId=5b2af6aba2eee&goods_id=2&count=1 HTTP/1.1" 200 134
127.0.0.1 - - [22/Jun/2018:11:51:12 +0800] "GET /data/sort_content_data.json HTTP/1.0" 200 363
192.168.191.2 - - [22/Jun/2018:11:51:12 +0800] "GET /api/sort_content_list.php?contentId=0&userId=5b2af6aba2eee&goods_id=2&count=1 HTTP/1.1" 200 363
127.0.0.1 - - [22/Jun/2018:11:51:15 +0800] "GET /data/sort_content_data.json HTTP/1.0" 200 134
192.168.191.2 - - [22/Jun/2018:11:51:15 +0800] "GET /api/sort_content_list.php?contentId=1&userId=5b2af6aba2eee&goods_id=2&count=1 HTTP/1.1" 200 134
127.0.0.1 - - [22/Jun/2018:11:51:15 +0800] "GET /data/sort_content_data.json HTTP/1.0" 200 139
192.168.191.2 - - [22/Jun/2018:11:51:15 +0800] "GET /api/sort_content_list.php?contentId=3&userId=5b2af6aba2eee&goods_id=2&count=1 HTTP/1.1" 200 139
127.0.0.1 - - [22/Jun/2018:11:51:15 +0800] "GET /data/sort_content_data.json HTTP/1.0" 200 140
192.168.191.2 - - [22/Jun/2018:11:51:15 +0800] "GET /api/sort_content_list.php?contentId=4&userId=5b2af6aba2eee&goods_id=2&count=1 HTTP/1.1" 200 140
192.168.191.2 - - [22/Jun/2018:11:51:18 +0800] "GET /find/faxian.html HTTP/1.1" 200 242807
192.168.191.2 - - [22/Jun/2018:11:51:18 +0800] "GET /find/img/article-author-pic2.webp HTTP/1.1" 404 231
192.168.191.2 - - [22/Jun/2018:11:51:18 +0800] "GET /find/img/article-author-pic1.webp HTTP/1.1" 404 231
192.168.191.2 - - [22/Jun/2018:11:51:18 +0800] "GET /find/img/article-author-pic3.webp HTTP/1.1" 404 231
192.168.191.2 - - [22/Jun/2018:11:51:18 +0800] "GET /favicon.ico HTTP/1.1" 404 209
127.0.0.1 - - [22/Jun/2018:12:59:51 +0800] "GET /data/index_data.json HTTP/1.0" 200 2370
192.168.191.2 - - [22/Jun/2018:12:59:51 +0800] "GET /api/index.php HTTP/1.1" 200 2370
127.0.0.1 - - [22/Jun/2018:12:59:55 +0800] "GET /data/sort_content_data.json HTTP/1.0" 200 134
192.168.191.2 - - [22/Jun/2018:12:59:55 +0800] "GET /api/sort_content_list.php?contentId=1 HTTP/1.1" 200 134
127.0.0.1 - - [22/Jun/2018:12:59:55 +0800] "GET /data/sort_list_data.json HTTP/1.0" 200 136
192.168.191.2 - - [22/Jun/2018:12:59:55 +0800] "GET /api/sort_list.php?contentId=1 HTTP/1.1" 200 136
127.0.0.1 - - [22/Jun/2018:12:59:57 +0800] "GET /data/shop_cart_data.json HTTP/1.0" 200 258
192.168.191.2 - - [22/Jun/2018:12:59:57 +0800] "GET /api/shop_cart.php?contentId=1&userId=5b2af6aba2eee HTTP/1.1" 200 258
192.168.191.2 - - [22/Jun/2018:13:00:00 +0800] "POST /api/shop_cart_count.php HTTP/1.1" 200 301
192.168.191.2 - - [22/Jun/2018:13:00:23 +0800] "POST /api/shop_cart_count.php HTTP/1.1" 200 301
192.168.191.2 - - [22/Jun/2018:13:00:29 +0800] "POST /api/shop_cart_count.php HTTP/1.1" 200 301
127.0.0.1 - - [22/Jun/2018:13:12:01 +0800] "GET /data/index_data.json HTTP/1.0" 200 2370
192.168.191.2 - - [22/Jun/2018:13:12:01 +0800] "GET /api/index.php HTTP/1.1" 200 2370
127.0.0.1 - - [22/Jun/2018:13:12:02 +0800] "GET /data/shop_cart_data.json HTTP/1.0" 200 258
192.168.191.2 - - [22/Jun/2018:13:12:02 +0800] "GET /api/shop_cart.php?userId=5b2af6aba2eee HTTP/1.1" 200 258
192.168.191.2 - - [22/Jun/2018:13:12:05 +0800] "POST /api/shop_cart_count.php HTTP/1.1" 200 301
192.168.191.2 - - [22/Jun/2018:13:12:06 +0800] "POST /api/shop_cart_count.php HTTP/1.1" 200 301
192.168.191.2 - - [22/Jun/2018:13:12:14 +0800] "POST /api/shop_cart_count.php HTTP/1.1" 200 301
192.168.191.2 - - [22/Jun/2018:13:12:16 +0800] "POST /api/shop_cart_count.php HTTP/1.1" 200 301
192.168.191.2 - - [22/Jun/2018:13:12:21 +0800] "POST /api/shop_cart_count.php HTTP/1.1" 200 301
192.168.191.2 - - [22/Jun/2018:13:12:23 +0800] "POST /api/shop_cart_count.php HTTP/1.1" 200 301
127.0.0.1 - - [22/Jun/2018:13:15:21 +0800] "GET /data/index_data.json HTTP/1.0" 200 2370
192.168.191.2 - - [22/Jun/2018:13:15:21 +0800] "GET /api/index.php HTTP/1.1" 200 2370
127.0.0.1 - - [22/Jun/2018:13:15:22 +0800] "GET /data/shop_cart_data.json HTTP/1.0" 200 258
192.168.191.2 - - [22/Jun/2018:13:15:22 +0800] "GET /api/shop_cart.php?userId=5b2af6aba2eee HTTP/1.1" 200 258
192.168.191.2 - - [22/Jun/2018:13:15:30 +0800] "POST /api/shop_cart_count.php HTTP/1.1" 200 301
192.168.191.2 - - [22/Jun/2018:13:15:39 +0800] "POST /api/shop_cart_count.php HTTP/1.1" 200 301
192.168.191.2 - - [22/Jun/2018:13:15:42 +0800] "POST /api/shop_cart_count.php HTTP/1.1" 200 301
192.168.191.2 - - [22/Jun/2018:13:16:33 +0800] "POST /api/shop_cart_count.php HTTP/1.1" 200 302
127.0.0.1 - - [22/Jun/2018:13:16:44 +0800] "GET /data/index_data.json HTTP/1.0" 200 2370
192.168.191.2 - - [22/Jun/2018:13:16:44 +0800] "GET /api/index.php HTTP/1.1" 200 2370
127.0.0.1 - - [22/Jun/2018:13:16:45 +0800] "GET /data/shop_cart_data.json HTTP/1.0" 200 258
192.168.191.2 - - [22/Jun/2018:13:16:45 +0800] "GET /api/shop_cart.php?userId=5b2af6aba2eee HTTP/1.1" 200 258
192.168.191.2 - - [22/Jun/2018:13:16:47 +0800] "POST /api/shop_cart_count.php HTTP/1.1" 200 302
192.168.191.2 - - [22/Jun/2018:13:16:50 +0800] "POST /api/shop_cart_count.php HTTP/1.1" 200 302
192.168.191.2 - - [22/Jun/2018:13:17:01 +0800] "POST /api/shop_cart_count.php HTTP/1.1" 200 302
192.168.191.2 - - [22/Jun/2018:13:17:05 +0800] "POST /api/shop_cart_count.php HTTP/1.1" 200 302
192.168.191.2 - - [22/Jun/2018:13:17:07 +0800] "POST /api/shop_cart_count.php HTTP/1.1" 200 302
192.168.191.2 - - [22/Jun/2018:13:17:15 +0800] "POST /api/shop_cart_count.php HTTP/1.1" 200 302
127.0.0.1 - - [22/Jun/2018:13:19:23 +0800] "GET /data/index_data.json HTTP/1.0" 200 2370
192.168.191.2 - - [22/Jun/2018:13:19:23 +0800] "GET /api/index.php HTTP/1.1" 200 2370
127.0.0.1 - - [22/Jun/2018:13:19:25 +0800] "GET /data/shop_cart_data.json HTTP/1.0" 200 258
192.168.191.2 - - [22/Jun/2018:13:19:25 +0800] "GET /api/shop_cart.php?userId=5b2af6aba2eee HTTP/1.1" 200 258
192.168.191.2 - - [22/Jun/2018:13:19:27 +0800] "POST /api/shop_cart_count.php HTTP/1.1" 200 302
192.168.191.2 - - [22/Jun/2018:13:19:42 +0800] "POST /api/shop_cart_count.php HTTP/1.1" 200 302
192.168.191.2 - - [22/Jun/2018:13:19:46 +0800] "POST /api/shop_cart_count.php HTTP/1.1" 200 302
192.168.191.2 - - [22/Jun/2018:13:20:16 +0800] "POST /api/shop_cart_count.php HTTP/1.1" 200 302
192.168.191.2 - - [22/Jun/2018:13:20:38 +0800] "POST /api/shop_cart_count.php HTTP/1.1" 200 302
192.168.191.2 - - [22/Jun/2018:13:20:41 +0800] "POST /api/shop_cart_count.php HTTP/1.1" 200 302
192.168.191.2 - - [22/Jun/2018:13:20:50 +0800] "POST /api/shop_cart_count.php HTTP/1.1" 200 302
127.0.0.1 - - [22/Jun/2018:13:24:53 +0800] "GET /data/index_data.json HTTP/1.0" 200 2370
192.168.191.2 - - [22/Jun/2018:13:24:53 +0800] "GET /api/index.php HTTP/1.1" 200 2370
127.0.0.1 - - [22/Jun/2018:13:24:53 +0800] "GET /data/shop_cart_data.json HTTP/1.0" 200 258
192.168.191.2 - - [22/Jun/2018:13:24:53 +0800] "GET /api/shop_cart.php?userId=5b2af6aba2eee HTTP/1.1" 200 258
192.168.191.2 - - [22/Jun/2018:13:24:56 +0800] "POST /api/shop_cart_count.php HTTP/1.1" 200 302
192.168.191.2 - - [22/Jun/2018:13:25:25 +0800] "POST /api/shop_cart_count.php HTTP/1.1" 200 302
192.168.191.2 - - [22/Jun/2018:13:25:27 +0800] "POST /api/shop_cart_count.php HTTP/1.1" 200 302
127.0.0.1 - - [22/Jun/2018:13:26:42 +0800] "GET /data/index_data.json HTTP/1.0" 200 2370
192.168.191.2 - - [22/Jun/2018:13:26:42 +0800] "GET /api/index.php HTTP/1.1" 200 2370
127.0.0.1 - - [22/Jun/2018:13:26:43 +0800] "GET /data/shop_cart_data.json HTTP/1.0" 200 258
192.168.191.2 - - [22/Jun/2018:13:26:43 +0800] "GET /api/shop_cart.php?userId=5b2af6aba2eee HTTP/1.1" 200 258
192.168.191.2 - - [22/Jun/2018:13:26:46 +0800] "POST /api/shop_cart_count.php HTTP/1.1" 200 302
127.0.0.1 - - [22/Jun/2018:13:37:24 +0800] "GET /data/index_data.json HTTP/1.0" 200 2370
192.168.191.2 - - [22/Jun/2018:13:37:24 +0800] "GET /api/index.php HTTP/1.1" 200 2370
127.0.0.1 - - [22/Jun/2018:13:37:25 +0800] "GET /data/shop_cart_data.json HTTP/1.0" 200 258
192.168.191.2 - - [22/Jun/2018:13:37:25 +0800] "GET /api/shop_cart.php?userId=5b2af6aba2eee HTTP/1.1" 200 258
192.168.191.2 - - [22/Jun/2018:13:37:28 +0800] "POST /api/shop_cart_count.php HTTP/1.1" 200 301
192.168.191.2 - - [22/Jun/2018:13:37:51 +0800] "POST /api/shop_cart_count.php HTTP/1.1" 200 301
192.168.191.2 - - [22/Jun/2018:13:38:34 +0800] "POST /api/shop_cart_count.php HTTP/1.1" 200 301
127.0.0.1 - - [22/Jun/2018:13:41:30 +0800] "GET /data/index_data.json HTTP/1.0" 200 2370
192.168.191.2 - - [22/Jun/2018:13:41:29 +0800] "GET /api/index.php HTTP/1.1" 200 2370
127.0.0.1 - - [22/Jun/2018:13:41:30 +0800] "GET /data/shop_cart_data.json HTTP/1.0" 200 258
192.168.191.2 - - [22/Jun/2018:13:41:30 +0800] "GET /api/shop_cart.php?userId=5b2af6aba2eee HTTP/1.1" 200 258
192.168.191.2 - - [22/Jun/2018:13:41:32 +0800] "POST /api/shop_cart_count.php HTTP/1.1" 200 301
192.168.191.2 - - [22/Jun/2018:13:41:36 +0800] "POST /api/shop_cart_count.php HTTP/1.1" 200 301
127.0.0.1 - - [22/Jun/2018:13:43:01 +0800] "GET /data/index_data.json HTTP/1.0" 200 2370
192.168.191.2 - - [22/Jun/2018:13:43:01 +0800] "GET /api/index.php HTTP/1.1" 200 2370
127.0.0.1 - - [22/Jun/2018:13:43:02 +0800] "GET /data/shop_cart_data.json HTTP/1.0" 200 258
192.168.191.2 - - [22/Jun/2018:13:43:02 +0800] "GET /api/shop_cart.php?userId=5b2af6aba2eee HTTP/1.1" 200 258
127.0.0.1 - - [22/Jun/2018:13:43:04 +0800] "GET /data/add_shop_data.json HTTP/1.0" 200 48
192.168.191.2 - - [22/Jun/2018:13:43:04 +0800] "POST /api/shop_cart_count.php HTTP/1.1" 200 48
127.0.0.1 - - [22/Jun/2018:13:43:10 +0800] "GET /data/add_shop_data.json HTTP/1.0" 200 48
192.168.191.2 - - [22/Jun/2018:13:43:10 +0800] "POST /api/shop_cart_count.php HTTP/1.1" 200 48
127.0.0.1 - - [22/Jun/2018:13:44:46 +0800] "GET /data/add_shop_data.json HTTP/1.0" 200 48
192.168.191.2 - - [22/Jun/2018:13:44:45 +0800] "POST /api/shop_cart_count.php HTTP/1.1" 200 48
127.0.0.1 - - [22/Jun/2018:13:44:50 +0800] "GET /data/add_shop_data.json HTTP/1.0" 200 48
192.168.191.2 - - [22/Jun/2018:13:44:50 +0800] "POST /api/shop_cart_count.php HTTP/1.1" 200 48
127.0.0.1 - - [22/Jun/2018:13:46:17 +0800] "GET /data/add_shop_data.json HTTP/1.0" 200 48
192.168.191.2 - - [22/Jun/2018:13:46:17 +0800] "POST /api/shop_cart_count.php HTTP/1.1" 200 48
127.0.0.1 - - [22/Jun/2018:13:48:27 +0800] "GET /data/add_shop_data.json HTTP/1.0" 200 48
192.168.191.2 - - [22/Jun/2018:13:48:27 +0800] "POST /api/shop_cart_count.php HTTP/1.1" 200 48
127.0.0.1 - - [22/Jun/2018:13:48:29 +0800] "GET /data/add_shop_data.json HTTP/1.0" 200 48
192.168.191.2 - - [22/Jun/2018:13:48:29 +0800] "POST /api/shop_cart_count.php HTTP/1.1" 200 48
192.168.191.2 - - [22/Jun/2018:13:49:46 +0800] "GET /find/faxian.html HTTP/1.1" 200 242807
192.168.191.2 - - [22/Jun/2018:13:49:47 +0800] "GET /find/img/article-author-pic1.webp HTTP/1.1" 404 231
192.168.191.2 - - [22/Jun/2018:13:49:47 +0800] "GET /find/img/article-author-pic2.webp HTTP/1.1" 404 231
192.168.191.2 - - [22/Jun/2018:13:49:47 +0800] "GET /find/img/article-author-pic3.webp HTTP/1.1" 404 231
192.168.191.2 - - [22/Jun/2018:13:49:47 +0800] "GET /favicon.ico HTTP/1.1" 404 209
127.0.0.1 - - [22/Jun/2018:13:52:44 +0800] "GET /data/index_data.json HTTP/1.0" 200 2370
192.168.191.2 - - [22/Jun/2018:13:52:43 +0800] "GET /api/index.php HTTP/1.1" 200 2370
127.0.0.1 - - [22/Jun/2018:13:52:44 +0800] "GET /data/shop_cart_data.json HTTP/1.0" 200 258
192.168.191.2 - - [22/Jun/2018:13:52:44 +0800] "GET /api/shop_cart.php?userId=5b2af6aba2eee HTTP/1.1" 200 258
127.0.0.1 - - [22/Jun/2018:14:03:26 +0800] "GET /data/index_data.json HTTP/1.0" 200 2370
192.168.191.2 - - [22/Jun/2018:14:03:26 +0800] "GET /api/index.php HTTP/1.1" 200 2370
192.168.191.2 - - [22/Jun/2018:14:03:50 +0800] "GET /find/faxian.html HTTP/1.1" 200 242807
127.0.0.1 - - [22/Jun/2018:14:03:50 +0800] "GET /data/shop_cart_data.json HTTP/1.0" 200 258
192.168.191.2 - - [22/Jun/2018:14:03:50 +0800] "GET /api/shop_cart.php?userId=5b2af6aba2eee HTTP/1.1" 200 258
192.168.191.2 - - [22/Jun/2018:14:03:51 +0800] "GET /find/img/article-author-pic1.webp HTTP/1.1" 404 231
192.168.191.2 - - [22/Jun/2018:14:03:51 +0800] "GET /find/img/article-author-pic2.webp HTTP/1.1" 404 231
192.168.191.2 - - [22/Jun/2018:14:03:51 +0800] "GET /find/img/article-author-pic3.webp HTTP/1.1" 404 231
192.168.191.2 - - [22/Jun/2018:14:03:51 +0800] "GET /favicon.ico HTTP/1.1" 404 209
127.0.0.1 - - [22/Jun/2018:14:03:52 +0800] "GET /data/sort_content_data.json HTTP/1.0" 200 134
192.168.191.2 - - [22/Jun/2018:14:03:52 +0800] "GET /api/sort_content_list.php?contentId=1&userId=5b2af6aba2eee HTTP/1.1" 200 134
127.0.0.1 - - [22/Jun/2018:14:03:53 +0800] "GET /data/sort_list_data.json HTTP/1.0" 200 136
192.168.191.2 - - [22/Jun/2018:14:03:52 +0800] "GET /api/sort_list.php?contentId=1&userId=5b2af6aba2eee HTTP/1.1" 200 136
192.168.191.2 - - [22/Jun/2018:14:03:57 +0800] "POST /api/shop_cart_clear.php HTTP/1.1" 200 59
127.0.0.1 - - [22/Jun/2018:14:04:23 +0800] "GET /data/index_data.json HTTP/1.0" 200 2370
192.168.191.2 - - [22/Jun/2018:14:04:23 +0800] "GET /api/index.php HTTP/1.1" 200 2370
127.0.0.1 - - [22/Jun/2018:14:04:24 +0800] "GET /data/shop_cart_data.json HTTP/1.0" 200 258
192.168.191.2 - - [22/Jun/2018:14:04:24 +0800] "GET /api/shop_cart.php?userId=5b2af6aba2eee HTTP/1.1" 200 258
127.0.0.1 - - [22/Jun/2018:14:04:26 +0800] "GET /data/add_shop_data.json HTTP/1.0" 200 48
192.168.191.2 - - [22/Jun/2018:14:04:26 +0800] "POST /api/shop_cart_clear.php HTTP/1.1" 200 48
127.0.0.1 - - [22/Jun/2018:14:04:40 +0800] "GET /data/goods_detail_data_2.json HTTP/1.0" 200 1017
192.168.191.2 - - [22/Jun/2018:14:04:40 +0800] "GET /api/goods_detail.php?userId=5b2af6aba2eee&goods_id=2 HTTP/1.1" 200 1017
127.0.0.1 - - [22/Jun/2018:14:04:43 +0800] "GET /data/add_shop_data.json HTTP/1.0" 200 48
192.168.191.2 - - [22/Jun/2018:14:04:42 +0800] "POST /api/add_shop_cart_count.php HTTP/1.1" 200 48
192.168.191.2 - - [22/Jun/2018:14:04:48 +0800] "GET /find/faxian.html HTTP/1.1" 200 242807
127.0.0.1 - - [22/Jun/2018:14:04:49 +0800] "GET /data/sort_content_data.json HTTP/1.0" 200 134
192.168.191.2 - - [22/Jun/2018:14:04:49 +0800] "GET /api/sort_content_list.php?contentId=1&userId=5b2af6aba2eee&goods_id=2&count=0 HTTP/1.1" 200 134
127.0.0.1 - - [22/Jun/2018:14:04:49 +0800] "GET /data/sort_list_data.json HTTP/1.0" 200 136
192.168.191.2 - - [22/Jun/2018:14:04:49 +0800] "GET /api/sort_list.php?contentId=1&userId=5b2af6aba2eee&goods_id=2&count=0 HTTP/1.1" 200 136
192.168.191.2 - - [22/Jun/2018:14:04:49 +0800] "GET /find/img/article-author-pic1.webp HTTP/1.1" 404 231
192.168.191.2 - - [22/Jun/2018:14:04:49 +0800] "GET /find/img/article-author-pic2.webp HTTP/1.1" 404 231
192.168.191.2 - - [22/Jun/2018:14:04:49 +0800] "GET /find/img/article-author-pic3.webp HTTP/1.1" 404 231
192.168.191.2 - - [22/Jun/2018:14:04:49 +0800] "GET /favicon.ico HTTP/1.1" 404 209
127.0.0.1 - - [22/Jun/2018:14:08:45 +0800] "GET /data/index_data.json HTTP/1.0" 200 2370
192.168.191.2 - - [22/Jun/2018:14:08:45 +0800] "GET /api/index.php HTTP/1.1" 200 2370
127.0.0.1 - - [22/Jun/2018:14:08:47 +0800] "GET /data/shop_cart_data.json HTTP/1.0" 200 258
192.168.191.2 - - [22/Jun/2018:14:08:47 +0800] "GET /api/shop_cart.php?userId=5b2af6aba2eee HTTP/1.1" 200 258
127.0.0.1 - - [22/Jun/2018:14:08:51 +0800] "GET /data/add_shop_data.json HTTP/1.0" 200 48
192.168.191.2 - - [22/Jun/2018:14:08:51 +0800] "POST /api/shop_cart_count.php HTTP/1.1" 200 48
127.0.0.1 - - [22/Jun/2018:14:08:54 +0800] "GET /data/add_shop_data.json HTTP/1.0" 200 48
192.168.191.2 - - [22/Jun/2018:14:08:54 +0800] "POST /api/shop_cart_count.php HTTP/1.1" 200 48
127.0.0.1 - - [22/Jun/2018:14:12:14 +0800] "GET /data/order_list.json HTTP/1.0" 200 224
192.168.191.2 - - [22/Jun/2018:14:12:14 +0800] "GET /api/order_list.php?addSub=1&userId=5b2af6aba2eee&goodsId=2&count=1&type=all HTTP/1.1" 200 224
127.0.0.1 - - [22/Jun/2018:14:12:25 +0800] "GET /data/address.json HTTP/1.0" 200 117
192.168.191.2 - - [22/Jun/2018:14:12:24 +0800] "GET /api/address.php?addSub=1&userId=5b2af6aba2eee&goodsId=2&count=1&type=all HTTP/1.1" 200 117
127.0.0.1 - - [22/Jun/2018:14:12:33 +0800] "GET /data/add_shop_data.json HTTP/1.0" 200 48
192.168.191.2 - - [22/Jun/2018:14:12:32 +0800] "POST /api/shop_cart_clear.php HTTP/1.1" 200 48
127.0.0.1 - - [22/Jun/2018:14:12:35 +0800] "GET /data/goods_detail_data_2.json HTTP/1.0" 200 1017
192.168.191.2 - - [22/Jun/2018:14:12:35 +0800] "GET /api/goods_detail.php?addSub=1&userId=5b2af6aba2eee&goods_id=2&goodsId=2&count=1&type=all HTTP/1.1" 200 1017
127.0.0.1 - - [22/Jun/2018:14:12:38 +0800] "GET /data/add_shop_data.json HTTP/1.0" 200 48
192.168.191.2 - - [22/Jun/2018:14:12:38 +0800] "POST /api/add_shop_cart_count.php HTTP/1.1" 200 48
192.168.191.2 - - [22/Jun/2018:14:12:45 +0800] "GET /find/faxian.html HTTP/1.1" 200 242807
192.168.191.2 - - [22/Jun/2018:14:12:45 +0800] "GET /find/img/article-author-pic1.webp HTTP/1.1" 404 231
192.168.191.2 - - [22/Jun/2018:14:12:45 +0800] "GET /find/img/article-author-pic2.webp HTTP/1.1" 404 231
192.168.191.2 - - [22/Jun/2018:14:12:45 +0800] "GET /find/img/article-author-pic3.webp HTTP/1.1" 404 231
192.168.191.2 - - [22/Jun/2018:14:12:46 +0800] "GET /favicon.ico HTTP/1.1" 404 209
127.0.0.1 - - [22/Jun/2018:14:12:46 +0800] "GET /data/sort_content_data.json HTTP/1.0" 200 134
192.168.191.2 - - [22/Jun/2018:14:12:46 +0800] "GET /api/sort_content_list.php?addSub=1&contentId=1&userId=5b2af6aba2eee&goods_id=2&goodsId=2&count=0&type=all HTTP/1.1" 200 134
127.0.0.1 - - [22/Jun/2018:14:12:46 +0800] "GET /data/sort_list_data.json HTTP/1.0" 200 136
192.168.191.2 - - [22/Jun/2018:14:12:46 +0800] "GET /api/sort_list.php?addSub=1&contentId=1&userId=5b2af6aba2eee&goods_id=2&goodsId=2&count=0&type=all HTTP/1.1" 200 136
127.0.0.1 - - [22/Jun/2018:19:08:44 +0800] "GET /data/index_data.json HTTP/1.0" 200 2370
192.168.191.2 - - [22/Jun/2018:19:08:44 +0800] "GET /api/index.php HTTP/1.1" 200 2370
127.0.0.1 - - [22/Jun/2018:19:08:47 +0800] "GET /data/shop_cart_data.json HTTP/1.0" 200 258
192.168.191.2 - - [22/Jun/2018:19:08:47 +0800] "GET /api/shop_cart.php?userId=5b2af6aba2eee HTTP/1.1" 200 258
127.0.0.1 - - [22/Jun/2018:19:09:06 +0800] "GET /data/add_shop_data.json HTTP/1.0" 200 48
192.168.191.2 - - [22/Jun/2018:19:09:05 +0800] "POST /api/shop_cart_count.php HTTP/1.1" 200 48
127.0.0.1 - - [22/Jun/2018:19:12:24 +0800] "GET /data/index_data.json HTTP/1.0" 200 2370
192.168.191.2 - - [22/Jun/2018:19:12:24 +0800] "GET /api/index.php HTTP/1.1" 200 2370
127.0.0.1 - - [22/Jun/2018:19:12:25 +0800] "GET /data/shop_cart_data.json HTTP/1.0" 200 258
192.168.191.2 - - [22/Jun/2018:19:12:25 +0800] "GET /api/shop_cart.php?userId=5b2af6aba2eee HTTP/1.1" 200 258
127.0.0.1 - - [22/Jun/2018:19:12:32 +0800] "GET /data/add_shop_data.json HTTP/1.0" 200 48
192.168.191.2 - - [22/Jun/2018:19:12:32 +0800] "POST /api/shop_cart_remove_selected.php HTTP/1.1" 200 191
127.0.0.1 - - [22/Jun/2018:19:14:22 +0800] "GET /data/index_data.json HTTP/1.0" 200 2370
192.168.191.2 - - [22/Jun/2018:19:14:22 +0800] "GET /api/index.php HTTP/1.1" 200 2370
127.0.0.1 - - [22/Jun/2018:19:14:26 +0800] "GET /data/shop_cart_data.json HTTP/1.0" 200 258
192.168.191.2 - - [22/Jun/2018:19:14:26 +0800] "GET /api/shop_cart.php?userId=5b2af6aba2eee HTTP/1.1" 200 258
127.0.0.1 - - [22/Jun/2018:19:14:31 +0800] "GET /data/add_shop_data.json HTTP/1.0" 200 48
192.168.191.2 - - [22/Jun/2018:19:14:31 +0800] "POST /api/shop_cart_remove_selected.php HTTP/1.1" 200 191
127.0.0.1 - - [22/Jun/2018:19:23:31 +0800] "GET /data/index_data.json HTTP/1.0" 200 2370
192.168.191.2 - - [22/Jun/2018:19:23:31 +0800] "GET /api/index.php HTTP/1.1" 200 2370
