192.168.191.2 - - [11/Jun/2018:14:42:55 +0800] "GET /LQ/images/video/video-bg.jpg HTTP/1.1" 200 131664
192.168.191.2 - - [11/Jun/2018:14:42:55 +0800] "GET /LQ/images/highlight/news1.jpg HTTP/1.1" 200 18002
192.168.191.2 - - [11/Jun/2018:14:42:55 +0800] "GET /LQ/images/highlight/news2.jpg HTTP/1.1" 200 31730
192.168.191.2 - - [11/Jun/2018:14:42:55 +0800] "GET /LQ/images/highlight/news4.jpg HTTP/1.1" 200 26618
192.168.191.2 - - [11/Jun/2018:14:42:55 +0800] "GET /LQ/images/highlight/news3.jpg HTTP/1.1" 200 32252
192.168.191.2 - - [11/Jun/2018:14:42:55 +0800] "GET /LQ/images/highlight/news5.jpg HTTP/1.1" 200 32937
192.168.191.2 - - [11/Jun/2018:14:42:55 +0800] "GET /LQ/images/highlight/news6.jpg HTTP/1.1" 200 21640
192.168.191.2 - - [11/Jun/2018:14:42:55 +0800] "GET /LQ/images/ents/1.png HTTP/1.1" 200 4451
192.168.191.2 - - [11/Jun/2018:14:42:55 +0800] "GET /LQ/images/ents/2.png HTTP/1.1" 200 4514
192.168.191.2 - - [11/Jun/2018:14:42:55 +0800] "GET /LQ/images/ents/5.png HTTP/1.1" 200 3410
192.168.191.2 - - [11/Jun/2018:14:42:55 +0800] "GET /LQ/images/ents/6.png HTTP/1.1" 200 3131
192.168.191.2 - - [11/Jun/2018:14:42:55 +0800] "GET /LQ/images/ents/4.png HTTP/1.1" 200 5881
192.168.191.2 - - [11/Jun/2018:14:42:55 +0800] "GET /LQ/images/ents/7.png HTTP/1.1" 200 4241
192.168.191.2 - - [11/Jun/2018:14:42:55 +0800] "GET /LQ/images/ents/8.png HTTP/1.1" 200 6453
192.168.191.2 - - [11/Jun/2018:14:42:55 +0800] "GET /LQ/images/ents/9.png HTTP/1.1" 200 4391
192.168.191.2 - - [11/Jun/2018:14:42:55 +0800] "GET /LQ/images/ents/10.png HTTP/1.1" 200 5353
192.168.191.2 - - [11/Jun/2018:14:42:55 +0800] "GET /LQ/images/ents/11.png HTTP/1.1" 200 4076
192.168.191.2 - - [11/Jun/2018:14:42:55 +0800] "GET /LQ/images/ents/12.png HTTP/1.1" 200 5309
192.168.191.2 - - [11/Jun/2018:14:42:55 +0800] "GET /LQ/images/support/1.png HTTP/1.1" 200 2535
192.168.191.2 - - [11/Jun/2018:14:42:55 +0800] "GET /LQ/images/ents/13.png HTTP/1.1" 200 5477
192.168.191.2 - - [11/Jun/2018:14:42:55 +0800] "GET /LQ/images/support/2.png HTTP/1.1" 200 3094
192.168.191.2 - - [11/Jun/2018:14:42:55 +0800] "GET /LQ/images/support/3.png HTTP/1.1" 200 3686
192.168.191.2 - - [11/Jun/2018:14:42:55 +0800] "GET /LQ/images/support/4.png HTTP/1.1" 200 4307
192.168.191.2 - - [11/Jun/2018:14:42:56 +0800] "GET /favicon.ico HTTP/1.1" 404 209
127.0.0.1 - - [11/Jun/2018:14:43:31 +0800] "GET /data/index_data.json HTTP/1.0" 200 2573
192.168.191.2 - - [11/Jun/2018:14:43:31 +0800] "GET /api/index.php HTTP/1.1" 200 2573
127.0.0.1 - - [11/Jun/2018:14:43:33 +0800] "GET /data/index_data.json HTTP/1.0" 200 2573
192.168.191.2 - - [11/Jun/2018:14:43:33 +0800] "GET /api/index.php HTTP/1.1" 200 2573
192.168.191.2 - - [11/Jun/2018:14:43:37 +0800] "GET /LQ/index.html HTTP/1.1" 200 129167
192.168.191.2 - - [11/Jun/2018:14:43:39 +0800] "GET /favicon.ico HTTP/1.1" 404 209
127.0.0.1 - - [11/Jun/2018:14:44:00 +0800] "GET /data/index_data.json HTTP/1.0" 200 2573
192.168.191.2 - - [11/Jun/2018:14:44:00 +0800] "GET /api/index.php HTTP/1.1" 200 2573
192.168.191.2 - - [11/Jun/2018:14:44:13 +0800] "GET /LQ/index.html HTTP/1.1" 200 129167
192.168.191.2 - - [11/Jun/2018:14:44:15 +0800] "GET /favicon.ico HTTP/1.1" 404 209
127.0.0.1 - - [11/Jun/2018:14:45:19 +0800] "GET /data/index_data.json HTTP/1.0" 200 2573
192.168.191.2 - - [11/Jun/2018:14:45:19 +0800] "GET /api/index.php HTTP/1.1" 200 2573
127.0.0.1 - - [11/Jun/2018:14:45:22 +0800] "GET /data/sort_content_data.json HTTP/1.0" 200 823
192.168.191.2 - - [11/Jun/2018:14:45:22 +0800] "GET /api/sort_content_list.php?contentId=1 HTTP/1.1" 200 823
127.0.0.1 - - [11/Jun/2018:14:45:22 +0800] "GET /data/sort_list_data.json HTTP/1.0" 200 647
192.168.191.2 - - [11/Jun/2018:14:45:22 +0800] "GET /api/sort_list.php HTTP/1.1" 200 647
127.0.0.1 - - [11/Jun/2018:14:45:26 +0800] "GET /data/sort_content_data.json HTTP/1.0" 200 823
192.168.191.2 - - [11/Jun/2018:14:45:26 +0800] "GET /api/sort_content_list.php?contentId=2 HTTP/1.1" 200 823
127.0.0.1 - - [11/Jun/2018:14:45:27 +0800] "GET /data/index_data.json HTTP/1.0" 200 2573
192.168.191.2 - - [11/Jun/2018:14:45:27 +0800] "GET /api/index.php HTTP/1.1" 200 2573
127.0.0.1 - - [11/Jun/2018:14:45:29 +0800] "GET /data/index_data.json HTTP/1.0" 200 2573
192.168.191.2 - - [11/Jun/2018:14:45:29 +0800] "GET /api/index.php HTTP/1.1" 200 2573
192.168.191.2 - - [11/Jun/2018:14:45:36 +0800] "GET /LQ/index.html HTTP/1.1" 200 129167
192.168.191.2 - - [11/Jun/2018:14:45:38 +0800] "GET /favicon.ico HTTP/1.1" 404 209
127.0.0.1 - - [11/Jun/2018:14:53:40 +0800] "GET /data/index_data.json HTTP/1.0" 200 2573
192.168.191.2 - - [11/Jun/2018:14:53:40 +0800] "GET /api/index.php HTTP/1.1" 200 2573
127.0.0.1 - - [11/Jun/2018:14:54:57 +0800] "GET /data/index_data.json HTTP/1.0" 200 2573
192.168.191.2 - - [11/Jun/2018:14:54:57 +0800] "GET /api/index.php HTTP/1.1" 200 2573
127.0.0.1 - - [11/Jun/2018:14:55:06 +0800] "GET /data/index_data.json HTTP/1.0" 200 2573
192.168.191.2 - - [11/Jun/2018:14:55:06 +0800] "GET /api/index.php HTTP/1.1" 200 2573
127.0.0.1 - - [11/Jun/2018:14:59:21 +0800] "GET /data/index_data.json HTTP/1.0" 200 2573
192.168.191.2 - - [11/Jun/2018:14:59:21 +0800] "GET /api/index.php HTTP/1.1" 200 2573
127.0.0.1 - - [11/Jun/2018:14:59:46 +0800] "GET /data/sort_content_data.json HTTP/1.0" 200 823
192.168.191.2 - - [11/Jun/2018:14:59:46 +0800] "GET /api/sort_content_list.php?contentId=1 HTTP/1.1" 200 823
127.0.0.1 - - [11/Jun/2018:14:59:46 +0800] "GET /data/sort_list_data.json HTTP/1.0" 200 647
192.168.191.2 - - [11/Jun/2018:14:59:46 +0800] "GET /api/sort_list.php HTTP/1.1" 200 647
127.0.0.1 - - [11/Jun/2018:14:59:48 +0800] "GET /data/sort_content_data.json HTTP/1.0" 200 823
192.168.191.2 - - [11/Jun/2018:14:59:48 +0800] "GET /api/sort_content_list.php?contentId=3 HTTP/1.1" 200 823
127.0.0.1 - - [11/Jun/2018:14:59:48 +0800] "GET /data/sort_content_data.json HTTP/1.0" 200 823
192.168.191.2 - - [11/Jun/2018:14:59:48 +0800] "GET /api/sort_content_list.php?contentId=4 HTTP/1.1" 200 823
127.0.0.1 - - [11/Jun/2018:15:00:03 +0800] "GET /data/index_data.json HTTP/1.0" 200 2573
192.168.191.2 - - [11/Jun/2018:15:00:03 +0800] "GET /api/index.php HTTP/1.1" 200 2573
127.0.0.1 - - [11/Jun/2018:15:00:06 +0800] "GET /data/sort_content_data.json HTTP/1.0" 200 823
192.168.191.2 - - [11/Jun/2018:15:00:05 +0800] "GET /api/sort_content_list.php?contentId=1 HTTP/1.1" 200 823
127.0.0.1 - - [11/Jun/2018:15:00:06 +0800] "GET /data/sort_list_data.json HTTP/1.0" 200 647
192.168.191.2 - - [11/Jun/2018:15:00:06 +0800] "GET /api/sort_list.php HTTP/1.1" 200 647
127.0.0.1 - - [11/Jun/2018:15:00:09 +0800] "GET /data/index_data.json HTTP/1.0" 200 2573
192.168.191.2 - - [11/Jun/2018:15:00:09 +0800] "GET /api/index.php HTTP/1.1" 200 2573
127.0.0.1 - - [11/Jun/2018:15:00:16 +0800] "GET /data/index_data.json HTTP/1.0" 200 2573
192.168.191.2 - - [11/Jun/2018:15:00:16 +0800] "GET /api/index.php HTTP/1.1" 200 2573
127.0.0.1 - - [11/Jun/2018:15:00:41 +0800] "GET /data/index_data.json HTTP/1.0" 200 2573
192.168.191.2 - - [11/Jun/2018:15:00:41 +0800] "GET /api/index.php HTTP/1.1" 200 2573
127.0.0.1 - - [11/Jun/2018:15:00:43 +0800] "GET /data/sort_content_data.json HTTP/1.0" 200 823
192.168.191.2 - - [11/Jun/2018:15:00:43 +0800] "GET /api/sort_content_list.php?contentId=1 HTTP/1.1" 200 823
127.0.0.1 - - [11/Jun/2018:15:00:43 +0800] "GET /data/sort_list_data.json HTTP/1.0" 200 647
192.168.191.2 - - [11/Jun/2018:15:00:43 +0800] "GET /api/sort_list.php HTTP/1.1" 200 647
127.0.0.1 - - [11/Jun/2018:15:00:46 +0800] "GET /data/index_data.json HTTP/1.0" 200 2573
192.168.191.2 - - [11/Jun/2018:15:00:46 +0800] "GET /api/index.php HTTP/1.1" 200 2573
127.0.0.1 - - [11/Jun/2018:15:00:47 +0800] "GET /data/index_data.json HTTP/1.0" 200 2573
192.168.191.2 - - [11/Jun/2018:15:00:47 +0800] "GET /api/index.php HTTP/1.1" 200 2573
127.0.0.1 - - [11/Jun/2018:15:02:09 +0800] "GET /data/index_data.json HTTP/1.0" 200 2573
192.168.191.2 - - [11/Jun/2018:15:02:09 +0800] "GET /api/index.php HTTP/1.1" 200 2573
127.0.0.1 - - [11/Jun/2018:15:02:12 +0800] "GET /data/sort_content_data.json HTTP/1.0" 200 823
192.168.191.2 - - [11/Jun/2018:15:02:12 +0800] "GET /api/sort_content_list.php?contentId=1 HTTP/1.1" 200 823
127.0.0.1 - - [11/Jun/2018:15:02:12 +0800] "GET /data/sort_list_data.json HTTP/1.0" 200 647
192.168.191.2 - - [11/Jun/2018:15:02:12 +0800] "GET /api/sort_list.php HTTP/1.1" 200 647
127.0.0.1 - - [11/Jun/2018:15:02:14 +0800] "GET /data/index_data.json HTTP/1.0" 200 2573
192.168.191.2 - - [11/Jun/2018:15:02:14 +0800] "GET /api/index.php HTTP/1.1" 200 2573
127.0.0.1 - - [11/Jun/2018:15:02:16 +0800] "GET /data/index_data.json HTTP/1.0" 200 2573
192.168.191.2 - - [11/Jun/2018:15:02:16 +0800] "GET /api/index.php HTTP/1.1" 200 2573
127.0.0.1 - - [11/Jun/2018:15:03:31 +0800] "GET /data/index_data.json HTTP/1.0" 200 2573
192.168.191.2 - - [11/Jun/2018:15:03:31 +0800] "GET /api/index.php HTTP/1.1" 200 2573
127.0.0.1 - - [11/Jun/2018:15:11:14 +0800] "GET /data/index_data.json HTTP/1.0" 200 2573
192.168.191.2 - - [11/Jun/2018:15:11:14 +0800] "GET /api/index.php HTTP/1.1" 200 2573
127.0.0.1 - - [11/Jun/2018:15:11:31 +0800] "GET /data/sort_content_data.json HTTP/1.0" 200 823
192.168.191.2 - - [11/Jun/2018:15:11:31 +0800] "GET /api/sort_content_list.php?contentId=1 HTTP/1.1" 200 823
127.0.0.1 - - [11/Jun/2018:15:11:31 +0800] "GET /data/sort_list_data.json HTTP/1.0" 200 647
192.168.191.2 - - [11/Jun/2018:15:11:31 +0800] "GET /api/sort_list.php HTTP/1.1" 200 647
127.0.0.1 - - [11/Jun/2018:15:13:29 +0800] "GET /data/index_data.json HTTP/1.0" 200 2573
192.168.191.2 - - [11/Jun/2018:15:13:29 +0800] "GET /api/index.php HTTP/1.1" 200 2573
127.0.0.1 - - [11/Jun/2018:15:13:35 +0800] "GET /data/sort_content_data.json HTTP/1.0" 200 823
192.168.191.2 - - [11/Jun/2018:15:13:35 +0800] "GET /api/sort_content_list.php?contentId=1 HTTP/1.1" 200 823
127.0.0.1 - - [11/Jun/2018:15:13:35 +0800] "GET /data/sort_list_data.json HTTP/1.0" 200 647
192.168.191.2 - - [11/Jun/2018:15:13:35 +0800] "GET /api/sort_list.php HTTP/1.1" 200 647
127.0.0.1 - - [11/Jun/2018:15:15:20 +0800] "GET /data/index_data.json HTTP/1.0" 200 2573
192.168.191.2 - - [11/Jun/2018:15:15:20 +0800] "GET /api/index.php HTTP/1.1" 200 2573
127.0.0.1 - - [11/Jun/2018:15:15:21 +0800] "GET /data/index_data.json HTTP/1.0" 200 2573
192.168.191.2 - - [11/Jun/2018:15:15:21 +0800] "GET /api/index.php HTTP/1.1" 200 2573
127.0.0.1 - - [11/Jun/2018:15:15:38 +0800] "GET /data/index_data.json HTTP/1.0" 200 2573
192.168.191.2 - - [11/Jun/2018:15:15:38 +0800] "GET /api/index.php HTTP/1.1" 200 2573
127.0.0.1 - - [11/Jun/2018:15:28:00 +0800] "GET /data/index_data.json HTTP/1.0" 200 2573
192.168.191.2 - - [11/Jun/2018:15:28:00 +0800] "GET /api/index.php HTTP/1.1" 200 2573
127.0.0.1 - - [11/Jun/2018:15:42:28 +0800] "GET /data/index_data.json HTTP/1.0" 200 2573
192.168.191.2 - - [11/Jun/2018:15:42:28 +0800] "GET /api/index.php HTTP/1.1" 200 2573
127.0.0.1 - - [11/Jun/2018:15:42:34 +0800] "GET /data/sort_content_data.json HTTP/1.0" 200 823
192.168.191.2 - - [11/Jun/2018:15:42:34 +0800] "GET /api/sort_content_list.php?contentId=1 HTTP/1.1" 200 823
127.0.0.1 - - [11/Jun/2018:15:42:34 +0800] "GET /data/sort_list_data.json HTTP/1.0" 200 647
192.168.191.2 - - [11/Jun/2018:15:42:34 +0800] "GET /api/sort_list.php HTTP/1.1" 200 647
127.0.0.1 - - [11/Jun/2018:15:52:43 +0800] "GET /data/index_data.json HTTP/1.0" 200 2573
192.168.191.2 - - [11/Jun/2018:15:52:43 +0800] "GET /api/index.php HTTP/1.1" 200 2573
127.0.0.1 - - [11/Jun/2018:15:52:44 +0800] "GET /data/sort_content_data.json HTTP/1.0" 200 823
192.168.191.2 - - [11/Jun/2018:15:52:44 +0800] "GET /api/sort_content_list.php?contentId=1 HTTP/1.1" 200 823
127.0.0.1 - - [11/Jun/2018:15:52:44 +0800] "GET /data/sort_list_data.json HTTP/1.0" 200 647
192.168.191.2 - - [11/Jun/2018:15:52:44 +0800] "GET /api/sort_list.php HTTP/1.1" 200 647
127.0.0.1 - - [11/Jun/2018:16:06:30 +0800] "GET /data/index_data.json HTTP/1.0" 200 2573
192.168.191.2 - - [11/Jun/2018:16:06:30 +0800] "GET /api/index.php HTTP/1.1" 200 2573
127.0.0.1 - - [11/Jun/2018:20:48:36 +0800] "-" 408 -
127.0.0.1 - - [11/Jun/2018:22:12:53 +0800] "GET /data/index_data.json HTTP/1.0" 200 2573
192.168.191.3 - - [11/Jun/2018:22:12:53 +0800] "GET /api/index.php HTTP/1.1" 200 2573
127.0.0.1 - - [11/Jun/2018:22:13:08 +0800] "GET /data/sort_content_data.json HTTP/1.0" 200 823
192.168.191.3 - - [11/Jun/2018:22:13:08 +0800] "GET /api/sort_content_list.php?contentId=1 HTTP/1.1" 200 823
127.0.0.1 - - [11/Jun/2018:22:13:08 +0800] "GET /data/sort_list_data.json HTTP/1.0" 200 647
192.168.191.3 - - [11/Jun/2018:22:13:08 +0800] "GET /api/sort_list.php HTTP/1.1" 200 647
127.0.0.1 - - [11/Jun/2018:22:13:44 +0800] "GET /data/index_data.json HTTP/1.0" 200 2573
192.168.191.3 - - [11/Jun/2018:22:13:44 +0800] "GET /api/index.php HTTP/1.1" 200 2573
127.0.0.1 - - [11/Jun/2018:23:17:35 +0800] "GET /data/index_data.json HTTP/1.0" 200 2573
192.168.191.3 - - [11/Jun/2018:23:17:35 +0800] "GET /api/index.php HTTP/1.1" 200 2573
127.0.0.1 - - [11/Jun/2018:23:17:37 +0800] "GET /data/sort_content_data.json HTTP/1.0" 200 823
192.168.191.3 - - [11/Jun/2018:23:17:37 +0800] "GET /api/sort_content_list.php?contentId=1 HTTP/1.1" 200 823
127.0.0.1 - - [11/Jun/2018:23:17:37 +0800] "GET /data/sort_list_data.json HTTP/1.0" 200 647
192.168.191.3 - - [11/Jun/2018:23:17:37 +0800] "GET /api/sort_list.php HTTP/1.1" 200 647
127.0.0.1 - - [11/Jun/2018:23:17:57 +0800] "GET /data/index_data.json HTTP/1.0" 200 2573
192.168.191.3 - - [11/Jun/2018:23:17:57 +0800] "GET /api/index.php HTTP/1.1" 200 2573
127.0.0.1 - - [11/Jun/2018:23:17:57 +0800] "GET /data/index_data.json HTTP/1.0" 200 2573
192.168.191.3 - - [11/Jun/2018:23:17:57 +0800] "GET /api/index.php HTTP/1.1" 200 2573
127.0.0.1 - - [11/Jun/2018:23:18:24 +0800] "GET /data/index_data.json HTTP/1.0" 200 2573
192.168.191.3 - - [11/Jun/2018:23:18:24 +0800] "GET /api/index.php HTTP/1.1" 200 2573
127.0.0.1 - - [11/Jun/2018:23:18:26 +0800] "GET /data/sort_content_data.json HTTP/1.0" 200 823
192.168.191.3 - - [11/Jun/2018:23:18:26 +0800] "GET /api/sort_content_list.php?contentId=1 HTTP/1.1" 200 823
127.0.0.1 - - [11/Jun/2018:23:18:26 +0800] "GET /data/sort_list_data.json HTTP/1.0" 200 647
192.168.191.3 - - [11/Jun/2018:23:18:26 +0800] "GET /api/sort_list.php HTTP/1.1" 200 647
127.0.0.1 - - [11/Jun/2018:23:18:36 +0800] "GET /data/index_data.json HTTP/1.0" 200 2573
192.168.191.3 - - [11/Jun/2018:23:18:36 +0800] "GET /api/index.php HTTP/1.1" 200 2573
127.0.0.1 - - [11/Jun/2018:23:18:37 +0800] "GET /data/index_data.json HTTP/1.0" 200 2573
192.168.191.3 - - [11/Jun/2018:23:18:37 +0800] "GET /api/index.php HTTP/1.1" 200 2573
127.0.0.1 - - [11/Jun/2018:23:20:18 +0800] "GET /data/index_data.json HTTP/1.0" 200 2573
192.168.191.3 - - [11/Jun/2018:23:20:18 +0800] "GET /api/index.php HTTP/1.1" 200 2573
127.0.0.1 - - [11/Jun/2018:23:20:19 +0800] "GET /data/sort_content_data.json HTTP/1.0" 200 823
192.168.191.3 - - [11/Jun/2018:23:20:19 +0800] "GET /api/sort_content_list.php?contentId=1 HTTP/1.1" 200 823
127.0.0.1 - - [11/Jun/2018:23:20:19 +0800] "GET /data/sort_list_data.json HTTP/1.0" 200 647
192.168.191.3 - - [11/Jun/2018:23:20:19 +0800] "GET /api/sort_list.php HTTP/1.1" 200 647
127.0.0.1 - - [11/Jun/2018:23:20:22 +0800] "GET /data/sort_content_data.json HTTP/1.0" 200 823
192.168.191.3 - - [11/Jun/2018:23:20:22 +0800] "GET /api/sort_content_list.php?contentId=2 HTTP/1.1" 200 823
127.0.0.1 - - [11/Jun/2018:23:20:22 +0800] "GET /data/sort_content_data.json HTTP/1.0" 200 823
192.168.191.3 - - [11/Jun/2018:23:20:22 +0800] "GET /api/sort_content_list.php?contentId=3 HTTP/1.1" 200 823
127.0.0.1 - - [11/Jun/2018:23:20:22 +0800] "GET /data/sort_content_data.json HTTP/1.0" 200 823
192.168.191.3 - - [11/Jun/2018:23:20:22 +0800] "GET /api/sort_content_list.php?contentId=4 HTTP/1.1" 200 823
127.0.0.1 - - [11/Jun/2018:23:20:23 +0800] "GET /data/sort_content_data.json HTTP/1.0" 200 823
192.168.191.3 - - [11/Jun/2018:23:20:23 +0800] "GET /api/sort_content_list.php?contentId=5 HTTP/1.1" 200 823
127.0.0.1 - - [11/Jun/2018:23:20:25 +0800] "GET /data/sort_content_data.json HTTP/1.0" 200 823
192.168.191.3 - - [11/Jun/2018:23:20:25 +0800] "GET /api/sort_content_list.php?contentId=1 HTTP/1.1" 200 823
127.0.0.1 - - [11/Jun/2018:23:27:42 +0800] "GET /data/index_data.json HTTP/1.0" 200 2573
192.168.191.3 - - [11/Jun/2018:23:27:42 +0800] "GET /api/index.php HTTP/1.1" 200 2573
127.0.0.1 - - [11/Jun/2018:23:27:53 +0800] "GET /data/index_data.json HTTP/1.0" 200 2573
192.168.191.3 - - [11/Jun/2018:23:27:53 +0800] "GET /api/index.php HTTP/1.1" 200 2573
127.0.0.1 - - [11/Jun/2018:23:36:40 +0800] "GET /data/index_data.json HTTP/1.0" 200 2573
192.168.191.3 - - [11/Jun/2018:23:36:40 +0800] "GET /api/index.php HTTP/1.1" 200 2573
127.0.0.1 - - [11/Jun/2018:23:36:42 +0800] "GET /data/sort_content_data.json HTTP/1.0" 200 823
192.168.191.3 - - [11/Jun/2018:23:36:42 +0800] "GET /api/sort_content_list.php?contentId=1 HTTP/1.1" 200 823
127.0.0.1 - - [11/Jun/2018:23:36:42 +0800] "GET /data/sort_list_data.json HTTP/1.0" 200 647
192.168.191.3 - - [11/Jun/2018:23:36:42 +0800] "GET /api/sort_list.php HTTP/1.1" 200 647
127.0.0.1 - - [11/Jun/2018:23:36:43 +0800] "GET /data/sort_content_data.json HTTP/1.0" 200 823
192.168.191.3 - - [11/Jun/2018:23:36:43 +0800] "GET /api/sort_content_list.php?contentId=9 HTTP/1.1" 200 823
127.0.0.1 - - [12/Jun/2018:00:07:03 +0800] "GET /data/index_data.json HTTP/1.0" 200 2573
192.168.191.3 - - [12/Jun/2018:00:07:03 +0800] "GET /api/index.php HTTP/1.1" 200 2573
127.0.0.1 - - [12/Jun/2018:00:09:03 +0800] "GET /data/index_data.json HTTP/1.0" 200 2573
192.168.191.3 - - [12/Jun/2018:00:09:03 +0800] "GET /api/index.php HTTP/1.1" 200 2573
127.0.0.1 - - [12/Jun/2018:00:14:41 +0800] "GET /data/index_data.json HTTP/1.0" 200 2573
192.168.191.3 - - [12/Jun/2018:00:14:41 +0800] "GET /api/index.php HTTP/1.1" 200 2573
127.0.0.1 - - [12/Jun/2018:09:31:15 +0800] "-" 408 -
127.0.0.1 - - [12/Jun/2018:09:53:36 +0800] "GET /data/index_data.json HTTP/1.0" 200 2573
192.168.191.3 - - [12/Jun/2018:09:53:36 +0800] "GET /api/index.php HTTP/1.1" 200 2573
127.0.0.1 - - [12/Jun/2018:10:03:22 +0800] "GET /data/sort_content_data.json HTTP/1.0" 200 823
192.168.191.3 - - [12/Jun/2018:10:03:22 +0800] "GET /api/sort_content_list.php?contentId=1 HTTP/1.1" 200 823
127.0.0.1 - - [12/Jun/2018:10:03:22 +0800] "GET /data/sort_list_data.json HTTP/1.0" 200 647
192.168.191.3 - - [12/Jun/2018:10:03:22 +0800] "GET /api/sort_list.php HTTP/1.1" 200 647
127.0.0.1 - - [12/Jun/2018:10:07:05 +0800] "GET /data/index_data.json HTTP/1.0" 200 2573
192.168.191.3 - - [12/Jun/2018:10:07:05 +0800] "GET /api/index.php HTTP/1.1" 200 2573
127.0.0.1 - - [12/Jun/2018:10:08:50 +0800] "GET /data/index_data.json HTTP/1.0" 200 2573
192.168.191.3 - - [12/Jun/2018:10:08:50 +0800] "GET /api/index.php HTTP/1.1" 200 2573
127.0.0.1 - - [12/Jun/2018:10:08:54 +0800] "GET /data/sort_content_data.json HTTP/1.0" 200 823
192.168.191.3 - - [12/Jun/2018:10:08:54 +0800] "GET /api/sort_content_list.php?contentId=1 HTTP/1.1" 200 823
127.0.0.1 - - [12/Jun/2018:10:08:54 +0800] "GET /data/sort_list_data.json HTTP/1.0" 200 647
192.168.191.3 - - [12/Jun/2018:10:08:54 +0800] "GET /api/sort_list.php HTTP/1.1" 200 647
127.0.0.1 - - [12/Jun/2018:10:11:25 +0800] "GET /data/index_data.json HTTP/1.0" 200 2573
192.168.191.3 - - [12/Jun/2018:10:11:25 +0800] "GET /api/index.php HTTP/1.1" 200 2573
127.0.0.1 - - [12/Jun/2018:10:16:59 +0800] "GET /data/index_data.json HTTP/1.0" 200 2573
192.168.191.3 - - [12/Jun/2018:10:16:59 +0800] "GET /api/index.php HTTP/1.1" 200 2573
127.0.0.1 - - [12/Jun/2018:10:20:44 +0800] "GET /data/index_data.json HTTP/1.0" 200 2573
192.168.191.3 - - [12/Jun/2018:10:20:44 +0800] "GET /api/index.php HTTP/1.1" 200 2573
127.0.0.1 - - [12/Jun/2018:10:24:34 +0800] "GET /data/index_data.json HTTP/1.0" 200 2573
192.168.191.3 - - [12/Jun/2018:10:24:34 +0800] "GET /api/index.php HTTP/1.1" 200 2573
127.0.0.1 - - [12/Jun/2018:10:31:46 +0800] "GET /data/index_data.json HTTP/1.0" 200 2573
192.168.191.3 - - [12/Jun/2018:10:31:46 +0800] "GET /api/index.php HTTP/1.1" 200 2573
127.0.0.1 - - [12/Jun/2018:10:44:17 +0800] "GET /data/index_data.json HTTP/1.0" 200 2573
192.168.191.3 - - [12/Jun/2018:10:44:17 +0800] "GET /api/index.php HTTP/1.1" 200 2573
192.168.191.4 - - [12/Jun/2018:12:21:00 +0800] "GET / HTTP/1.1" 200 81015
127.0.0.1 - - [12/Jun/2018:12:21:21 +0800] "GET /data/index_data.json HTTP/1.0" 200 2573
192.168.191.4 - - [12/Jun/2018:12:21:21 +0800] "GET /api/index.php HTTP/1.1" 200 2573
127.0.0.1 - - [12/Jun/2018:12:21:28 +0800] "GET /data/sort_content_data.json HTTP/1.0" 200 823
192.168.191.4 - - [12/Jun/2018:12:21:28 +0800] "GET /api/sort_content_list.php?contentId=1 HTTP/1.1" 200 823
127.0.0.1 - - [12/Jun/2018:12:21:28 +0800] "GET /data/sort_list_data.json HTTP/1.0" 200 647
192.168.191.4 - - [12/Jun/2018:12:21:28 +0800] "GET /api/sort_list.php HTTP/1.1" 200 647
127.0.0.1 - - [12/Jun/2018:12:21:35 +0800] "GET /data/index_data.json HTTP/1.0" 200 2573
192.168.191.4 - - [12/Jun/2018:12:21:35 +0800] "GET /api/index.php HTTP/1.1" 200 2573
127.0.0.1 - - [12/Jun/2018:12:21:37 +0800] "GET /data/index_data.json HTTP/1.0" 200 2573
192.168.191.4 - - [12/Jun/2018:12:21:37 +0800] "GET /api/index.php HTTP/1.1" 200 2573
127.0.0.1 - - [14/Jun/2018:17:55:17 +0800] "GET /data/index_data.json HTTP/1.0" 200 2573
192.168.191.2 - - [14/Jun/2018:17:55:17 +0800] "GET /api/index.php HTTP/1.1" 200 2573
127.0.0.1 - - [14/Jun/2018:17:55:25 +0800] "GET /data/sort_list_data.json HTTP/1.0" 200 647
192.168.191.2 - - [14/Jun/2018:17:55:25 +0800] "GET /api/sort_list.php HTTP/1.1" 200 647
127.0.0.1 - - [14/Jun/2018:17:55:25 +0800] "GET /data/sort_content_data.json HTTP/1.0" 200 823
192.168.191.2 - - [14/Jun/2018:17:55:25 +0800] "GET /api/sort_content_list.php?contentId=1 HTTP/1.1" 200 823
127.0.0.1 - - [14/Jun/2018:17:55:27 +0800] "GET /data/sort_content_data.json HTTP/1.0" 200 823
192.168.191.2 - - [14/Jun/2018:17:55:27 +0800] "GET /api/sort_content_list.php?contentId=8 HTTP/1.1" 200 823
127.0.0.1 - - [14/Jun/2018:17:55:34 +0800] "GET /data/index_data.json HTTP/1.0" 200 2573
192.168.191.2 - - [14/Jun/2018:17:55:34 +0800] "GET /api/index.php HTTP/1.1" 200 2573
127.0.0.1 - - [14/Jun/2018:17:55:38 +0800] "GET /data/index_data.json HTTP/1.0" 200 2573
192.168.191.2 - - [14/Jun/2018:17:55:38 +0800] "GET /api/index.php HTTP/1.1" 200 2573
127.0.0.1 - - [14/Jun/2018:17:55:47 +0800] "GET /data/index_data.json HTTP/1.0" 200 2573
192.168.191.2 - - [14/Jun/2018:17:55:47 +0800] "GET /api/index.php HTTP/1.1" 200 2573
127.0.0.1 - - [14/Jun/2018:17:55:49 +0800] "GET /data/sort_content_data.json HTTP/1.0" 200 823
192.168.191.2 - - [14/Jun/2018:17:55:49 +0800] "GET /api/sort_content_list.php?contentId=1 HTTP/1.1" 200 823
127.0.0.1 - - [14/Jun/2018:17:55:49 +0800] "GET /data/sort_list_data.json HTTP/1.0" 200 647
192.168.191.2 - - [14/Jun/2018:17:55:49 +0800] "GET /api/sort_list.php HTTP/1.1" 200 647
127.0.0.1 - - [14/Jun/2018:17:57:10 +0800] "-" 408 -
127.0.0.1 - - [14/Jun/2018:17:59:13 +0800] "-" 408 -
127.0.0.1 - - [14/Jun/2018:20:35:43 +0800] "GET /data/index_data.json HTTP/1.0" 200 2573
192.168.191.2 - - [14/Jun/2018:20:35:43 +0800] "GET /api/index.php HTTP/1.1" 200 2573
127.0.0.1 - - [14/Jun/2018:20:42:58 +0800] "GET /data/index_data.json HTTP/1.0" 200 2573
192.168.191.2 - - [14/Jun/2018:20:42:58 +0800] "GET /api/index.php HTTP/1.1" 200 2573
192.168.191.2 - - [14/Jun/2018:20:43:03 +0800] "GET /find/faxian.html HTTP/1.1" 200 242807
192.168.191.2 - - [14/Jun/2018:20:43:03 +0800] "GET /find/CSS/faxian.css HTTP/1.1" 200 8868
192.168.191.2 - - [14/Jun/2018:20:43:03 +0800] "GET /find/images/58f72661N8961cd75.jpg!q65.webp HTTP/1.1" 200 596
192.168.191.2 - - [14/Jun/2018:20:43:03 +0800] "GET /find/img/article-author-pic1.webp HTTP/1.1" 404 231
192.168.191.2 - - [14/Jun/2018:20:43:03 +0800] "GET /find/img/article-author-pic2.webp HTTP/1.1" 404 231
192.168.191.2 - - [14/Jun/2018:20:43:03 +0800] "GET /find/img/article-author-pic3.webp HTTP/1.1" 404 231
192.168.191.2 - - [14/Jun/2018:20:43:03 +0800] "GET /find/images/5a338707Nac9701b9.jpg!q65.webp HTTP/1.1" 200 1866
192.168.191.2 - - [14/Jun/2018:20:43:03 +0800] "GET /find/images/5a31eea3Ne95e04d8.jpg!q65.webp HTTP/1.1" 200 3250
192.168.191.2 - - [14/Jun/2018:20:43:03 +0800] "GET /find/images/59095a86N1cfcc0a5.jpg!q65.webp HTTP/1.1" 200 1270
192.168.191.2 - - [14/Jun/2018:20:43:03 +0800] "GET /find/images/down-navi-arrow_img.png HTTP/1.1" 200 401
192.168.191.2 - - [14/Jun/2018:20:43:03 +0800] "GET /find/images/article-time.png HTTP/1.1" 200 552
192.168.191.2 - - [14/Jun/2018:20:43:03 +0800] "GET /find/images/article-viewed.png HTTP/1.1" 200 723
192.168.191.2 - - [14/Jun/2018:20:43:04 +0800] "GET /favicon.ico HTTP/1.1" 404 209
127.0.0.1 - - [14/Jun/2018:20:43:17 +0800] "GET /data/shop_cart_data.json HTTP/1.0" 200 546
192.168.191.2 - - [14/Jun/2018:20:43:17 +0800] "GET /api/shop_cart.php HTTP/1.1" 200 546
192.168.191.2 - - [14/Jun/2018:20:43:21 +0800] "POST /api/shop_cart_count.php HTTP/1.1" 404 221
192.168.191.2 - - [14/Jun/2018:20:43:27 +0800] "POST /api/shop_cart_count.php HTTP/1.1" 404 221
192.168.191.2 - - [14/Jun/2018:20:43:30 +0800] "POST /api/shop_cart_count.php HTTP/1.1" 404 221
192.168.191.2 - - [14/Jun/2018:20:43:32 +0800] "POST /api/%E4%BD%A0%E7%9A%84%E7%94%9F%E6%88%90%E8%AE%A2%E5%8D%95%E7%9A%84API HTTP/1.1" 404 226
192.168.191.2 - - [14/Jun/2018:20:43:35 +0800] "POST /api/%E4%BD%A0%E7%9A%84%E7%94%9F%E6%88%90%E8%AE%A2%E5%8D%95%E7%9A%84API HTTP/1.1" 404 226
127.0.0.1 - - [14/Jun/2018:20:43:50 +0800] "GET /data/index_data.json HTTP/1.0" 200 2573
192.168.191.2 - - [14/Jun/2018:20:43:50 +0800] "GET /api/index.php HTTP/1.1" 200 2573
127.0.0.1 - - [14/Jun/2018:20:43:52 +0800] "GET /data/shop_cart_data.json HTTP/1.0" 200 546
192.168.191.2 - - [14/Jun/2018:20:43:52 +0800] "GET /api/shop_cart.php HTTP/1.1" 200 546
192.168.191.2 - - [14/Jun/2018:20:43:55 +0800] "POST /api/shop_cart_count.php HTTP/1.1" 404 221
127.0.0.1 - - [14/Jun/2018:20:43:57 +0800] "GET /data/sort_content_data.json HTTP/1.0" 200 823
192.168.191.2 - - [14/Jun/2018:20:43:57 +0800] "GET /api/sort_content_list.php?contentId=1&count=1 HTTP/1.1" 200 823
127.0.0.1 - - [14/Jun/2018:20:43:57 +0800] "GET /data/sort_list_data.json HTTP/1.0" 200 647
192.168.191.2 - - [14/Jun/2018:20:43:57 +0800] "GET /api/sort_list.php?count=1 HTTP/1.1" 200 647
192.168.191.2 - - [14/Jun/2018:20:43:59 +0800] "GET /find/faxian.html HTTP/1.1" 200 242807
192.168.191.2 - - [14/Jun/2018:20:43:59 +0800] "GET /find/img/article-author-pic1.webp HTTP/1.1" 404 231
192.168.191.2 - - [14/Jun/2018:20:43:59 +0800] "GET /find/img/article-author-pic2.webp HTTP/1.1" 404 231
192.168.191.2 - - [14/Jun/2018:20:43:59 +0800] "GET /find/img/article-author-pic3.webp HTTP/1.1" 404 231
192.168.191.2 - - [14/Jun/2018:20:43:59 +0800] "GET /favicon.ico HTTP/1.1" 404 209
127.0.0.1 - - [14/Jun/2018:20:44:13 +0800] "GET /data/index_data.json HTTP/1.0" 200 2573
192.168.191.2 - - [14/Jun/2018:20:44:13 +0800] "GET /api/index.php?count=1 HTTP/1.1" 200 2573
127.0.0.1 - - [14/Jun/2018:20:44:30 +0800] "GET /data/index_data.json HTTP/1.0" 200 2573
192.168.191.2 - - [14/Jun/2018:20:44:30 +0800] "GET /api/index.php HTTP/1.1" 200 2573
127.0.0.1 - - [14/Jun/2018:20:44:35 +0800] "GET /data/sort_content_data.json HTTP/1.0" 200 823
192.168.191.2 - - [14/Jun/2018:20:44:35 +0800] "GET /api/sort_content_list.php?contentId=1 HTTP/1.1" 200 823
127.0.0.1 - - [14/Jun/2018:20:44:35 +0800] "GET /data/sort_list_data.json HTTP/1.0" 200 647
192.168.191.2 - - [14/Jun/2018:20:44:35 +0800] "GET /api/sort_list.php HTTP/1.1" 200 647
192.168.191.2 - - [14/Jun/2018:20:44:39 +0800] "GET /find/faxian.html HTTP/1.1" 200 242807
192.168.191.2 - - [14/Jun/2018:20:44:40 +0800] "GET /find/img/article-author-pic1.webp HTTP/1.1" 404 231
192.168.191.2 - - [14/Jun/2018:20:44:40 +0800] "GET /find/img/article-author-pic2.webp HTTP/1.1" 404 231
192.168.191.2 - - [14/Jun/2018:20:44:40 +0800] "GET /find/img/article-author-pic3.webp HTTP/1.1" 404 231
192.168.191.2 - - [14/Jun/2018:20:44:40 +0800] "GET /favicon.ico HTTP/1.1" 404 209
127.0.0.1 - - [14/Jun/2018:20:44:43 +0800] "GET /data/shop_cart_data.json HTTP/1.0" 200 546
192.168.191.2 - - [14/Jun/2018:20:44:43 +0800] "GET /api/shop_cart.php HTTP/1.1" 200 546
127.0.0.1 - - [14/Jun/2018:20:45:13 +0800] "GET /data/index_data.json HTTP/1.0" 200 2573
192.168.191.2 - - [14/Jun/2018:20:45:13 +0800] "GET /api/index.php HTTP/1.1" 200 2573
127.0.0.1 - - [14/Jun/2018:20:47:56 +0800] "GET /data/user_profile.json HTTP/1.0" 200 151
192.168.191.2 - - [14/Jun/2018:20:47:56 +0800] "POST /api/user_profile.php HTTP/1.1" 200 151
127.0.0.1 - - [14/Jun/2018:20:47:59 +0800] "GET /data/user_profile.json HTTP/1.0" 200 151
192.168.191.2 - - [14/Jun/2018:20:47:59 +0800] "POST /api/user_profile.php HTTP/1.1" 200 151
127.0.0.1 - - [14/Jun/2018:20:53:36 +0800] "GET /data/index_data.json HTTP/1.0" 200 2573
192.168.191.2 - - [14/Jun/2018:20:53:36 +0800] "GET /api/index.php HTTP/1.1" 200 2573
127.0.0.1 - - [14/Jun/2018:20:53:41 +0800] "GET /data/sort_content_data.json HTTP/1.0" 200 823
192.168.191.2 - - [14/Jun/2018:20:53:41 +0800] "GET /api/sort_content_list.php?contentId=1 HTTP/1.1" 200 823
127.0.0.1 - - [14/Jun/2018:20:53:41 +0800] "GET /data/sort_list_data.json HTTP/1.0" 200 647
192.168.191.2 - - [14/Jun/2018:20:53:41 +0800] "GET /api/sort_list.php HTTP/1.1" 200 647
127.0.0.1 - - [14/Jun/2018:20:53:44 +0800] "GET /data/sort_content_data.json HTTP/1.0" 200 823
192.168.191.2 - - [14/Jun/2018:20:53:44 +0800] "GET /api/sort_content_list.php?contentId=2 HTTP/1.1" 200 823
127.0.0.1 - - [14/Jun/2018:20:53:45 +0800] "GET /data/sort_content_data.json HTTP/1.0" 200 823
192.168.191.2 - - [14/Jun/2018:20:53:45 +0800] "GET /api/sort_content_list.php?contentId=1 HTTP/1.1" 200 823
192.168.191.2 - - [14/Jun/2018:20:53:49 +0800] "GET /find/faxian.html HTTP/1.1" 200 242807
192.168.191.2 - - [14/Jun/2018:20:53:50 +0800] "GET /find/img/article-author-pic1.webp HTTP/1.1" 404 231
192.168.191.2 - - [14/Jun/2018:20:53:50 +0800] "GET /find/img/article-author-pic2.webp HTTP/1.1" 404 231
192.168.191.2 - - [14/Jun/2018:20:53:50 +0800] "GET /find/img/article-author-pic3.webp HTTP/1.1" 404 231
192.168.191.2 - - [14/Jun/2018:20:53:50 +0800] "GET /favicon.ico HTTP/1.1" 404 209
127.0.0.1 - - [14/Jun/2018:20:53:53 +0800] "GET /data/shop_cart_data.json HTTP/1.0" 200 546
192.168.191.2 - - [14/Jun/2018:20:53:53 +0800] "GET /api/shop_cart.php HTTP/1.1" 200 546
192.168.191.2 - - [14/Jun/2018:20:53:56 +0800] "POST /api/shop_cart_count.php HTTP/1.1" 404 221
192.168.191.2 - - [14/Jun/2018:20:53:58 +0800] "POST /api/shop_cart_count.php HTTP/1.1" 404 221
127.0.0.1 - - [14/Jun/2018:20:54:20 +0800] "GET /data/index_data.json HTTP/1.0" 200 2573
192.168.191.2 - - [14/Jun/2018:20:54:20 +0800] "GET /api/index.php?count=1 HTTP/1.1" 200 2573
127.0.0.1 - - [14/Jun/2018:20:54:42 +0800] "GET /data/index_data.json HTTP/1.0" 200 2573
192.168.191.2 - - [14/Jun/2018:20:54:42 +0800] "GET /api/index.php HTTP/1.1" 200 2573
127.0.0.1 - - [14/Jun/2018:20:56:29 +0800] "GET /data/user_profile.json HTTP/1.0" 200 151
192.168.191.2 - - [14/Jun/2018:20:56:29 +0800] "POST /api/user_profile.php HTTP/1.1" 200 151
127.0.0.1 - - [14/Jun/2018:20:57:42 +0800] "GET /data/index_data.json HTTP/1.0" 200 2573
192.168.191.2 - - [14/Jun/2018:20:57:42 +0800] "GET /api/index.php HTTP/1.1" 200 2573
127.0.0.1 - - [14/Jun/2018:20:57:44 +0800] "GET /data/sort_content_data.json HTTP/1.0" 200 823
192.168.191.2 - - [14/Jun/2018:20:57:44 +0800] "GET /api/sort_content_list.php?contentId=1 HTTP/1.1" 200 823
127.0.0.1 - - [14/Jun/2018:20:57:44 +0800] "GET /data/sort_list_data.json HTTP/1.0" 200 647
192.168.191.2 - - [14/Jun/2018:20:57:44 +0800] "GET /api/sort_list.php HTTP/1.1" 200 647
192.168.191.2 - - [14/Jun/2018:20:58:13 +0800] "GET /find/faxian.html HTTP/1.1" 200 242807
192.168.191.2 - - [14/Jun/2018:20:58:13 +0800] "GET /find/CSS/faxian.css HTTP/1.1" 200 8868
192.168.191.2 - - [14/Jun/2018:20:58:13 +0800] "GET /find/images/58f72661N8961cd75.jpg!q65.webp HTTP/1.1" 200 596
192.168.191.2 - - [14/Jun/2018:20:58:13 +0800] "GET /find/images/5a338707Nac9701b9.jpg!q65.webp HTTP/1.1" 200 1866
192.168.191.2 - - [14/Jun/2018:20:58:13 +0800] "GET /find/img/article-author-pic2.webp HTTP/1.1" 404 231
192.168.191.2 - - [14/Jun/2018:20:58:13 +0800] "GET /find/images/59095a86N1cfcc0a5.jpg!q65.webp HTTP/1.1" 200 1270
192.168.191.2 - - [14/Jun/2018:20:58:13 +0800] "GET /find/images/5a31eea3Ne95e04d8.jpg!q65.webp HTTP/1.1" 200 3250
192.168.191.2 - - [14/Jun/2018:20:58:13 +0800] "GET /find/img/article-author-pic1.webp HTTP/1.1" 404 231
192.168.191.2 - - [14/Jun/2018:20:58:13 +0800] "GET /find/img/article-author-pic3.webp HTTP/1.1" 404 231
192.168.191.2 - - [14/Jun/2018:20:58:13 +0800] "GET /find/images/down-navi-arrow_img.png HTTP/1.1" 200 401
192.168.191.2 - - [14/Jun/2018:20:58:13 +0800] "GET /find/images/article-time.png HTTP/1.1" 200 552
192.168.191.2 - - [14/Jun/2018:20:58:13 +0800] "GET /find/images/article-viewed.png HTTP/1.1" 200 723
192.168.191.2 - - [14/Jun/2018:20:58:14 +0800] "GET /favicon.ico HTTP/1.1" 404 209
127.0.0.1 - - [14/Jun/2018:20:58:15 +0800] "GET /data/shop_cart_data.json HTTP/1.0" 200 546
192.168.191.2 - - [14/Jun/2018:20:58:15 +0800] "GET /api/shop_cart.php HTTP/1.1" 200 546
127.0.0.1 - - [14/Jun/2018:20:59:24 +0800] "GET /data/index_data.json HTTP/1.0" 200 2573
192.168.191.2 - - [14/Jun/2018:20:59:24 +0800] "GET /api/index.php HTTP/1.1" 200 2573
127.0.0.1 - - [14/Jun/2018:21:00:17 +0800] "GET /data/index_data.json HTTP/1.0" 200 2573
192.168.191.2 - - [14/Jun/2018:21:00:17 +0800] "GET /api/index.php HTTP/1.1" 200 2573
127.0.0.1 - - [14/Jun/2018:21:00:22 +0800] "GET /data/sort_content_data.json HTTP/1.0" 200 823
192.168.191.2 - - [14/Jun/2018:21:00:22 +0800] "GET /api/sort_content_list.php?contentId=1 HTTP/1.1" 200 823
127.0.0.1 - - [14/Jun/2018:21:00:22 +0800] "GET /data/sort_list_data.json HTTP/1.0" 200 647
192.168.191.2 - - [14/Jun/2018:21:00:22 +0800] "GET /api/sort_list.php HTTP/1.1" 200 647
192.168.191.2 - - [14/Jun/2018:21:00:24 +0800] "GET /find/faxian.html HTTP/1.1" 200 242807
192.168.191.2 - - [14/Jun/2018:21:00:24 +0800] "GET /find/img/article-author-pic2.webp HTTP/1.1" 404 231
192.168.191.2 - - [14/Jun/2018:21:00:24 +0800] "GET /find/img/article-author-pic3.webp HTTP/1.1" 404 231
192.168.191.2 - - [14/Jun/2018:21:00:24 +0800] "GET /find/img/article-author-pic1.webp HTTP/1.1" 404 231
192.168.191.2 - - [14/Jun/2018:21:00:25 +0800] "GET /favicon.ico HTTP/1.1" 404 209
127.0.0.1 - - [14/Jun/2018:21:00:26 +0800] "GET /data/shop_cart_data.json HTTP/1.0" 200 546
192.168.191.2 - - [14/Jun/2018:21:00:26 +0800] "GET /api/shop_cart.php HTTP/1.1" 200 546
127.0.0.1 - - [14/Jun/2018:21:03:26 +0800] "GET /data/user_profile.json HTTP/1.0" 200 151
192.168.191.2 - - [14/Jun/2018:21:03:26 +0800] "POST /api/user_profile.php HTTP/1.1" 200 151
127.0.0.1 - - [14/Jun/2018:21:05:43 +0800] "GET /data/user_profile.json HTTP/1.0" 200 151
192.168.191.2 - - [14/Jun/2018:21:05:43 +0800] "POST /api/user_profile.php HTTP/1.1" 200 151
127.0.0.1 - - [14/Jun/2018:21:10:24 +0800] "GET /data/index_data.json HTTP/1.0" 200 2573
192.168.191.2 - - [14/Jun/2018:21:10:24 +0800] "GET /api/index.php HTTP/1.1" 200 2573
127.0.0.1 - - [14/Jun/2018:21:10:28 +0800] "GET /data/sort_content_data.json HTTP/1.0" 200 823
192.168.191.2 - - [14/Jun/2018:21:10:28 +0800] "GET /api/sort_content_list.php?contentId=1 HTTP/1.1" 200 823
127.0.0.1 - - [14/Jun/2018:21:10:28 +0800] "GET /data/sort_list_data.json HTTP/1.0" 200 647
192.168.191.2 - - [14/Jun/2018:21:10:28 +0800] "GET /api/sort_list.php HTTP/1.1" 200 647
192.168.191.2 - - [14/Jun/2018:21:10:30 +0800] "GET /find/faxian.html HTTP/1.1" 200 242807
192.168.191.2 - - [14/Jun/2018:21:10:30 +0800] "GET /find/CSS/faxian.css HTTP/1.1" 200 8868
192.168.191.2 - - [14/Jun/2018:21:10:30 +0800] "GET /find/images/58f72661N8961cd75.jpg!q65.webp HTTP/1.1" 200 596
192.168.191.2 - - [14/Jun/2018:21:10:30 +0800] "GET /find/images/5a338707Nac9701b9.jpg!q65.webp HTTP/1.1" 200 1866
192.168.191.2 - - [14/Jun/2018:21:10:30 +0800] "GET /find/images/59095a86N1cfcc0a5.jpg!q65.webp HTTP/1.1" 200 1270
192.168.191.2 - - [14/Jun/2018:21:10:30 +0800] "GET /find/images/5a31eea3Ne95e04d8.jpg!q65.webp HTTP/1.1" 200 3250
192.168.191.2 - - [14/Jun/2018:21:10:30 +0800] "GET /find/img/article-author-pic1.webp HTTP/1.1" 404 231
192.168.191.2 - - [14/Jun/2018:21:10:30 +0800] "GET /find/img/article-author-pic2.webp HTTP/1.1" 404 231
192.168.191.2 - - [14/Jun/2018:21:10:30 +0800] "GET /find/img/article-author-pic3.webp HTTP/1.1" 404 231
192.168.191.2 - - [14/Jun/2018:21:10:30 +0800] "GET /find/images/down-navi-arrow_img.png HTTP/1.1" 200 401
192.168.191.2 - - [14/Jun/2018:21:10:30 +0800] "GET /find/images/article-time.png HTTP/1.1" 200 552
192.168.191.2 - - [14/Jun/2018:21:10:30 +0800] "GET /find/images/article-viewed.png HTTP/1.1" 200 723
192.168.191.2 - - [14/Jun/2018:21:10:31 +0800] "GET /favicon.ico HTTP/1.1" 404 209
127.0.0.1 - - [14/Jun/2018:21:10:35 +0800] "GET /data/shop_cart_data.json HTTP/1.0" 200 546
192.168.191.2 - - [14/Jun/2018:21:10:35 +0800] "GET /api/shop_cart.php HTTP/1.1" 200 546
127.0.0.1 - - [14/Jun/2018:21:11:31 +0800] "GET /data/user_profile.json HTTP/1.0" 200 151
192.168.191.2 - - [14/Jun/2018:21:11:31 +0800] "POST /api/user_profile.php HTTP/1.1" 200 151
127.0.0.1 - - [14/Jun/2018:21:11:32 +0800] "GET /data/index_data.json HTTP/1.0" 200 2573
192.168.191.2 - - [14/Jun/2018:21:11:32 +0800] "GET /api/index.php?password=123456&email=123@qq.com HTTP/1.1" 200 2573
127.0.0.1 - - [14/Jun/2018:21:11:37 +0800] "GET /data/sort_content_data.json HTTP/1.0" 200 823
192.168.191.2 - - [14/Jun/2018:21:11:37 +0800] "GET /api/sort_content_list.php?contentId=1&password=123456&email=123@qq.com HTTP/1.1" 200 823
127.0.0.1 - - [14/Jun/2018:21:11:37 +0800] "GET /data/sort_list_data.json HTTP/1.0" 200 647
192.168.191.2 - - [14/Jun/2018:21:11:37 +0800] "GET /api/sort_list.php?password=123456&email=123@qq.com HTTP/1.1" 200 647
192.168.191.2 - - [14/Jun/2018:21:11:39 +0800] "GET /find/faxian.html HTTP/1.1" 200 242807
192.168.191.2 - - [14/Jun/2018:21:11:39 +0800] "GET /find/CSS/faxian.css HTTP/1.1" 200 8868
192.168.191.2 - - [14/Jun/2018:21:11:39 +0800] "GET /find/images/58f72661N8961cd75.jpg!q65.webp HTTP/1.1" 200 596
192.168.191.2 - - [14/Jun/2018:21:11:39 +0800] "GET /find/images/5a338707Nac9701b9.jpg!q65.webp HTTP/1.1" 200 1866
192.168.191.2 - - [14/Jun/2018:21:11:39 +0800] "GET /find/images/59095a86N1cfcc0a5.jpg!q65.webp HTTP/1.1" 200 1270
192.168.191.2 - - [14/Jun/2018:21:11:39 +0800] "GET /find/images/5a31eea3Ne95e04d8.jpg!q65.webp HTTP/1.1" 200 3250
192.168.191.2 - - [14/Jun/2018:21:11:39 +0800] "GET /find/img/article-author-pic1.webp HTTP/1.1" 404 231
192.168.191.2 - - [14/Jun/2018:21:11:39 +0800] "GET /find/img/article-author-pic2.webp HTTP/1.1" 404 231
192.168.191.2 - - [14/Jun/2018:21:11:39 +0800] "GET /find/img/article-author-pic3.webp HTTP/1.1" 404 231
192.168.191.2 - - [14/Jun/2018:21:11:39 +0800] "GET /find/images/down-navi-arrow_img.png HTTP/1.1" 200 401
192.168.191.2 - - [14/Jun/2018:21:11:39 +0800] "GET /find/images/article-time.png HTTP/1.1" 200 552
192.168.191.2 - - [14/Jun/2018:21:11:39 +0800] "GET /find/images/article-viewed.png HTTP/1.1" 200 723
192.168.191.2 - - [14/Jun/2018:21:11:39 +0800] "GET /favicon.ico HTTP/1.1" 404 209
127.0.0.1 - - [14/Jun/2018:21:11:42 +0800] "GET /data/shop_cart_data.json HTTP/1.0" 200 546
192.168.191.2 - - [14/Jun/2018:21:11:42 +0800] "GET /api/shop_cart.php?password=123456&email=123@qq.com HTTP/1.1" 200 546
127.0.0.1 - - [14/Jun/2018:21:17:24 +0800] "GET /data/index_data.json HTTP/1.0" 200 2573
192.168.191.2 - - [14/Jun/2018:21:17:24 +0800] "GET /api/index.php HTTP/1.1" 200 2573
127.0.0.1 - - [14/Jun/2018:21:17:26 +0800] "GET /data/shop_cart_data.json HTTP/1.0" 200 546
192.168.191.2 - - [14/Jun/2018:21:17:26 +0800] "GET /api/shop_cart.php HTTP/1.1" 200 546
192.168.191.2 - - [14/Jun/2018:21:17:30 +0800] "POST /api/shop_cart_count.php HTTP/1.1" 404 221
192.168.191.2 - - [14/Jun/2018:21:17:31 +0800] "POST /api/shop_cart_count.php HTTP/1.1" 404 221
192.168.191.2 - - [14/Jun/2018:21:18:02 +0800] "POST /api/shop_cart_count.php HTTP/1.1" 404 221
192.168.191.2 - - [14/Jun/2018:21:18:22 +0800] "GET /find/faxian.html HTTP/1.1" 200 242807
192.168.191.2 - - [14/Jun/2018:21:18:22 +0800] "GET /find/img/article-author-pic1.webp HTTP/1.1" 404 231
192.168.191.2 - - [14/Jun/2018:21:18:22 +0800] "GET /find/img/article-author-pic2.webp HTTP/1.1" 404 231
192.168.191.2 - - [14/Jun/2018:21:18:22 +0800] "GET /find/img/article-author-pic3.webp HTTP/1.1" 404 231
192.168.191.2 - - [14/Jun/2018:21:18:22 +0800] "GET /favicon.ico HTTP/1.1" 404 209
127.0.0.1 - - [14/Jun/2018:21:18:23 +0800] "GET /data/index_data.json HTTP/1.0" 200 2573
192.168.191.2 - - [14/Jun/2018:21:18:23 +0800] "GET /api/index.php?count=1 HTTP/1.1" 200 2573
127.0.0.1 - - [14/Jun/2018:22:53:21 +0800] "GET /data/index_data.json HTTP/1.0" 200 2573
192.168.191.2 - - [14/Jun/2018:22:53:21 +0800] "GET /api/index.php HTTP/1.1" 200 2573
127.0.0.1 - - [14/Jun/2018:22:53:23 +0800] "GET /data/sort_content_data.json HTTP/1.0" 200 823
192.168.191.2 - - [14/Jun/2018:22:53:23 +0800] "GET /api/sort_content_list.php?contentId=1 HTTP/1.1" 200 823
127.0.0.1 - - [14/Jun/2018:22:53:23 +0800] "GET /data/sort_list_data.json HTTP/1.0" 200 647
192.168.191.2 - - [14/Jun/2018:22:53:23 +0800] "GET /api/sort_list.php HTTP/1.1" 200 647
192.168.191.2 - - [14/Jun/2018:22:53:25 +0800] "GET /find/faxian.html HTTP/1.1" 200 242807
192.168.191.2 - - [14/Jun/2018:22:53:26 +0800] "GET /find/img/article-author-pic1.webp HTTP/1.1" 404 231
192.168.191.2 - - [14/Jun/2018:22:53:26 +0800] "GET /find/img/article-author-pic3.webp HTTP/1.1" 404 231
192.168.191.2 - - [14/Jun/2018:22:53:26 +0800] "GET /find/img/article-author-pic2.webp HTTP/1.1" 404 231
192.168.191.2 - - [14/Jun/2018:22:53:26 +0800] "GET /favicon.ico HTTP/1.1" 404 209
127.0.0.1 - - [14/Jun/2018:22:53:30 +0800] "GET /data/shop_cart_data.json HTTP/1.0" 200 546
192.168.191.2 - - [14/Jun/2018:22:53:30 +0800] "GET /api/shop_cart.php HTTP/1.1" 200 546
192.168.191.2 - - [14/Jun/2018:22:53:32 +0800] "POST /api/shop_cart_count.php HTTP/1.1" 404 221
192.168.191.2 - - [14/Jun/2018:22:53:36 +0800] "POST /api/shop_cart_count.php HTTP/1.1" 404 221
192.168.191.2 - - [14/Jun/2018:22:53:47 +0800] "POST /api/shop_cart_count.php HTTP/1.1" 404 221
192.168.191.2 - - [14/Jun/2018:22:53:53 +0800] "POST /api/shop_cart_count.php HTTP/1.1" 404 221
192.168.191.2 - - [14/Jun/2018:22:55:03 +0800] "POST /api/shop_cart_count.php HTTP/1.1" 404 221
192.168.191.2 - - [14/Jun/2018:22:55:20 +0800] "POST /api/shop_cart_count.php HTTP/1.1" 404 221
192.168.191.2 - - [14/Jun/2018:23:03:55 +0800] "POST /api/shop_cart_count.php HTTP/1.1" 200 -
192.168.191.2 - - [14/Jun/2018:23:03:57 +0800] "POST /api/shop_cart_count.php HTTP/1.1" 200 -
192.168.191.2 - - [14/Jun/2018:23:03:59 +0800] "POST /api/shop_cart_count.php HTTP/1.1" 200 -
192.168.191.2 - - [14/Jun/2018:23:04:01 +0800] "POST /api/shop_cart_count.php HTTP/1.1" 200 -
192.168.191.2 - - [14/Jun/2018:23:04:02 +0800] "POST /api/shop_cart_count.php HTTP/1.1" 200 -
192.168.191.2 - - [14/Jun/2018:23:04:04 +0800] "POST /api/shop_cart_count.php HTTP/1.1" 200 -
192.168.191.2 - - [14/Jun/2018:23:04:08 +0800] "POST /api/shop_cart_count.php HTTP/1.1" 200 -
192.168.191.2 - - [14/Jun/2018:23:04:13 +0800] "POST /api/shop_cart_count.php HTTP/1.1" 200 -
192.168.191.2 - - [14/Jun/2018:23:04:14 +0800] "POST /api/shop_cart_count.php HTTP/1.1" 200 -
192.168.191.2 - - [14/Jun/2018:23:04:16 +0800] "POST /api/shop_cart_count.php HTTP/1.1" 200 -
192.168.191.2 - - [14/Jun/2018:23:04:25 +0800] "POST /api/%E4%BD%A0%E7%9A%84%E7%94%9F%E6%88%90%E8%AE%A2%E5%8D%95%E7%9A%84API HTTP/1.1" 404 226
192.168.191.2 - - [14/Jun/2018:23:04:32 +0800] "POST /api/shop_cart_count.php HTTP/1.1" 200 -
192.168.191.2 - - [14/Jun/2018:23:04:33 +0800] "POST /api/shop_cart_count.php HTTP/1.1" 200 -
192.168.191.2 - - [14/Jun/2018:23:04:36 +0800] "POST /api/%E4%BD%A0%E7%9A%84%E7%94%9F%E6%88%90%E8%AE%A2%E5%8D%95%E7%9A%84API HTTP/1.1" 404 226
127.0.0.1 - - [14/Jun/2018:23:04:54 +0800] "GET /data/index_data.json HTTP/1.0" 200 2573
192.168.191.2 - - [14/Jun/2018:23:04:54 +0800] "GET /api/index.php HTTP/1.1" 200 2573
192.168.191.2 - - [14/Jun/2018:23:04:55 +0800] "GET /find/faxian.html HTTP/1.1" 200 242807
192.168.191.2 - - [14/Jun/2018:23:04:55 +0800] "GET /find/img/article-author-pic2.webp HTTP/1.1" 404 231
192.168.191.2 - - [14/Jun/2018:23:04:55 +0800] "GET /find/img/article-author-pic1.webp HTTP/1.1" 404 231
192.168.191.2 - - [14/Jun/2018:23:04:55 +0800] "GET /find/img/article-author-pic3.webp HTTP/1.1" 404 231
192.168.191.2 - - [14/Jun/2018:23:04:56 +0800] "GET /favicon.ico HTTP/1.1" 404 209
127.0.0.1 - - [14/Jun/2018:23:04:57 +0800] "GET /data/shop_cart_data.json HTTP/1.0" 200 546
192.168.191.2 - - [14/Jun/2018:23:04:57 +0800] "GET /api/shop_cart.php HTTP/1.1" 200 546
192.168.191.2 - - [14/Jun/2018:23:05:56 +0800] "-" 408 -
192.168.191.4 - - [15/Jun/2018:21:00:24 +0800] "GET / HTTP/1.1" 200 81015
192.168.191.4 - - [15/Jun/2018:21:02:35 +0800] "GET / HTTP/1.1" 200 81015
192.168.191.4 - - [15/Jun/2018:21:36:05 +0800] "GET / HTTP/1.1" 200 81015
192.168.191.4 - - [15/Jun/2018:21:53:26 +0800] "GET / HTTP/1.1" 200 81013
192.168.191.4 - - [15/Jun/2018:21:58:25 +0800] "GET / HTTP/1.1" 200 81015
127.0.0.1 - - [17/Jun/2018:18:29:38 +0800] "GET /index.php HTTP/1.1" 200 82116
127.0.0.1 - - [17/Jun/2018:18:29:41 +0800] "GET /favicon.ico HTTP/1.1" 404 209
127.0.0.1 - - [17/Jun/2018:18:31:07 +0800] "GET /data/index_data.json HTTP/1.0" 200 2573
192.168.191.2 - - [17/Jun/2018:18:31:07 +0800] "GET /api/index.php HTTP/1.1" 200 2573
127.0.0.1 - - [17/Jun/2018:18:31:11 +0800] "GET /data/sort_content_data.json HTTP/1.0" 200 823
192.168.191.2 - - [17/Jun/2018:18:31:11 +0800] "GET /api/sort_content_list.php?contentId=1 HTTP/1.1" 200 823
127.0.0.1 - - [17/Jun/2018:18:31:11 +0800] "GET /data/sort_list_data.json HTTP/1.0" 200 647
192.168.191.2 - - [17/Jun/2018:18:31:11 +0800] "GET /api/sort_list.php HTTP/1.1" 200 647
192.168.191.2 - - [17/Jun/2018:18:31:15 +0800] "GET /find/faxian.html HTTP/1.1" 200 242807
192.168.191.2 - - [17/Jun/2018:18:31:15 +0800] "GET /find/img/article-author-pic2.webp HTTP/1.1" 404 231
192.168.191.2 - - [17/Jun/2018:18:31:15 +0800] "GET /find/img/article-author-pic3.webp HTTP/1.1" 404 231
192.168.191.2 - - [17/Jun/2018:18:31:15 +0800] "GET /find/img/article-author-pic1.webp HTTP/1.1" 404 231
192.168.191.2 - - [17/Jun/2018:18:31:16 +0800] "GET /favicon.ico HTTP/1.1" 404 209
127.0.0.1 - - [17/Jun/2018:18:31:18 +0800] "GET /data/shop_cart_data.json HTTP/1.0" 200 546
192.168.191.2 - - [17/Jun/2018:18:31:17 +0800] "GET /api/shop_cart.php HTTP/1.1" 200 546
192.168.191.2 - - [17/Jun/2018:18:31:41 +0800] "POST /api/24647 HTTP/1.1" 404 207
192.168.191.2 - - [17/Jun/2018:18:31:45 +0800] "POST /api/24648 HTTP/1.1" 404 207
127.0.0.1 - - [17/Jun/2018:18:32:21 +0800] "GET /data/index_data.json HTTP/1.0" 200 2573
192.168.191.2 - - [17/Jun/2018:18:32:21 +0800] "GET /api/index.php HTTP/1.1" 200 2573
192.168.191.2 - - [17/Jun/2018:18:32:23 +0800] "GET /find/faxian.html HTTP/1.1" 200 242807
192.168.191.2 - - [17/Jun/2018:18:32:23 +0800] "GET /find/img/article-author-pic3.webp HTTP/1.1" 404 231
192.168.191.2 - - [17/Jun/2018:18:32:23 +0800] "GET /find/img/article-author-pic1.webp HTTP/1.1" 404 231
192.168.191.2 - - [17/Jun/2018:18:32:23 +0800] "GET /find/img/article-author-pic2.webp HTTP/1.1" 404 231
192.168.191.2 - - [17/Jun/2018:18:32:24 +0800] "GET /favicon.ico HTTP/1.1" 404 209
127.0.0.1 - - [17/Jun/2018:18:32:25 +0800] "GET /data/shop_cart_data.json HTTP/1.0" 200 546
192.168.191.2 - - [17/Jun/2018:18:32:25 +0800] "GET /api/shop_cart.php HTTP/1.1" 200 546
192.168.191.2 - - [17/Jun/2018:18:32:33 +0800] "POST /api/shop_cart_count.php HTTP/1.1" 200 -
192.168.191.2 - - [17/Jun/2018:18:32:34 +0800] "POST /api/shop_cart_count.php HTTP/1.1" 200 -
127.0.0.1 - - [18/Jun/2018:12:07:39 +0800] "GET /data/index_data.json HTTP/1.0" 200 2573
192.168.191.2 - - [18/Jun/2018:12:07:38 +0800] "GET /api/index.php HTTP/1.1" 200 2573
127.0.0.1 - - [18/Jun/2018:12:07:42 +0800] "GET /data/sort_content_data.json HTTP/1.0" 200 823
192.168.191.2 - - [18/Jun/2018:12:07:42 +0800] "GET /api/sort_content_list.php?contentId=1 HTTP/1.1" 200 823
127.0.0.1 - - [18/Jun/2018:12:07:42 +0800] "GET /data/sort_list_data.json HTTP/1.0" 200 647
192.168.191.2 - - [18/Jun/2018:12:07:42 +0800] "GET /api/sort_list.php HTTP/1.1" 200 647
192.168.191.2 - - [18/Jun/2018:12:07:45 +0800] "GET /find/faxian.html HTTP/1.1" 200 242807
192.168.191.2 - - [18/Jun/2018:12:07:45 +0800] "GET /find/img/article-author-pic2.webp HTTP/1.1" 404 231
192.168.191.2 - - [18/Jun/2018:12:07:45 +0800] "GET /find/img/article-author-pic1.webp HTTP/1.1" 404 231
192.168.191.2 - - [18/Jun/2018:12:07:45 +0800] "GET /find/img/article-author-pic3.webp HTTP/1.1" 404 231
192.168.191.2 - - [18/Jun/2018:12:07:46 +0800] "GET /favicon.ico HTTP/1.1" 404 209
127.0.0.1 - - [18/Jun/2018:12:07:49 +0800] "GET /data/shop_cart_data.json HTTP/1.0" 200 546
192.168.191.2 - - [18/Jun/2018:12:07:49 +0800] "GET /api/shop_cart.php HTTP/1.1" 200 546
192.168.191.2 - - [18/Jun/2018:12:07:52 +0800] "POST /api/shop_cart_count.php HTTP/1.1" 200 -
192.168.191.2 - - [18/Jun/2018:12:08:01 +0800] "POST /api/24649 HTTP/1.1" 404 207
127.0.0.1 - - [18/Jun/2018:12:52:43 +0800] "GET /data/index_data.json HTTP/1.0" 200 2573
192.168.191.2 - - [18/Jun/2018:12:52:43 +0800] "GET /api/index.php HTTP/1.1" 200 2573
127.0.0.1 - - [18/Jun/2018:12:52:45 +0800] "GET /data/sort_content_data.json HTTP/1.0" 200 823
192.168.191.2 - - [18/Jun/2018:12:52:45 +0800] "GET /api/sort_content_list.php?contentId=1 HTTP/1.1" 200 823
127.0.0.1 - - [18/Jun/2018:12:52:45 +0800] "GET /data/sort_list_data.json HTTP/1.0" 200 647
192.168.191.2 - - [18/Jun/2018:12:52:45 +0800] "GET /api/sort_list.php HTTP/1.1" 200 647
192.168.191.2 - - [18/Jun/2018:12:52:48 +0800] "GET /find/faxian.html HTTP/1.1" 200 242807
192.168.191.2 - - [18/Jun/2018:12:52:49 +0800] "GET /find/img/article-author-pic1.webp HTTP/1.1" 404 231
