192.168.191.2 - - [19/Jun/2018:21:53:09 +0800] "GET /api/index.php HTTP/1.1" 200 2573
127.0.0.1 - - [19/Jun/2018:21:53:11 +0800] "GET /data/goods_detail_data_0.json HTTP/1.0" 404 227
192.168.191.2 - - [19/Jun/2018:21:53:11 +0800] "GET /api/goods_detail.php?goods_id=0 HTTP/1.1" 200 225
127.0.0.1 - - [19/Jun/2018:21:53:17 +0800] "GET /data/index_data.json HTTP/1.0" 200 2573
192.168.191.2 - - [19/Jun/2018:21:53:17 +0800] "GET /api/index.php HTTP/1.1" 200 2573
127.0.0.1 - - [19/Jun/2018:21:53:18 +0800] "GET /data/goods_detail_data_1.json HTTP/1.0" 200 2561
192.168.191.2 - - [19/Jun/2018:21:53:18 +0800] "GET /api/goods_detail.php?goods_id=1 HTTP/1.1" 200 2561
127.0.0.1 - - [19/Jun/2018:21:53:27 +0800] "GET /data/about.json HTTP/1.0" 200 64
192.168.191.2 - - [19/Jun/2018:21:53:27 +0800] "POST /api/add_shop_cart_count.php HTTP/1.1" 200 64
127.0.0.1 - - [19/Jun/2018:21:55:24 +0800] "GET /data/index_data.json HTTP/1.0" 200 2573
192.168.191.2 - - [19/Jun/2018:21:55:24 +0800] "GET /api/index.php HTTP/1.1" 200 2573
127.0.0.1 - - [19/Jun/2018:21:55:25 +0800] "GET /data/goods_detail_data_1.json HTTP/1.0" 200 2902
192.168.191.2 - - [19/Jun/2018:21:55:25 +0800] "GET /api/goods_detail.php?goods_id=1 HTTP/1.1" 200 2902
127.0.0.1 - - [19/Jun/2018:21:55:51 +0800] "GET /data/about.json HTTP/1.0" 200 64
192.168.191.2 - - [19/Jun/2018:21:55:51 +0800] "POST /api/add_shop_cart_count.php HTTP/1.1" 200 64
127.0.0.1 - - [19/Jun/2018:21:56:02 +0800] "GET /data/index_data.json HTTP/1.0" 200 2573
192.168.191.2 - - [19/Jun/2018:21:56:02 +0800] "GET /api/index.php HTTP/1.1" 200 2573
127.0.0.1 - - [19/Jun/2018:21:56:10 +0800] "GET /data/goods_detail_data_1.json HTTP/1.0" 200 2902
192.168.191.2 - - [19/Jun/2018:21:56:10 +0800] "GET /api/goods_detail.php?goods_id=1 HTTP/1.1" 200 2902
127.0.0.1 - - [19/Jun/2018:21:56:13 +0800] "GET /data/about.json HTTP/1.0" 200 64
192.168.191.2 - - [19/Jun/2018:21:56:13 +0800] "POST /api/add_shop_cart_count.php HTTP/1.1" 200 64
127.0.0.1 - - [19/Jun/2018:21:56:52 +0800] "GET /data/index_data.json HTTP/1.0" 200 2573
192.168.191.2 - - [19/Jun/2018:21:56:52 +0800] "GET /api/index.php HTTP/1.1" 200 2573
127.0.0.1 - - [19/Jun/2018:21:56:54 +0800] "GET /data/goods_detail_data_2.json HTTP/1.0" 404 227
192.168.191.2 - - [19/Jun/2018:21:56:54 +0800] "GET /api/goods_detail.php?goods_id=2 HTTP/1.1" 200 225
127.0.0.1 - - [19/Jun/2018:21:56:59 +0800] "GET /data/index_data.json HTTP/1.0" 200 2573
192.168.191.2 - - [19/Jun/2018:21:56:59 +0800] "GET /api/index.php HTTP/1.1" 200 2573
127.0.0.1 - - [19/Jun/2018:21:57:03 +0800] "GET /data/goods_detail_data_1.json HTTP/1.0" 200 2902
192.168.191.2 - - [19/Jun/2018:21:57:03 +0800] "GET /api/goods_detail.php?goods_id=1 HTTP/1.1" 200 2902
127.0.0.1 - - [19/Jun/2018:21:57:55 +0800] "GET /data/sort_content_data.json HTTP/1.0" 200 823
192.168.191.2 - - [19/Jun/2018:21:57:55 +0800] "GET /api/sort_content_list.php?contentId=1&goods_id=1 HTTP/1.1" 200 823
127.0.0.1 - - [19/Jun/2018:21:57:55 +0800] "GET /data/sort_list_data.json HTTP/1.0" 200 647
192.168.191.2 - - [19/Jun/2018:21:57:55 +0800] "GET /api/sort_list.php?goods_id=1 HTTP/1.1" 200 647
127.0.0.1 - - [19/Jun/2018:21:58:00 +0800] "GET /data/sort_content_data.json HTTP/1.0" 200 823
192.168.191.2 - - [19/Jun/2018:21:58:00 +0800] "GET /api/sort_content_list.php?contentId=8&goods_id=1 HTTP/1.1" 200 823
192.168.191.2 - - [19/Jun/2018:21:58:03 +0800] "GET /find/faxian.html HTTP/1.1" 200 242807
192.168.191.2 - - [19/Jun/2018:21:58:03 +0800] "GET /find/img/article-author-pic1.webp HTTP/1.1" 404 231
192.168.191.2 - - [19/Jun/2018:21:58:03 +0800] "GET /find/img/article-author-pic2.webp HTTP/1.1" 404 231
192.168.191.2 - - [19/Jun/2018:21:58:03 +0800] "GET /find/img/article-author-pic3.webp HTTP/1.1" 404 231
192.168.191.2 - - [19/Jun/2018:21:58:04 +0800] "GET /favicon.ico HTTP/1.1" 404 209
127.0.0.1 - - [19/Jun/2018:21:58:16 +0800] "GET /data/shop_cart_data.json HTTP/1.0" 200 546
192.168.191.2 - - [19/Jun/2018:21:58:16 +0800] "GET /api/shop_cart.php?goods_id=1 HTTP/1.1" 200 546
127.0.0.1 - - [19/Jun/2018:21:58:27 +0800] "GET /data/goods_detail_data_1.json HTTP/1.0" 200 2902
192.168.191.2 - - [19/Jun/2018:21:58:27 +0800] "GET /api/goods_detail.php?goods_id=1 HTTP/1.1" 200 2902
127.0.0.1 - - [19/Jun/2018:22:01:31 +0800] "GET /data/index_data.json HTTP/1.0" 200 2573
192.168.191.2 - - [19/Jun/2018:22:01:31 +0800] "GET /api/index.php HTTP/1.1" 200 2573
127.0.0.1 - - [19/Jun/2018:22:01:32 +0800] "GET /data/goods_detail_data_1.json HTTP/1.0" 200 2902
192.168.191.2 - - [19/Jun/2018:22:01:32 +0800] "GET /api/goods_detail.php?goods_id=1 HTTP/1.1" 200 2902
127.0.0.1 - - [19/Jun/2018:22:01:35 +0800] "GET /data/add_shop_data.json HTTP/1.0" 404 221
192.168.191.2 - - [19/Jun/2018:22:01:35 +0800] "POST /api/add_shop_cart_count.php HTTP/1.1" 200 226
127.0.0.1 - - [19/Jun/2018:22:02:28 +0800] "GET /data/index_data.json HTTP/1.0" 200 2573
192.168.191.2 - - [19/Jun/2018:22:02:28 +0800] "GET /api/index.php HTTP/1.1" 200 2573
127.0.0.1 - - [19/Jun/2018:22:02:29 +0800] "GET /data/goods_detail_data_1.json HTTP/1.0" 200 2902
192.168.191.2 - - [19/Jun/2018:22:02:29 +0800] "GET /api/goods_detail.php?goods_id=1 HTTP/1.1" 200 2902
127.0.0.1 - - [19/Jun/2018:22:02:32 +0800] "GET /data/add_shop_data.json HTTP/1.0" 200 48
192.168.191.2 - - [19/Jun/2018:22:02:32 +0800] "POST /api/add_shop_cart_count.php HTTP/1.1" 200 48
127.0.0.1 - - [19/Jun/2018:22:02:34 +0800] "GET /data/add_shop_data.json HTTP/1.0" 200 48
192.168.191.2 - - [19/Jun/2018:22:02:34 +0800] "POST /api/add_shop_cart_count.php HTTP/1.1" 200 48
127.0.0.1 - - [19/Jun/2018:22:02:35 +0800] "GET /data/add_shop_data.json HTTP/1.0" 200 48
192.168.191.2 - - [19/Jun/2018:22:02:35 +0800] "POST /api/add_shop_cart_count.php HTTP/1.1" 200 48
127.0.0.1 - - [19/Jun/2018:22:02:35 +0800] "GET /data/add_shop_data.json HTTP/1.0" 200 48
192.168.191.2 - - [19/Jun/2018:22:02:35 +0800] "POST /api/add_shop_cart_count.php HTTP/1.1" 200 48
127.0.0.1 - - [19/Jun/2018:22:02:35 +0800] "GET /data/add_shop_data.json HTTP/1.0" 200 48
192.168.191.2 - - [19/Jun/2018:22:02:35 +0800] "POST /api/add_shop_cart_count.php HTTP/1.1" 200 48
127.0.0.1 - - [19/Jun/2018:22:02:35 +0800] "GET /data/add_shop_data.json HTTP/1.0" 200 48
192.168.191.2 - - [19/Jun/2018:22:02:35 +0800] "POST /api/add_shop_cart_count.php HTTP/1.1" 200 48
127.0.0.1 - - [19/Jun/2018:22:02:36 +0800] "GET /data/add_shop_data.json HTTP/1.0" 200 48
192.168.191.2 - - [19/Jun/2018:22:02:36 +0800] "POST /api/add_shop_cart_count.php HTTP/1.1" 200 48
127.0.0.1 - - [19/Jun/2018:22:02:36 +0800] "GET /data/add_shop_data.json HTTP/1.0" 200 48
192.168.191.2 - - [19/Jun/2018:22:02:36 +0800] "POST /api/add_shop_cart_count.php HTTP/1.1" 200 48
127.0.0.1 - - [19/Jun/2018:22:02:36 +0800] "GET /data/add_shop_data.json HTTP/1.0" 200 48
192.168.191.2 - - [19/Jun/2018:22:02:36 +0800] "POST /api/add_shop_cart_count.php HTTP/1.1" 200 48
127.0.0.1 - - [19/Jun/2018:22:02:36 +0800] "GET /data/add_shop_data.json HTTP/1.0" 200 48
192.168.191.2 - - [19/Jun/2018:22:02:36 +0800] "POST /api/add_shop_cart_count.php HTTP/1.1" 200 48
127.0.0.1 - - [19/Jun/2018:22:02:36 +0800] "GET /data/add_shop_data.json HTTP/1.0" 200 48
192.168.191.2 - - [19/Jun/2018:22:02:36 +0800] "POST /api/add_shop_cart_count.php HTTP/1.1" 200 48
127.0.0.1 - - [19/Jun/2018:22:02:36 +0800] "GET /data/add_shop_data.json HTTP/1.0" 200 48
192.168.191.2 - - [19/Jun/2018:22:02:36 +0800] "POST /api/add_shop_cart_count.php HTTP/1.1" 200 48
127.0.0.1 - - [19/Jun/2018:22:02:36 +0800] "GET /data/add_shop_data.json HTTP/1.0" 200 48
192.168.191.2 - - [19/Jun/2018:22:02:36 +0800] "POST /api/add_shop_cart_count.php HTTP/1.1" 200 48
127.0.0.1 - - [19/Jun/2018:22:02:46 +0800] "GET /data/sort_content_data.json HTTP/1.0" 200 823
192.168.191.2 - - [19/Jun/2018:22:02:46 +0800] "GET /api/sort_content_list.php?contentId=1&goods_id=1&count=12 HTTP/1.1" 200 823
127.0.0.1 - - [19/Jun/2018:22:02:47 +0800] "GET /data/sort_list_data.json HTTP/1.0" 200 647
192.168.191.2 - - [19/Jun/2018:22:02:47 +0800] "GET /api/sort_list.php?goods_id=1&count=12 HTTP/1.1" 200 647
127.0.0.1 - - [19/Jun/2018:22:02:49 +0800] "GET /data/shop_cart_data.json HTTP/1.0" 200 546
192.168.191.2 - - [19/Jun/2018:22:02:49 +0800] "GET /api/shop_cart.php?goods_id=1&count=12 HTTP/1.1" 200 546
192.168.191.2 - - [19/Jun/2018:22:02:52 +0800] "GET /find/faxian.html HTTP/1.1" 200 242807
192.168.191.2 - - [19/Jun/2018:22:02:53 +0800] "GET /find/img/article-author-pic1.webp HTTP/1.1" 404 231
192.168.191.2 - - [19/Jun/2018:22:02:53 +0800] "GET /find/img/article-author-pic2.webp HTTP/1.1" 404 231
192.168.191.2 - - [19/Jun/2018:22:02:53 +0800] "GET /find/img/article-author-pic3.webp HTTP/1.1" 404 231
192.168.191.2 - - [19/Jun/2018:22:02:53 +0800] "GET /favicon.ico HTTP/1.1" 404 209
127.0.0.1 - - [19/Jun/2018:22:03:00 +0800] "GET /data/sort_content_data.json HTTP/1.0" 200 823
192.168.191.2 - - [19/Jun/2018:22:03:00 +0800] "GET /api/sort_content_list.php?contentId=2&goods_id=1&count=12 HTTP/1.1" 200 823
127.0.0.1 - - [19/Jun/2018:22:03:02 +0800] "GET /data/sort_content_data.json HTTP/1.0" 200 823
192.168.191.2 - - [19/Jun/2018:22:03:02 +0800] "GET /api/sort_content_list.php?contentId=1&goods_id=1&count=12 HTTP/1.1" 200 823
127.0.0.1 - - [19/Jun/2018:22:03:06 +0800] "GET /data/sort_content_data.json HTTP/1.0" 200 823
192.168.191.2 - - [19/Jun/2018:22:03:06 +0800] "GET /api/sort_content_list.php?contentId=2&goods_id=1&count=12 HTTP/1.1" 200 823
127.0.0.1 - - [19/Jun/2018:22:03:06 +0800] "GET /data/sort_content_data.json HTTP/1.0" 200 823
192.168.191.2 - - [19/Jun/2018:22:03:06 +0800] "GET /api/sort_content_list.php?contentId=3&goods_id=1&count=12 HTTP/1.1" 200 823
127.0.0.1 - - [19/Jun/2018:22:03:07 +0800] "GET /data/sort_content_data.json HTTP/1.0" 200 823
192.168.191.2 - - [19/Jun/2018:22:03:07 +0800] "GET /api/sort_content_list.php?contentId=4&goods_id=1&count=12 HTTP/1.1" 200 823
127.0.0.1 - - [19/Jun/2018:22:03:07 +0800] "GET /data/sort_content_data.json HTTP/1.0" 200 823
192.168.191.2 - - [19/Jun/2018:22:03:07 +0800] "GET /api/sort_content_list.php?contentId=6&goods_id=1&count=12 HTTP/1.1" 200 823
127.0.0.1 - - [19/Jun/2018:22:03:08 +0800] "GET /data/sort_content_data.json HTTP/1.0" 200 823
192.168.191.2 - - [19/Jun/2018:22:03:08 +0800] "GET /api/sort_content_list.php?contentId=8&goods_id=1&count=12 HTTP/1.1" 200 823
127.0.0.1 - - [19/Jun/2018:22:03:10 +0800] "GET /data/sort_content_data.json HTTP/1.0" 200 823
192.168.191.2 - - [19/Jun/2018:22:03:10 +0800] "GET /api/sort_content_list.php?contentId=13&goods_id=1&count=12 HTTP/1.1" 200 823
127.0.0.1 - - [19/Jun/2018:22:03:13 +0800] "GET /data/index2_data.json HTTP/1.0" 200 2573
192.168.191.2 - - [19/Jun/2018:22:03:13 +0800] "GET /api/refresh.php?index=1&goods_id=1&count=12 HTTP/1.1" 200 2573
192.168.191.2 - - [19/Jun/2018:22:03:32 +0800] "GET /api/goods_detail.php?goods_id=0&count=12 HTTP/1.1" 200 225
127.0.0.1 - - [19/Jun/2018:22:03:32 +0800] "GET /data/goods_detail_data_0.json HTTP/1.0" 404 227
127.0.0.1 - - [19/Jun/2018:22:03:37 +0800] "GET /data/index_data.json HTTP/1.0" 200 2573
192.168.191.2 - - [19/Jun/2018:22:03:37 +0800] "GET /api/index.php HTTP/1.1" 200 2573
127.0.0.1 - - [19/Jun/2018:22:03:41 +0800] "GET /data/index2_data.json HTTP/1.0" 200 2573
192.168.191.2 - - [19/Jun/2018:22:03:41 +0800] "GET /api/refresh.php?index=1 HTTP/1.1" 200 2573
127.0.0.1 - - [19/Jun/2018:22:03:51 +0800] "GET /data/sort_content_data.json HTTP/1.0" 200 823
192.168.191.2 - - [19/Jun/2018:22:03:51 +0800] "GET /api/sort_content_list.php?contentId=1 HTTP/1.1" 200 823
127.0.0.1 - - [19/Jun/2018:22:03:51 +0800] "GET /data/sort_list_data.json HTTP/1.0" 200 647
192.168.191.2 - - [19/Jun/2018:22:03:51 +0800] "GET /api/sort_list.php HTTP/1.1" 200 647
127.0.0.1 - - [19/Jun/2018:22:03:54 +0800] "GET /data/goods_detail_data_1.json HTTP/1.0" 200 2902
192.168.191.2 - - [19/Jun/2018:22:03:54 +0800] "GET /api/goods_detail.php?goods_id=1 HTTP/1.1" 200 2902
127.0.0.1 - - [19/Jun/2018:22:04:02 +0800] "GET /data/add_shop_data.json HTTP/1.0" 200 48
192.168.191.2 - - [19/Jun/2018:22:04:02 +0800] "POST /api/add_shop_cart_count.php HTTP/1.1" 200 48
192.168.191.2 - - [19/Jun/2018:22:04:09 +0800] "GET /find/faxian.html HTTP/1.1" 200 242807
127.0.0.1 - - [19/Jun/2018:22:04:09 +0800] "GET /data/shop_cart_data.json HTTP/1.0" 200 546
192.168.191.2 - - [19/Jun/2018:22:04:09 +0800] "GET /api/shop_cart.php?goods_id=1&count=0 HTTP/1.1" 200 546
192.168.191.2 - - [19/Jun/2018:22:04:09 +0800] "GET /find/img/article-author-pic1.webp HTTP/1.1" 404 231
192.168.191.2 - - [19/Jun/2018:22:04:09 +0800] "GET /find/img/article-author-pic2.webp HTTP/1.1" 404 231
192.168.191.2 - - [19/Jun/2018:22:04:09 +0800] "GET /find/img/article-author-pic3.webp HTTP/1.1" 404 231
192.168.191.2 - - [19/Jun/2018:22:04:09 +0800] "GET /favicon.ico HTTP/1.1" 404 209
127.0.0.1 - - [19/Jun/2018:22:04:14 +0800] "GET /data/order_list.json HTTP/1.0" 200 372
192.168.191.2 - - [19/Jun/2018:22:04:14 +0800] "GET /api/order_list.php?goods_id=1&count=0&type=all HTTP/1.1" 200 372
127.0.0.1 - - [19/Jun/2018:22:04:20 +0800] "GET /data/address.json HTTP/1.0" 200 381
192.168.191.2 - - [19/Jun/2018:22:04:20 +0800] "GET /api/address.php?goods_id=1&count=0&type=all HTTP/1.1" 200 381
127.0.0.1 - - [19/Jun/2018:22:04:22 +0800] "GET /data/address.json HTTP/1.0" 200 381
192.168.191.2 - - [19/Jun/2018:22:04:22 +0800] "POST /api/address.php HTTP/1.1" 200 381
127.0.0.1 - - [19/Jun/2018:22:08:53 +0800] "GET /data/sort_content_data.json HTTP/1.0" 200 823
192.168.191.2 - - [19/Jun/2018:22:08:53 +0800] "GET /api/sort_content_list.php?contentId=7&id=3&goods_id=1&count=0&type=all HTTP/1.1" 200 823
127.0.0.1 - - [19/Jun/2018:22:08:53 +0800] "GET /data/sort_content_data.json HTTP/1.0" 200 823
192.168.191.2 - - [19/Jun/2018:22:08:53 +0800] "GET /api/sort_content_list.php?contentId=9&id=3&goods_id=1&count=0&type=all HTTP/1.1" 200 823
127.0.0.1 - - [19/Jun/2018:22:08:54 +0800] "GET /data/sort_content_data.json HTTP/1.0" 200 823
192.168.191.2 - - [19/Jun/2018:22:08:54 +0800] "GET /api/sort_content_list.php?contentId=8&id=3&goods_id=1&count=0&type=all HTTP/1.1" 200 823
127.0.0.1 - - [19/Jun/2018:22:08:54 +0800] "GET /data/sort_content_data.json HTTP/1.0" 200 823
192.168.191.2 - - [19/Jun/2018:22:08:54 +0800] "GET /api/sort_content_list.php?contentId=7&id=3&goods_id=1&count=0&type=all HTTP/1.1" 200 823
127.0.0.1 - - [19/Jun/2018:22:08:55 +0800] "GET /data/sort_content_data.json HTTP/1.0" 200 823
192.168.191.2 - - [19/Jun/2018:22:08:55 +0800] "GET /api/sort_content_list.php?contentId=6&id=3&goods_id=1&count=0&type=all HTTP/1.1" 200 823
127.0.0.1 - - [19/Jun/2018:22:08:55 +0800] "GET /data/sort_content_data.json HTTP/1.0" 200 823
192.168.191.2 - - [19/Jun/2018:22:08:55 +0800] "GET /api/sort_content_list.php?contentId=4&id=3&goods_id=1&count=0&type=all HTTP/1.1" 200 823
127.0.0.1 - - [19/Jun/2018:22:08:55 +0800] "GET /data/sort_content_data.json HTTP/1.0" 200 823
192.168.191.2 - - [19/Jun/2018:22:08:55 +0800] "GET /api/sort_content_list.php?contentId=2&id=3&goods_id=1&count=0&type=all HTTP/1.1" 200 823
127.0.0.1 - - [19/Jun/2018:22:08:55 +0800] "GET /data/sort_content_data.json HTTP/1.0" 200 823
192.168.191.2 - - [19/Jun/2018:22:08:55 +0800] "GET /api/sort_content_list.php?contentId=1&id=3&goods_id=1&count=0&type=all HTTP/1.1" 200 823
127.0.0.1 - - [19/Jun/2018:22:08:56 +0800] "GET /data/sort_content_data.json HTTP/1.0" 200 823
192.168.191.2 - - [19/Jun/2018:22:08:56 +0800] "GET /api/sort_content_list.php?contentId=2&id=3&goods_id=1&count=0&type=all HTTP/1.1" 200 823
127.0.0.1 - - [19/Jun/2018:22:08:56 +0800] "GET /data/sort_content_data.json HTTP/1.0" 200 823
192.168.191.2 - - [19/Jun/2018:22:08:56 +0800] "GET /api/sort_content_list.php?contentId=3&id=3&goods_id=1&count=0&type=all HTTP/1.1" 200 823
127.0.0.1 - - [19/Jun/2018:22:08:57 +0800] "GET /data/sort_content_data.json HTTP/1.0" 200 823
192.168.191.2 - - [19/Jun/2018:22:08:57 +0800] "GET /api/sort_content_list.php?contentId=4&id=3&goods_id=1&count=0&type=all HTTP/1.1" 200 823
127.0.0.1 - - [19/Jun/2018:22:08:57 +0800] "GET /data/sort_content_data.json HTTP/1.0" 200 823
192.168.191.2 - - [19/Jun/2018:22:08:57 +0800] "GET /api/sort_content_list.php?contentId=5&id=3&goods_id=1&count=0&type=all HTTP/1.1" 200 823
127.0.0.1 - - [19/Jun/2018:22:08:58 +0800] "GET /data/sort_content_data.json HTTP/1.0" 200 823
192.168.191.2 - - [19/Jun/2018:22:08:58 +0800] "GET /api/sort_content_list.php?contentId=6&id=3&goods_id=1&count=0&type=all HTTP/1.1" 200 823
127.0.0.1 - - [19/Jun/2018:22:08:59 +0800] "GET /data/sort_content_data.json HTTP/1.0" 200 823
192.168.191.2 - - [19/Jun/2018:22:08:59 +0800] "GET /api/sort_content_list.php?contentId=7&id=3&goods_id=1&count=0&type=all HTTP/1.1" 200 823
127.0.0.1 - - [19/Jun/2018:22:08:59 +0800] "GET /data/sort_content_data.json HTTP/1.0" 200 823
192.168.191.2 - - [19/Jun/2018:22:08:59 +0800] "GET /api/sort_content_list.php?contentId=8&id=3&goods_id=1&count=0&type=all HTTP/1.1" 200 823
127.0.0.1 - - [19/Jun/2018:22:09:00 +0800] "GET /data/sort_content_data.json HTTP/1.0" 200 823
192.168.191.2 - - [19/Jun/2018:22:09:00 +0800] "GET /api/sort_content_list.php?contentId=9&id=3&goods_id=1&count=0&type=all HTTP/1.1" 200 823
127.0.0.1 - - [19/Jun/2018:22:09:08 +0800] "GET /data/address.json HTTP/1.0" 200 381
192.168.191.2 - - [19/Jun/2018:22:09:08 +0800] "GET /api/address.php?id=3&goods_id=1&count=0&type=all HTTP/1.1" 200 381
127.0.0.1 - - [20/Jun/2018:13:44:06 +0800] "-" 408 -
127.0.0.1 - - [20/Jun/2018:13:55:25 +0800] "GET /index.php HTTP/1.1" 200 82116
127.0.0.1 - - [20/Jun/2018:13:55:26 +0800] "GET /favicon.ico HTTP/1.1" 404 209
127.0.0.1 - - [20/Jun/2018:13:55:30 +0800] "GET /test.php HTTP/1.1" 404 206
127.0.0.1 - - [20/Jun/2018:13:56:00 +0800] "GET /api/test.php HTTP/1.1" 200 130
127.0.0.1 - - [20/Jun/2018:13:58:04 +0800] "GET /api/test.php HTTP/1.1" 200 21
127.0.0.1 - - [20/Jun/2018:14:08:06 +0800] "GET /api/test.php HTTP/1.1" 200 21
127.0.0.1 - - [20/Jun/2018:14:08:06 +0800] "GET /api/test.php HTTP/1.1" 200 21
127.0.0.1 - - [20/Jun/2018:14:08:07 +0800] "GET /api/test.php HTTP/1.1" 200 21
127.0.0.1 - - [20/Jun/2018:14:08:07 +0800] "GET /api/test.php HTTP/1.1" 200 21
127.0.0.1 - - [20/Jun/2018:14:08:07 +0800] "GET /api/test.php HTTP/1.1" 200 21
127.0.0.1 - - [20/Jun/2018:14:08:07 +0800] "GET /api/test.php HTTP/1.1" 200 21
127.0.0.1 - - [20/Jun/2018:14:08:07 +0800] "GET /api/test.php HTTP/1.1" 200 21
127.0.0.1 - - [20/Jun/2018:14:08:07 +0800] "GET /api/test.php HTTP/1.1" 200 21
127.0.0.1 - - [20/Jun/2018:14:08:08 +0800] "GET /api/test.php HTTP/1.1" 200 21
127.0.0.1 - - [20/Jun/2018:14:08:08 +0800] "GET /api/test.php HTTP/1.1" 200 21
127.0.0.1 - - [20/Jun/2018:14:11:09 +0800] "GET /api/test.php HTTP/1.1" 200 -
127.0.0.1 - - [20/Jun/2018:14:11:10 +0800] "GET /api/test.php HTTP/1.1" 200 -
127.0.0.1 - - [20/Jun/2018:14:11:23 +0800] "GET /api/test.php HTTP/1.1" 200 -
127.0.0.1 - - [20/Jun/2018:14:11:25 +0800] "GET /api/test.php HTTP/1.1" 200 -
127.0.0.1 - - [20/Jun/2018:14:11:26 +0800] "GET /api/test.php HTTP/1.1" 200 -
127.0.0.1 - - [20/Jun/2018:14:11:26 +0800] "GET /api/test.php HTTP/1.1" 200 -
127.0.0.1 - - [20/Jun/2018:14:12:53 +0800] "GET /api/test.php HTTP/1.1" 200 -
127.0.0.1 - - [20/Jun/2018:14:12:54 +0800] "GET /api/test.php HTTP/1.1" 200 -
127.0.0.1 - - [20/Jun/2018:14:12:55 +0800] "GET /api/test.php HTTP/1.1" 200 -
127.0.0.1 - - [20/Jun/2018:14:12:58 +0800] "GET /api/test.php HTTP/1.1" 200 -
127.0.0.1 - - [20/Jun/2018:14:13:00 +0800] "GET /api/test.php HTTP/1.1" 200 -
127.0.0.1 - - [20/Jun/2018:14:13:01 +0800] "GET /api/test.php HTTP/1.1" 200 -
127.0.0.1 - - [20/Jun/2018:14:13:39 +0800] "GET /api/test.php HTTP/1.1" 200 -
127.0.0.1 - - [20/Jun/2018:14:13:41 +0800] "GET /api/test.php HTTP/1.1" 200 -
127.0.0.1 - - [20/Jun/2018:14:13:42 +0800] "GET /api/test.php HTTP/1.1" 200 -
127.0.0.1 - - [20/Jun/2018:14:14:02 +0800] "GET /api/test.php HTTP/1.1" 200 -
127.0.0.1 - - [20/Jun/2018:14:14:03 +0800] "GET /api/test.php HTTP/1.1" 200 -
127.0.0.1 - - [20/Jun/2018:14:14:04 +0800] "GET /api/test.php HTTP/1.1" 200 -
127.0.0.1 - - [20/Jun/2018:14:14:04 +0800] "GET /api/test.php HTTP/1.1" 200 -
127.0.0.1 - - [20/Jun/2018:14:14:04 +0800] "GET /api/test.php HTTP/1.1" 200 -
127.0.0.1 - - [20/Jun/2018:14:14:05 +0800] "GET /api/test.php HTTP/1.1" 200 -
127.0.0.1 - - [20/Jun/2018:14:14:05 +0800] "GET /api/test.php HTTP/1.1" 200 -
127.0.0.1 - - [20/Jun/2018:14:15:40 +0800] "GET /api/test.php HTTP/1.1" 200 129
127.0.0.1 - - [20/Jun/2018:14:15:55 +0800] "GET /api/test.php HTTP/1.1" 200 129
127.0.0.1 - - [20/Jun/2018:14:15:56 +0800] "GET /api/test.php HTTP/1.1" 200 129
127.0.0.1 - - [20/Jun/2018:14:15:56 +0800] "GET /api/test.php HTTP/1.1" 200 129
127.0.0.1 - - [20/Jun/2018:14:17:22 +0800] "GET /index.php HTTP/1.1" 200 82116
127.0.0.1 - - [20/Jun/2018:14:18:21 +0800] "-" 408 -
127.0.0.1 - - [20/Jun/2018:14:26:49 +0800] "GET /api/test.php HTTP/1.1" 200 129
127.0.0.1 - - [20/Jun/2018:14:26:50 +0800] "GET /api/test.php HTTP/1.1" 200 129
127.0.0.1 - - [20/Jun/2018:14:26:50 +0800] "GET /api/test.php HTTP/1.1" 200 129
127.0.0.1 - - [20/Jun/2018:14:26:52 +0800] "GET /index.php HTTP/1.1" 200 82336
127.0.0.1 - - [20/Jun/2018:14:26:54 +0800] "GET /index.php HTTP/1.1" 200 82337
127.0.0.1 - - [20/Jun/2018:14:34:44 +0800] "GET /favicon.ico HTTP/1.1" 404 209
127.0.0.1 - - [20/Jun/2018:14:34:45 +0800] "GET /api/test.php HTTP/1.1" 200 131
127.0.0.1 - - [20/Jun/2018:14:34:47 +0800] "GET /api/test.php HTTP/1.1" 200 131
127.0.0.1 - - [20/Jun/2018:14:34:47 +0800] "GET /api/test.php HTTP/1.1" 200 131
127.0.0.1 - - [20/Jun/2018:14:34:47 +0800] "GET /api/test.php HTTP/1.1" 200 131
127.0.0.1 - - [20/Jun/2018:14:34:47 +0800] "GET /api/test.php HTTP/1.1" 200 131
127.0.0.1 - - [20/Jun/2018:14:34:48 +0800] "GET /api/test.php HTTP/1.1" 200 131
127.0.0.1 - - [20/Jun/2018:14:37:42 +0800] "GET /api/test.php HTTP/1.1" 200 131
127.0.0.1 - - [20/Jun/2018:14:38:41 +0800] "GET /api/test.php HTTP/1.1" 200 131
127.0.0.1 - - [20/Jun/2018:14:38:42 +0800] "GET /api/test.php HTTP/1.1" 200 131
127.0.0.1 - - [20/Jun/2018:14:38:42 +0800] "GET /api/test.php HTTP/1.1" 200 131
127.0.0.1 - - [20/Jun/2018:14:38:43 +0800] "GET /api/test.php HTTP/1.1" 200 131
127.0.0.1 - - [20/Jun/2018:14:39:36 +0800] "GET /api/test.php HTTP/1.1" 200 128
127.0.0.1 - - [20/Jun/2018:14:39:38 +0800] "GET /api/test.php HTTP/1.1" 200 128
127.0.0.1 - - [20/Jun/2018:14:40:38 +0800] "GET /index.php HTTP/1.1" 200 82337
127.0.0.1 - - [20/Jun/2018:14:40:40 +0800] "GET /index.php HTTP/1.1" 200 82337
127.0.0.1 - - [20/Jun/2018:14:40:41 +0800] "GET /index.php HTTP/1.1" 200 82337
127.0.0.1 - - [20/Jun/2018:14:40:42 +0800] "GET /index.php HTTP/1.1" 200 82337
127.0.0.1 - - [20/Jun/2018:14:40:42 +0800] "GET /index.php HTTP/1.1" 200 82337
127.0.0.1 - - [20/Jun/2018:14:40:42 +0800] "GET /index.php HTTP/1.1" 200 82337
127.0.0.1 - - [20/Jun/2018:14:41:26 +0800] "GET /index.php HTTP/1.1" 200 82351
127.0.0.1 - - [20/Jun/2018:14:41:28 +0800] "GET /index.php HTTP/1.1" 200 82351
127.0.0.1 - - [20/Jun/2018:14:41:29 +0800] "GET /index.php HTTP/1.1" 200 82351
127.0.0.1 - - [20/Jun/2018:14:41:30 +0800] "GET /index.php HTTP/1.1" 200 82351
127.0.0.1 - - [20/Jun/2018:14:41:30 +0800] "GET /index.php HTTP/1.1" 200 82351
127.0.0.1 - - [20/Jun/2018:14:41:30 +0800] "GET /index.php HTTP/1.1" 200 82351
127.0.0.1 - - [20/Jun/2018:14:41:30 +0800] "GET /index.php HTTP/1.1" 200 82351
127.0.0.1 - - [20/Jun/2018:14:41:31 +0800] "GET /index.php HTTP/1.1" 200 82351
127.0.0.1 - - [20/Jun/2018:14:41:31 +0800] "GET /index.php HTTP/1.1" 200 82351
127.0.0.1 - - [20/Jun/2018:14:51:33 +0800] "-" 408 -
127.0.0.1 - - [20/Jun/2018:15:02:08 +0800] "GET /api/test.php HTTP/1.1" 200 128
127.0.0.1 - - [20/Jun/2018:15:02:09 +0800] "GET /api/test.php HTTP/1.1" 200 128
127.0.0.1 - - [20/Jun/2018:15:02:09 +0800] "GET /api/test.php HTTP/1.1" 200 128
127.0.0.1 - - [20/Jun/2018:15:02:09 +0800] "GET /api/test.php HTTP/1.1" 200 128
127.0.0.1 - - [20/Jun/2018:15:03:06 +0800] "GET /api/test.php HTTP/1.1" 200 128
127.0.0.1 - - [20/Jun/2018:15:03:07 +0800] "GET /api/test.php HTTP/1.1" 200 128
127.0.0.1 - - [20/Jun/2018:15:03:07 +0800] "GET /api/test.php HTTP/1.1" 200 128
127.0.0.1 - - [20/Jun/2018:15:03:08 +0800] "GET /api/test.php HTTP/1.1" 200 128
127.0.0.1 - - [20/Jun/2018:15:03:08 +0800] "GET /index.php HTTP/1.1" 200 82351
127.0.0.1 - - [20/Jun/2018:15:03:09 +0800] "GET /index.php HTTP/1.1" 200 82351
127.0.0.1 - - [20/Jun/2018:15:03:10 +0800] "GET /index.php HTTP/1.1" 200 82351
127.0.0.1 - - [20/Jun/2018:15:03:11 +0800] "GET /index.php HTTP/1.1" 200 82351
127.0.0.1 - - [20/Jun/2018:15:53:48 +0800] "GET /data/user_profile.json HTTP/1.0" 200 151
127.0.0.1 - - [20/Jun/2018:15:53:48 +0800] "GET /api/user_profile.php HTTP/1.1" 200 151
127.0.0.1 - - [20/Jun/2018:15:53:49 +0800] "GET /favicon.ico HTTP/1.1" 404 209
127.0.0.1 - - [20/Jun/2018:15:53:54 +0800] "GET /api/test.php HTTP/1.1" 200 128
127.0.0.1 - - [20/Jun/2018:15:58:43 +0800] "GET /api/test.php HTTP/1.1" 200 202
127.0.0.1 - - [20/Jun/2018:15:59:22 +0800] "GET /api/test.php HTTP/1.1" 200 211
127.0.0.1 - - [20/Jun/2018:16:00:11 +0800] "GET /api/test.php HTTP/1.1" 200 211
127.0.0.1 - - [20/Jun/2018:16:00:13 +0800] "GET /api/test.php HTTP/1.1" 200 211
127.0.0.1 - - [20/Jun/2018:16:05:39 +0800] "GET /api/test.php HTTP/1.1" 200 215
127.0.0.1 - - [20/Jun/2018:16:23:50 +0800] "GET /api/test.php HTTP/1.1" 200 113
127.0.0.1 - - [20/Jun/2018:16:24:35 +0800] "GET /api/test.php HTTP/1.1" 200 113
127.0.0.1 - - [20/Jun/2018:16:24:36 +0800] "GET /api/test.php HTTP/1.1" 200 113
127.0.0.1 - - [20/Jun/2018:16:24:36 +0800] "GET /api/test.php HTTP/1.1" 200 113
127.0.0.1 - - [20/Jun/2018:16:24:37 +0800] "GET /api/test.php HTTP/1.1" 200 113
127.0.0.1 - - [20/Jun/2018:16:24:37 +0800] "GET /api/test.php HTTP/1.1" 200 113
127.0.0.1 - - [20/Jun/2018:16:24:37 +0800] "GET /api/test.php HTTP/1.1" 200 113
127.0.0.1 - - [20/Jun/2018:16:24:37 +0800] "GET /api/test.php HTTP/1.1" 200 113
127.0.0.1 - - [20/Jun/2018:16:24:37 +0800] "GET /api/test.php HTTP/1.1" 200 113
127.0.0.1 - - [20/Jun/2018:16:24:38 +0800] "GET /api/test.php HTTP/1.1" 200 113
127.0.0.1 - - [20/Jun/2018:16:24:38 +0800] "GET /api/test.php HTTP/1.1" 200 113
127.0.0.1 - - [20/Jun/2018:16:24:38 +0800] "GET /api/test.php HTTP/1.1" 200 113
127.0.0.1 - - [20/Jun/2018:16:24:38 +0800] "GET /api/test.php HTTP/1.1" 200 113
127.0.0.1 - - [20/Jun/2018:16:24:38 +0800] "GET /api/test.php HTTP/1.1" 200 113
127.0.0.1 - - [20/Jun/2018:16:24:47 +0800] "GET /api/test.php HTTP/1.1" 200 107
127.0.0.1 - - [20/Jun/2018:16:24:48 +0800] "GET /api/test.php HTTP/1.1" 200 107
127.0.0.1 - - [20/Jun/2018:16:24:48 +0800] "GET /api/test.php HTTP/1.1" 200 107
127.0.0.1 - - [20/Jun/2018:16:24:49 +0800] "GET /api/test.php HTTP/1.1" 200 107
127.0.0.1 - - [20/Jun/2018:16:25:00 +0800] "GET /api/test.php HTTP/1.1" 200 107
127.0.0.1 - - [20/Jun/2018:16:25:01 +0800] "GET /api/test.php HTTP/1.1" 200 107
127.0.0.1 - - [20/Jun/2018:16:25:01 +0800] "GET /api/test.php HTTP/1.1" 200 107
127.0.0.1 - - [20/Jun/2018:16:25:01 +0800] "GET /api/test.php HTTP/1.1" 200 107
127.0.0.1 - - [20/Jun/2018:16:25:01 +0800] "GET /api/test.php HTTP/1.1" 200 107
127.0.0.1 - - [20/Jun/2018:16:25:01 +0800] "GET /api/test.php HTTP/1.1" 200 107
127.0.0.1 - - [20/Jun/2018:16:25:02 +0800] "GET /api/test.php HTTP/1.1" 200 107
127.0.0.1 - - [20/Jun/2018:16:25:02 +0800] "GET /api/test.php HTTP/1.1" 200 107
127.0.0.1 - - [20/Jun/2018:16:25:02 +0800] "GET /api/test.php HTTP/1.1" 200 107
127.0.0.1 - - [20/Jun/2018:16:25:02 +0800] "GET /api/test.php HTTP/1.1" 200 107
127.0.0.1 - - [20/Jun/2018:16:26:05 +0800] "GET /api/test.php HTTP/1.1" 200 107
127.0.0.1 - - [20/Jun/2018:16:26:05 +0800] "GET /api/test.php HTTP/1.1" 200 107
127.0.0.1 - - [20/Jun/2018:16:26:05 +0800] "GET /api/test.php HTTP/1.1" 200 107
127.0.0.1 - - [20/Jun/2018:16:26:05 +0800] "GET /api/test.php HTTP/1.1" 200 107
127.0.0.1 - - [20/Jun/2018:16:26:06 +0800] "GET /api/test.php HTTP/1.1" 200 107
127.0.0.1 - - [20/Jun/2018:16:26:06 +0800] "GET /api/test.php HTTP/1.1" 200 107
127.0.0.1 - - [20/Jun/2018:16:26:06 +0800] "GET /api/test.php HTTP/1.1" 200 107
127.0.0.1 - - [20/Jun/2018:16:27:05 +0800] "-" 408 -
127.0.0.1 - - [20/Jun/2018:16:28:32 +0800] "GET /api/test.php HTTP/1.1" 200 107
127.0.0.1 - - [20/Jun/2018:16:28:32 +0800] "GET /api/test.php HTTP/1.1" 200 107
127.0.0.1 - - [20/Jun/2018:16:28:33 +0800] "GET /api/test.php HTTP/1.1" 200 107
127.0.0.1 - - [20/Jun/2018:16:28:33 +0800] "GET /api/test.php HTTP/1.1" 200 107
127.0.0.1 - - [20/Jun/2018:16:28:33 +0800] "GET /api/test.php HTTP/1.1" 200 107
127.0.0.1 - - [20/Jun/2018:16:28:33 +0800] "GET /api/test.php HTTP/1.1" 200 107
127.0.0.1 - - [20/Jun/2018:16:28:56 +0800] "GET /api/test.php HTTP/1.1" 200 113
127.0.0.1 - - [20/Jun/2018:16:29:56 +0800] "-" 408 -
127.0.0.1 - - [20/Jun/2018:16:30:15 +0800] "GET /api/test.php HTTP/1.1" 200 113
127.0.0.1 - - [20/Jun/2018:16:30:16 +0800] "GET /api/test.php HTTP/1.1" 200 113
127.0.0.1 - - [20/Jun/2018:16:30:16 +0800] "GET /api/test.php HTTP/1.1" 200 113
127.0.0.1 - - [20/Jun/2018:16:30:16 +0800] "GET /api/test.php HTTP/1.1" 200 113
127.0.0.1 - - [20/Jun/2018:16:30:17 +0800] "GET /api/test.php HTTP/1.1" 200 113
127.0.0.1 - - [20/Jun/2018:16:30:17 +0800] "GET /api/test.php HTTP/1.1" 200 113
127.0.0.1 - - [20/Jun/2018:16:31:16 +0800] "-" 408 -
127.0.0.1 - - [20/Jun/2018:16:32:42 +0800] "GET /api/test.php HTTP/1.1" 200 113
127.0.0.1 - - [20/Jun/2018:16:32:45 +0800] "GET /api/test.php HTTP/1.1" 200 113
127.0.0.1 - - [20/Jun/2018:16:32:45 +0800] "GET /api/test.php HTTP/1.1" 200 113
127.0.0.1 - - [20/Jun/2018:16:32:45 +0800] "GET /api/test.php HTTP/1.1" 200 113
127.0.0.1 - - [20/Jun/2018:16:33:43 +0800] "-" 408 -
127.0.0.1 - - [20/Jun/2018:16:37:59 +0800] "GET /api/test.php HTTP/1.1" 200 113
127.0.0.1 - - [20/Jun/2018:16:38:00 +0800] "GET /api/test.php HTTP/1.1" 200 113
127.0.0.1 - - [20/Jun/2018:16:38:00 +0800] "GET /api/test.php HTTP/1.1" 200 113
127.0.0.1 - - [20/Jun/2018:16:38:00 +0800] "GET /api/test.php HTTP/1.1" 200 113
127.0.0.1 - - [20/Jun/2018:16:42:10 +0800] "GET /api/test.php HTTP/1.1" 200 108
127.0.0.1 - - [20/Jun/2018:16:42:11 +0800] "GET /api/test.php HTTP/1.1" 200 108
127.0.0.1 - - [20/Jun/2018:16:42:11 +0800] "GET /api/test.php HTTP/1.1" 200 108
127.0.0.1 - - [20/Jun/2018:16:42:11 +0800] "GET /api/test.php HTTP/1.1" 200 108
127.0.0.1 - - [20/Jun/2018:16:42:11 +0800] "GET /api/test.php HTTP/1.1" 200 108
127.0.0.1 - - [20/Jun/2018:16:44:36 +0800] "GET /api/test.php HTTP/1.1" 200 119
127.0.0.1 - - [20/Jun/2018:16:45:39 +0800] "GET /api/test.php HTTP/1.1" 200 119
127.0.0.1 - - [20/Jun/2018:16:45:40 +0800] "GET /api/test.php HTTP/1.1" 200 119
127.0.0.1 - - [20/Jun/2018:16:45:40 +0800] "GET /api/test.php HTTP/1.1" 200 119
127.0.0.1 - - [20/Jun/2018:16:45:40 +0800] "GET /api/test.php HTTP/1.1" 200 119
127.0.0.1 - - [20/Jun/2018:16:45:40 +0800] "GET /api/test.php HTTP/1.1" 200 119
127.0.0.1 - - [20/Jun/2018:16:45:40 +0800] "GET /api/test.php HTTP/1.1" 200 119
127.0.0.1 - - [20/Jun/2018:16:45:40 +0800] "GET /api/test.php HTTP/1.1" 200 119
127.0.0.1 - - [20/Jun/2018:16:46:10 +0800] "GET /api/test.php HTTP/1.1" 200 324
127.0.0.1 - - [20/Jun/2018:16:46:11 +0800] "GET /api/test.php HTTP/1.1" 200 324
127.0.0.1 - - [20/Jun/2018:16:46:11 +0800] "GET /api/test.php HTTP/1.1" 200 324
127.0.0.1 - - [20/Jun/2018:16:46:11 +0800] "GET /api/test.php HTTP/1.1" 200 324
127.0.0.1 - - [20/Jun/2018:16:46:15 +0800] "GET /api/test.php HTTP/1.1" 200 324
127.0.0.1 - - [20/Jun/2018:16:47:42 +0800] "GET /api/test.php HTTP/1.1" 200 119
127.0.0.1 - - [20/Jun/2018:16:47:43 +0800] "GET /api/test.php HTTP/1.1" 200 119
127.0.0.1 - - [20/Jun/2018:16:47:43 +0800] "GET /api/test.php HTTP/1.1" 200 119
127.0.0.1 - - [20/Jun/2018:16:47:43 +0800] "GET /api/test.php HTTP/1.1" 200 119
127.0.0.1 - - [20/Jun/2018:16:48:44 +0800] "GET /api/test.php HTTP/1.1" 200 324
127.0.0.1 - - [20/Jun/2018:16:50:16 +0800] "GET /api/test.php HTTP/1.1" 200 326
127.0.0.1 - - [20/Jun/2018:16:50:18 +0800] "GET /api/test.php HTTP/1.1" 200 326
127.0.0.1 - - [20/Jun/2018:16:50:25 +0800] "GET /api/test.php HTTP/1.1" 200 324
127.0.0.1 - - [20/Jun/2018:17:01:25 +0800] "GET /api/test.php HTTP/1.1" 200 141
127.0.0.1 - - [20/Jun/2018:17:01:26 +0800] "GET /api/test.php HTTP/1.1" 200 141
127.0.0.1 - - [20/Jun/2018:17:01:27 +0800] "GET /api/test.php HTTP/1.1" 200 141
127.0.0.1 - - [20/Jun/2018:17:01:27 +0800] "GET /api/test.php HTTP/1.1" 200 141
127.0.0.1 - - [20/Jun/2018:17:01:52 +0800] "GET /api/test.php HTTP/1.1" 200 141
127.0.0.1 - - [20/Jun/2018:17:01:53 +0800] "GET /api/test.php HTTP/1.1" 200 141
127.0.0.1 - - [20/Jun/2018:17:01:53 +0800] "GET /api/test.php HTTP/1.1" 200 141
127.0.0.1 - - [20/Jun/2018:17:01:53 +0800] "GET /api/test.php HTTP/1.1" 200 141
127.0.0.1 - - [20/Jun/2018:17:01:53 +0800] "GET /api/test.php HTTP/1.1" 200 141
127.0.0.1 - - [20/Jun/2018:17:01:54 +0800] "GET /api/test.php HTTP/1.1" 200 141
127.0.0.1 - - [20/Jun/2018:17:01:54 +0800] "GET /api/test.php HTTP/1.1" 200 141
127.0.0.1 - - [20/Jun/2018:17:01:54 +0800] "GET /api/test.php HTTP/1.1" 200 141
127.0.0.1 - - [20/Jun/2018:17:02:02 +0800] "GET /api/test.php HTTP/1.1" 200 141
127.0.0.1 - - [20/Jun/2018:17:02:02 +0800] "GET /api/test.php HTTP/1.1" 200 141
127.0.0.1 - - [20/Jun/2018:17:02:02 +0800] "GET /api/test.php HTTP/1.1" 200 141
127.0.0.1 - - [20/Jun/2018:17:03:03 +0800] "-" 408 -
127.0.0.1 - - [20/Jun/2018:17:03:33 +0800] "GET /api/test.php HTTP/1.1" 200 122
127.0.0.1 - - [20/Jun/2018:17:06:24 +0800] "GET /api/test.php HTTP/1.1" 200 113
127.0.0.1 - - [20/Jun/2018:17:08:31 +0800] "GET /api/test.php HTTP/1.1" 200 130
127.0.0.1 - - [20/Jun/2018:17:08:53 +0800] "GET /api/test.php HTTP/1.1" 200 101
127.0.0.1 - - [20/Jun/2018:17:09:32 +0800] "GET /api/test.php HTTP/1.1" 200 101
127.0.0.1 - - [20/Jun/2018:17:13:18 +0800] "GET /api/test.php HTTP/1.1" 200 106
127.0.0.1 - - [20/Jun/2018:17:13:19 +0800] "GET /api/test.php HTTP/1.1" 200 106
127.0.0.1 - - [20/Jun/2018:17:13:19 +0800] "GET /api/test.php HTTP/1.1" 200 106
127.0.0.1 - - [20/Jun/2018:17:13:20 +0800] "GET /api/test.php HTTP/1.1" 200 106
127.0.0.1 - - [20/Jun/2018:17:13:20 +0800] "GET /api/test.php HTTP/1.1" 200 106
127.0.0.1 - - [20/Jun/2018:17:14:18 +0800] "GET /api/test.php HTTP/1.1" 200 106
127.0.0.1 - - [20/Jun/2018:17:14:19 +0800] "GET /api/test.php HTTP/1.1" 200 106
127.0.0.1 - - [20/Jun/2018:17:15:41 +0800] "GET /api/test.php HTTP/1.1" 200 -
127.0.0.1 - - [20/Jun/2018:17:15:42 +0800] "GET /api/test.php HTTP/1.1" 200 -
127.0.0.1 - - [20/Jun/2018:17:15:43 +0800] "GET /api/test.php HTTP/1.1" 200 -
127.0.0.1 - - [20/Jun/2018:17:15:45 +0800] "GET /api/test.php HTTP/1.1" 200 -
127.0.0.1 - - [20/Jun/2018:17:16:23 +0800] "GET /api/test.php HTTP/1.1" 200 131
127.0.0.1 - - [20/Jun/2018:17:16:25 +0800] "GET /api/test.php HTTP/1.1" 200 131
127.0.0.1 - - [20/Jun/2018:17:16:25 +0800] "GET /api/test.php HTTP/1.1" 200 131
127.0.0.1 - - [20/Jun/2018:17:16:25 +0800] "GET /api/test.php HTTP/1.1" 200 131
127.0.0.1 - - [20/Jun/2018:17:16:26 +0800] "GET /api/test.php HTTP/1.1" 200 131
127.0.0.1 - - [20/Jun/2018:17:16:34 +0800] "GET /api/test.php HTTP/1.1" 200 -
127.0.0.1 - - [20/Jun/2018:17:17:02 +0800] "GET /api/test.php HTTP/1.1" 200 -
127.0.0.1 - - [20/Jun/2018:17:17:04 +0800] "GET /api/test.php HTTP/1.1" 200 -
127.0.0.1 - - [20/Jun/2018:17:17:23 +0800] "GET /api/test.php HTTP/1.1" 200 6
127.0.0.1 - - [20/Jun/2018:17:19:02 +0800] "GET /api/test.php HTTP/1.1" 200 6
127.0.0.1 - - [20/Jun/2018:17:19:03 +0800] "GET /api/test.php HTTP/1.1" 200 6
127.0.0.1 - - [20/Jun/2018:17:19:36 +0800] "GET /api/test.php HTTP/1.1" 200 119
127.0.0.1 - - [20/Jun/2018:17:19:40 +0800] "GET /api/test.php HTTP/1.1" 200 119
127.0.0.1 - - [20/Jun/2018:17:19:40 +0800] "GET /api/test.php HTTP/1.1" 200 119
127.0.0.1 - - [20/Jun/2018:17:19:41 +0800] "GET /api/test.php HTTP/1.1" 200 119
127.0.0.1 - - [20/Jun/2018:17:19:51 +0800] "GET /api/test.php HTTP/1.1" 200 12
127.0.0.1 - - [20/Jun/2018:17:20:44 +0800] "GET /api/test.php HTTP/1.1" 200 -
127.0.0.1 - - [20/Jun/2018:17:20:56 +0800] "GET /api/test.php HTTP/1.1" 200 163
127.0.0.1 - - [20/Jun/2018:17:22:30 +0800] "GET /api/test.php HTTP/1.1" 200 -
127.0.0.1 - - [20/Jun/2018:17:22:33 +0800] "GET /api/test.php HTTP/1.1" 200 -
127.0.0.1 - - [20/Jun/2018:17:23:58 +0800] "GET /api/test.php HTTP/1.1" 200 12
127.0.0.1 - - [20/Jun/2018:17:24:35 +0800] "GET /api/test.php HTTP/1.1" 200 12
127.0.0.1 - - [20/Jun/2018:17:24:36 +0800] "GET /api/test.php HTTP/1.1" 200 12
127.0.0.1 - - [20/Jun/2018:17:24:54 +0800] "GET /api/test.php HTTP/1.1" 200 113
127.0.0.1 - - [20/Jun/2018:17:32:21 +0800] "GET /api/test.php HTTP/1.1" 200 537
127.0.0.1 - - [20/Jun/2018:17:32:33 +0800] "GET /api/test.php HTTP/1.1" 200 113
127.0.0.1 - - [20/Jun/2018:17:35:50 +0800] "GET /api/test.php HTTP/1.1" 200 57
127.0.0.1 - - [20/Jun/2018:17:38:17 +0800] "GET /api/test.php HTTP/1.1" 200 57
127.0.0.1 - - [20/Jun/2018:17:38:19 +0800] "GET /api/test.php HTTP/1.1" 200 57
127.0.0.1 - - [20/Jun/2018:17:38:20 +0800] "GET /api/test.php HTTP/1.1" 200 57
127.0.0.1 - - [20/Jun/2018:17:38:20 +0800] "GET /api/test.php HTTP/1.1" 200 57
127.0.0.1 - - [20/Jun/2018:17:38:20 +0800] "GET /api/test.php HTTP/1.1" 200 57
127.0.0.1 - - [20/Jun/2018:17:38:21 +0800] "GET /api/test.php HTTP/1.1" 200 57
127.0.0.1 - - [20/Jun/2018:17:38:21 +0800] "GET /api/test.php HTTP/1.1" 200 57
127.0.0.1 - - [20/Jun/2018:17:38:21 +0800] "GET /api/test.php HTTP/1.1" 200 57
127.0.0.1 - - [20/Jun/2018:17:38:21 +0800] "GET /api/test.php HTTP/1.1" 200 57
127.0.0.1 - - [20/Jun/2018:17:39:47 +0800] "GET /api/test.php HTTP/1.1" 200 57
127.0.0.1 - - [20/Jun/2018:17:39:49 +0800] "GET /api/test.php HTTP/1.1" 200 57
127.0.0.1 - - [20/Jun/2018:17:39:50 +0800] "GET /api/test.php HTTP/1.1" 200 57
127.0.0.1 - - [20/Jun/2018:17:39:50 +0800] "GET /api/test.php HTTP/1.1" 200 57
127.0.0.1 - - [20/Jun/2018:17:39:50 +0800] "GET /api/test.php HTTP/1.1" 200 57
127.0.0.1 - - [20/Jun/2018:17:41:34 +0800] "GET /api/test.php HTTP/1.1" 200 12
127.0.0.1 - - [20/Jun/2018:18:30:30 +0800] "GET /api/test.php HTTP/1.1" 200 53
127.0.0.1 - - [20/Jun/2018:20:05:27 +0800] "GET /api/test.php HTTP/1.1" 200 174
127.0.0.1 - - [20/Jun/2018:20:05:28 +0800] "GET /api/test.php HTTP/1.1" 200 174
127.0.0.1 - - [20/Jun/2018:20:05:29 +0800] "GET /api/test.php HTTP/1.1" 200 174
127.0.0.1 - - [20/Jun/2018:20:05:29 +0800] "GET /api/test.php HTTP/1.1" 200 174
127.0.0.1 - - [20/Jun/2018:20:05:29 +0800] "GET /api/test.php HTTP/1.1" 200 174
127.0.0.1 - - [20/Jun/2018:20:11:01 +0800] "GET /api/test.php HTTP/1.1" 200 174
127.0.0.1 - - [20/Jun/2018:20:11:01 +0800] "GET /api/test.php HTTP/1.1" 200 174
127.0.0.1 - - [20/Jun/2018:20:11:02 +0800] "GET /api/test.php HTTP/1.1" 200 174
127.0.0.1 - - [20/Jun/2018:20:11:02 +0800] "GET /api/test.php HTTP/1.1" 200 174
127.0.0.1 - - [20/Jun/2018:20:11:02 +0800] "GET /api/test.php HTTP/1.1" 200 174
127.0.0.1 - - [20/Jun/2018:20:11:02 +0800] "GET /api/test.php HTTP/1.1" 200 174
127.0.0.1 - - [20/Jun/2018:20:16:03 +0800] "GET /api/test.php HTTP/1.1" 200 128
127.0.0.1 - - [20/Jun/2018:20:16:04 +0800] "GET /favicon.ico HTTP/1.1" 404 209
127.0.0.1 - - [20/Jun/2018:20:16:34 +0800] "GET /api/test.php HTTP/1.1" 200 269
127.0.0.1 - - [20/Jun/2018:20:17:29 +0800] "GET /api/test.php HTTP/1.1" 200 93
127.0.0.1 - - [20/Jun/2018:20:17:33 +0800] "GET /api/test.php HTTP/1.1" 200 93
127.0.0.1 - - [20/Jun/2018:20:20:29 +0800] "GET /api/test.php HTTP/1.1" 200 93
127.0.0.1 - - [20/Jun/2018:20:20:30 +0800] "GET /api/test.php HTTP/1.1" 200 93
127.0.0.1 - - [20/Jun/2018:20:20:30 +0800] "GET /api/test.php HTTP/1.1" 200 93
127.0.0.1 - - [20/Jun/2018:20:20:30 +0800] "GET /api/test.php HTTP/1.1" 200 93
127.0.0.1 - - [20/Jun/2018:20:20:30 +0800] "GET /api/test.php HTTP/1.1" 200 93
127.0.0.1 - - [20/Jun/2018:20:21:20 +0800] "GET /api/test.php HTTP/1.1" 200 93
127.0.0.1 - - [20/Jun/2018:20:21:21 +0800] "GET /api/test.php HTTP/1.1" 200 93
127.0.0.1 - - [20/Jun/2018:20:21:21 +0800] "GET /api/test.php HTTP/1.1" 200 93
127.0.0.1 - - [20/Jun/2018:20:21:21 +0800] "GET /api/test.php HTTP/1.1" 200 93
127.0.0.1 - - [20/Jun/2018:20:21:22 +0800] "GET /api/test.php HTTP/1.1" 200 93
127.0.0.1 - - [20/Jun/2018:20:21:22 +0800] "GET /api/test.php HTTP/1.1" 200 93
127.0.0.1 - - [20/Jun/2018:20:21:22 +0800] "GET /api/test.php HTTP/1.1" 200 93
127.0.0.1 - - [20/Jun/2018:20:21:23 +0800] "GET /api/test.php HTTP/1.1" 200 93
127.0.0.1 - - [20/Jun/2018:20:21:23 +0800] "GET /api/test.php HTTP/1.1" 200 93
127.0.0.1 - - [20/Jun/2018:20:21:23 +0800] "GET /api/test.php HTTP/1.1" 200 93
127.0.0.1 - - [20/Jun/2018:20:21:23 +0800] "GET /api/test.php HTTP/1.1" 200 93
127.0.0.1 - - [20/Jun/2018:20:23:00 +0800] "GET /api/test.php HTTP/1.1" 200 93
127.0.0.1 - - [20/Jun/2018:20:23:02 +0800] "GET /api/test.php HTTP/1.1" 200 93
127.0.0.1 - - [20/Jun/2018:20:23:02 +0800] "GET /api/test.php HTTP/1.1" 200 93
127.0.0.1 - - [20/Jun/2018:20:23:03 +0800] "GET /api/test.php HTTP/1.1" 200 93
127.0.0.1 - - [20/Jun/2018:20:23:03 +0800] "GET /api/test.php HTTP/1.1" 200 93
127.0.0.1 - - [20/Jun/2018:20:23:03 +0800] "GET /api/test.php HTTP/1.1" 200 93
127.0.0.1 - - [20/Jun/2018:20:23:03 +0800] "GET /api/test.php HTTP/1.1" 200 93
127.0.0.1 - - [20/Jun/2018:20:23:03 +0800] "GET /api/test.php HTTP/1.1" 200 93
127.0.0.1 - - [20/Jun/2018:20:23:04 +0800] "GET /api/test.php HTTP/1.1" 200 93
127.0.0.1 - - [20/Jun/2018:20:23:04 +0800] "GET /api/test.php HTTP/1.1" 200 93
127.0.0.1 - - [20/Jun/2018:20:36:14 +0800] "GET /favicon.ico HTTP/1.1" 404 209
127.0.0.1 - - [20/Jun/2018:20:36:25 +0800] "GET /api/test.php HTTP/1.1" 200 93
127.0.0.1 - - [20/Jun/2018:20:36:27 +0800] "GET /favicon.ico HTTP/1.1" 404 209
127.0.0.1 - - [20/Jun/2018:20:38:39 +0800] "-" 408 -
127.0.0.1 - - [20/Jun/2018:20:47:50 +0800] "GET /api/test.php HTTP/1.1" 200 53
127.0.0.1 - - [20/Jun/2018:20:48:51 +0800] "-" 408 -
127.0.0.1 - - [20/Jun/2018:20:48:51 +0800] "-" 408 -
127.0.0.1 - - [20/Jun/2018:20:48:51 +0800] "-" 408 -
127.0.0.1 - - [20/Jun/2018:20:52:33 +0800] "GET /api/test.php HTTP/1.1" 200 248
127.0.0.1 - - [20/Jun/2018:20:52:34 +0800] "GET /api/test.php HTTP/1.1" 200 248
127.0.0.1 - - [20/Jun/2018:20:52:34 +0800] "GET /api/test.php HTTP/1.1" 200 248
127.0.0.1 - - [20/Jun/2018:20:52:56 +0800] "GET /api/test.php HTTP/1.1" 200 165
127.0.0.1 - - [20/Jun/2018:20:53:07 +0800] "GET /api/test.php HTTP/1.1" 200 245
127.0.0.1 - - [20/Jun/2018:20:53:21 +0800] "GET /api/test.php HTTP/1.1" 200 158
127.0.0.1 - - [20/Jun/2018:20:54:16 +0800] "GET /api/test.php HTTP/1.1" 200 159
127.0.0.1 - - [20/Jun/2018:20:54:19 +0800] "GET /api/test.php HTTP/1.1" 200 159
127.0.0.1 - - [20/Jun/2018:20:54:19 +0800] "GET /api/test.php HTTP/1.1" 200 159
127.0.0.1 - - [20/Jun/2018:20:55:16 +0800] "GET /api/test.php HTTP/1.1" 200 159
127.0.0.1 - - [20/Jun/2018:20:56:47 +0800] "GET /api/test.php HTTP/1.1" 200 163
127.0.0.1 - - [20/Jun/2018:20:56:48 +0800] "GET /api/test.php HTTP/1.1" 200 163
127.0.0.1 - - [20/Jun/2018:20:56:49 +0800] "GET /api/test.php HTTP/1.1" 200 163
127.0.0.1 - - [20/Jun/2018:20:57:05 +0800] "GET /api/test.php HTTP/1.1" 200 205
127.0.0.1 - - [20/Jun/2018:20:58:05 +0800] "-" 408 -
127.0.0.1 - - [20/Jun/2018:21:00:28 +0800] "GET /api/test.php HTTP/1.1" 200 53
127.0.0.1 - - [20/Jun/2018:21:00:29 +0800] "GET /api/test.php HTTP/1.1" 200 53
127.0.0.1 - - [20/Jun/2018:21:00:29 +0800] "GET /api/test.php HTTP/1.1" 200 53
127.0.0.1 - - [20/Jun/2018:21:01:28 +0800] "-" 408 -
127.0.0.1 - - [20/Jun/2018:21:01:31 +0800] "GET /api/test.php HTTP/1.1" 200 186
127.0.0.1 - - [20/Jun/2018:21:01:39 +0800] "GET /api/test.php HTTP/1.1" 200 186
127.0.0.1 - - [20/Jun/2018:21:01:40 +0800] "GET /api/test.php HTTP/1.1" 200 186
127.0.0.1 - - [20/Jun/2018:21:01:40 +0800] "GET /api/test.php HTTP/1.1" 200 186
127.0.0.1 - - [20/Jun/2018:21:02:40 +0800] "-" 408 -
127.0.0.1 - - [20/Jun/2018:21:04:23 +0800] "GET /api/test.php HTTP/1.1" 200 2
127.0.0.1 - - [20/Jun/2018:21:04:25 +0800] "GET /api/test.php HTTP/1.1" 200 2
127.0.0.1 - - [20/Jun/2018:21:04:33 +0800] "GET /api/test.php HTTP/1.1" 200 217
127.0.0.1 - - [20/Jun/2018:21:05:34 +0800] "-" 408 -
127.0.0.1 - - [20/Jun/2018:21:07:22 +0800] "GET /api/test.php HTTP/1.1" 200 217
127.0.0.1 - - [20/Jun/2018:21:07:24 +0800] "GET /api/test.php HTTP/1.1" 200 217
127.0.0.1 - - [20/Jun/2018:21:07:24 +0800] "GET /api/test.php HTTP/1.1" 200 217
127.0.0.1 - - [20/Jun/2018:21:07:24 +0800] "GET /api/test.php HTTP/1.1" 200 217
127.0.0.1 - - [20/Jun/2018:21:08:03 +0800] "GET /api/test.php HTTP/1.1" 200 432
127.0.0.1 - - [20/Jun/2018:21:09:03 +0800] "-" 408 -
127.0.0.1 - - [20/Jun/2018:21:19:42 +0800] "GET /api/test.php HTTP/1.1" 200 183
127.0.0.1 - - [20/Jun/2018:21:20:57 +0800] "GET /api/test.php HTTP/1.1" 200 221
127.0.0.1 - - [20/Jun/2018:21:21:12 +0800] "GET /api/test.php HTTP/1.1" 200 222
127.0.0.1 - - [20/Jun/2018:21:22:12 +0800] "-" 408 -
127.0.0.1 - - [20/Jun/2018:21:22:33 +0800] "GET /api/test.php HTTP/1.1" 200 58
127.0.0.1 - - [20/Jun/2018:21:22:48 +0800] "GET /api/test.php HTTP/1.1" 200 59
127.0.0.1 - - [20/Jun/2018:21:23:48 +0800] "-" 408 -
127.0.0.1 - - [20/Jun/2018:21:32:02 +0800] "GET /api/test.php HTTP/1.1" 200 178
127.0.0.1 - - [20/Jun/2018:21:33:27 +0800] "GET /api/test.php HTTP/1.1" 200 303
127.0.0.1 - - [20/Jun/2018:21:34:14 +0800] "GET /api/test.php HTTP/1.1" 200 354
127.0.0.1 - - [20/Jun/2018:21:35:15 +0800] "-" 408 -
127.0.0.1 - - [20/Jun/2018:21:35:31 +0800] "GET /api/test.php HTTP/1.1" 200 182
127.0.0.1 - - [20/Jun/2018:21:36:42 +0800] "GET /api/test.php HTTP/1.1" 200 87
127.0.0.1 - - [20/Jun/2018:21:36:56 +0800] "GET /api/test.php HTTP/1.1" 200 48
127.0.0.1 - - [20/Jun/2018:21:38:28 +0800] "GET /api/test.php HTTP/1.1" 200 48
127.0.0.1 - - [20/Jun/2018:21:39:28 +0800] "-" 408 -
127.0.0.1 - - [20/Jun/2018:22:03:26 +0800] "GET /api/test.php HTTP/1.1" 200 49
127.0.0.1 - - [20/Jun/2018:22:03:47 +0800] "GET /api/test.php HTTP/1.1" 200 3
127.0.0.1 - - [20/Jun/2018:22:04:05 +0800] "GET /api/test.php HTTP/1.1" 200 3
127.0.0.1 - - [20/Jun/2018:22:04:05 +0800] "GET /api/test.php HTTP/1.1" 200 3
127.0.0.1 - - [20/Jun/2018:22:04:23 +0800] "GET /api/test.php HTTP/1.1" 200 38
127.0.0.1 - - [20/Jun/2018:22:04:51 +0800] "GET /api/test.php HTTP/1.1" 200 39
127.0.0.1 - - [20/Jun/2018:22:05:07 +0800] "GET /api/test.php HTTP/1.1" 200 41
127.0.0.1 - - [20/Jun/2018:22:05:38 +0800] "GET /api/test.php HTTP/1.1" 200 87
127.0.0.1 - - [20/Jun/2018:22:06:39 +0800] "-" 408 -
127.0.0.1 - - [20/Jun/2018:22:07:48 +0800] "GET /api/test.php HTTP/1.1" 200 42
127.0.0.1 - - [20/Jun/2018:22:08:48 +0800] "-" 408 -
127.0.0.1 - - [20/Jun/2018:22:09:26 +0800] "GET /api/test.php HTTP/1.1" 200 3
127.0.0.1 - - [20/Jun/2018:22:09:28 +0800] "GET /api/test.php HTTP/1.1" 200 42
127.0.0.1 - - [20/Jun/2018:22:09:34 +0800] "GET /api/test.php HTTP/1.1" 200 3
127.0.0.1 - - [20/Jun/2018:22:10:16 +0800] "GET /api/test.php HTTP/1.1" 200 42
127.0.0.1 - - [20/Jun/2018:22:11:16 +0800] "-" 408 -
127.0.0.1 - - [20/Jun/2018:22:18:55 +0800] "GET /api/test.php HTTP/1.1" 200 3
127.0.0.1 - - [20/Jun/2018:22:19:07 +0800] "GET /api/test.php HTTP/1.1" 200 3
127.0.0.1 - - [20/Jun/2018:22:19:17 +0800] "GET /api/test.php HTTP/1.1" 200 3
127.0.0.1 - - [20/Jun/2018:22:19:23 +0800] "GET /api/test.php HTTP/1.1" 200 3
127.0.0.1 - - [20/Jun/2018:22:19:48 +0800] "GET /api/test.php HTTP/1.1" 200 124
127.0.0.1 - - [20/Jun/2018:22:20:14 +0800] "GET /api/test.php HTTP/1.1" 200 3
127.0.0.1 - - [20/Jun/2018:22:20:29 +0800] "GET /api/test.php HTTP/1.1" 200 3
127.0.0.1 - - [20/Jun/2018:22:20:29 +0800] "GET /api/test.php HTTP/1.1" 200 3
127.0.0.1 - - [20/Jun/2018:22:20:30 +0800] "GET /api/test.php HTTP/1.1" 200 3
127.0.0.1 - - [20/Jun/2018:22:20:30 +0800] "GET /api/test.php HTTP/1.1" 200 3
127.0.0.1 - - [20/Jun/2018:22:21:29 +0800] "-" 408 -
127.0.0.1 - - [20/Jun/2018:22:22:10 +0800] "GET /api/test.php HTTP/1.1" 200 3
127.0.0.1 - - [20/Jun/2018:22:22:17 +0800] "GET /api/test.php HTTP/1.1" 200 3
127.0.0.1 - - [20/Jun/2018:22:23:17 +0800] "GET /api/test.php HTTP/1.1" 200 3
127.0.0.1 - - [20/Jun/2018:22:24:18 +0800] "-" 408 -
127.0.0.1 - - [20/Jun/2018:22:36:06 +0800] "GET /api/test.php HTTP/1.1" 200 65
127.0.0.1 - - [20/Jun/2018:22:41:25 +0800] "GET /api/test.php HTTP/1.1" 200 63
127.0.0.1 - - [20/Jun/2018:22:42:25 +0800] "-" 408 -
127.0.0.1 - - [20/Jun/2018:22:45:37 +0800] "GET /api/test.php HTTP/1.1" 200 3
127.0.0.1 - - [20/Jun/2018:22:46:38 +0800] "-" 408 -
127.0.0.1 - - [20/Jun/2018:22:49:31 +0800] "GET /api/test.php HTTP/1.1" 200 177
127.0.0.1 - - [20/Jun/2018:22:49:33 +0800] "GET /api/test.php HTTP/1.1" 200 177
127.0.0.1 - - [20/Jun/2018:22:50:32 +0800] "-" 408 -
127.0.0.1 - - [20/Jun/2018:22:50:43 +0800] "GET /api/test.php HTTP/1.1" 200 177
127.0.0.1 - - [20/Jun/2018:22:50:44 +0800] "GET /api/test.php HTTP/1.1" 200 177
127.0.0.1 - - [20/Jun/2018:22:50:45 +0800] "GET /api/test.php HTTP/1.1" 200 177
127.0.0.1 - - [20/Jun/2018:22:50:45 +0800] "GET /api/test.php HTTP/1.1" 200 177
127.0.0.1 - - [20/Jun/2018:22:50:45 +0800] "GET /api/test.php HTTP/1.1" 200 177
127.0.0.1 - - [20/Jun/2018:22:51:11 +0800] "GET /api/test.php HTTP/1.1" 200 212
127.0.0.1 - - [20/Jun/2018:22:53:42 +0800] "GET /api/test.php HTTP/1.1" 200 116
127.0.0.1 - - [20/Jun/2018:22:54:42 +0800] "-" 408 -
127.0.0.1 - - [20/Jun/2018:22:56:39 +0800] "GET /api/test.php HTTP/1.1" 200 46
127.0.0.1 - - [20/Jun/2018:22:57:39 +0800] "-" 408 -
127.0.0.1 - - [20/Jun/2018:22:57:41 +0800] "GET /api/test.php HTTP/1.1" 200 1071
127.0.0.1 - - [20/Jun/2018:22:57:54 +0800] "GET /api/test.php HTTP/1.1" 200 149
127.0.0.1 - - [20/Jun/2018:22:58:55 +0800] "-" 408 -
127.0.0.1 - - [21/Jun/2018:07:42:07 +0800] "-" 408 -
127.0.0.1 - - [21/Jun/2018:07:46:47 +0800] "GET /api%E3%80%81test.php HTTP/1.1" 404 212
127.0.0.1 - - [21/Jun/2018:07:46:47 +0800] "GET /favicon.ico HTTP/1.1" 404 209
127.0.0.1 - - [21/Jun/2018:07:46:54 +0800] "GET /api/test.php HTTP/1.1" 200 120
127.0.0.1 - - [21/Jun/2018:07:48:07 +0800] "GET /api/test.php HTTP/1.1" 200 120
127.0.0.1 - - [21/Jun/2018:07:48:07 +0800] "GET /api/test.php HTTP/1.1" 200 120
127.0.0.1 - - [21/Jun/2018:07:48:08 +0800] "GET /api/test.php HTTP/1.1" 200 120
127.0.0.1 - - [21/Jun/2018:07:48:08 +0800] "GET /api/test.php HTTP/1.1" 200 120
