127.0.0.1 - - [21/Jun/2018:20:25:14 +0800] "GET /data/sort_content_data.json HTTP/1.0" 200 139
192.168.191.2 - - [21/Jun/2018:20:25:14 +0800] "GET /api/sort_content_list.php?contentId=3 HTTP/1.1" 200 139
127.0.0.1 - - [21/Jun/2018:20:25:15 +0800] "GET /data/sort_content_data.json HTTP/1.0" 200 140
192.168.191.2 - - [21/Jun/2018:20:25:15 +0800] "GET /api/sort_content_list.php?contentId=4 HTTP/1.1" 200 140
127.0.0.1 - - [21/Jun/2018:20:25:16 +0800] "GET /data/sort_content_data.json HTTP/1.0" 200 363
192.168.191.2 - - [21/Jun/2018:20:25:16 +0800] "GET /api/sort_content_list.php?contentId=0 HTTP/1.1" 200 363
127.0.0.1 - - [21/Jun/2018:20:25:16 +0800] "GET /data/sort_content_data.json HTTP/1.0" 200 134
192.168.191.2 - - [21/Jun/2018:20:25:16 +0800] "GET /api/sort_content_list.php?contentId=1 HTTP/1.1" 200 134
127.0.0.1 - - [21/Jun/2018:20:25:17 +0800] "GET /data/sort_content_data.json HTTP/1.0" 200 139
192.168.191.2 - - [21/Jun/2018:20:25:17 +0800] "GET /api/sort_content_list.php?contentId=3 HTTP/1.1" 200 139
127.0.0.1 - - [21/Jun/2018:20:25:17 +0800] "GET /data/sort_content_data.json HTTP/1.0" 200 140
192.168.191.2 - - [21/Jun/2018:20:25:17 +0800] "GET /api/sort_content_list.php?contentId=4 HTTP/1.1" 200 140
127.0.0.1 - - [21/Jun/2018:20:25:18 +0800] "GET /data/sort_content_data.json HTTP/1.0" 200 363
192.168.191.2 - - [21/Jun/2018:20:25:18 +0800] "GET /api/sort_content_list.php?contentId=0 HTTP/1.1" 200 363
127.0.0.1 - - [21/Jun/2018:20:25:19 +0800] "GET /data/sort_content_data.json HTTP/1.0" 200 134
192.168.191.2 - - [21/Jun/2018:20:25:19 +0800] "GET /api/sort_content_list.php?contentId=1 HTTP/1.1" 200 134
127.0.0.1 - - [21/Jun/2018:20:25:20 +0800] "GET /data/sort_content_data.json HTTP/1.0" 200 139
192.168.191.2 - - [21/Jun/2018:20:25:20 +0800] "GET /api/sort_content_list.php?contentId=3 HTTP/1.1" 200 139
127.0.0.1 - - [21/Jun/2018:20:25:21 +0800] "GET /data/sort_content_data.json HTTP/1.0" 200 140
192.168.191.2 - - [21/Jun/2018:20:25:21 +0800] "GET /api/sort_content_list.php?contentId=4 HTTP/1.1" 200 140
127.0.0.1 - - [21/Jun/2018:20:25:21 +0800] "GET /data/sort_content_data.json HTTP/1.0" 200 363
192.168.191.2 - - [21/Jun/2018:20:25:21 +0800] "GET /api/sort_content_list.php?contentId=0 HTTP/1.1" 200 363
127.0.0.1 - - [21/Jun/2018:20:25:26 +0800] "GET /data/sort_content_data.json HTTP/1.0" 200 134
192.168.191.2 - - [21/Jun/2018:20:25:26 +0800] "GET /api/sort_content_list.php?contentId=1 HTTP/1.1" 200 134
127.0.0.1 - - [21/Jun/2018:20:25:26 +0800] "GET /data/sort_content_data.json HTTP/1.0" 200 139
192.168.191.2 - - [21/Jun/2018:20:25:26 +0800] "GET /api/sort_content_list.php?contentId=3 HTTP/1.1" 200 139
127.0.0.1 - - [21/Jun/2018:20:25:28 +0800] "GET /data/sort_content_data.json HTTP/1.0" 200 140
192.168.191.2 - - [21/Jun/2018:20:25:28 +0800] "GET /api/sort_content_list.php?contentId=4 HTTP/1.1" 200 140
127.0.0.1 - - [21/Jun/2018:20:25:29 +0800] "GET /data/sort_content_data.json HTTP/1.0" 200 134
192.168.191.2 - - [21/Jun/2018:20:25:29 +0800] "GET /api/sort_content_list.php?contentId=1 HTTP/1.1" 200 134
127.0.0.1 - - [21/Jun/2018:20:25:29 +0800] "GET /data/sort_content_data.json HTTP/1.0" 200 363
192.168.191.2 - - [21/Jun/2018:20:25:29 +0800] "GET /api/sort_content_list.php?contentId=0 HTTP/1.1" 200 363
127.0.0.1 - - [21/Jun/2018:20:25:29 +0800] "GET /data/sort_content_data.json HTTP/1.0" 200 139
192.168.191.2 - - [21/Jun/2018:20:25:29 +0800] "GET /api/sort_content_list.php?contentId=3 HTTP/1.1" 200 139
127.0.0.1 - - [21/Jun/2018:20:25:30 +0800] "GET /data/sort_content_data.json HTTP/1.0" 200 134
192.168.191.2 - - [21/Jun/2018:20:25:30 +0800] "GET /api/sort_content_list.php?contentId=1 HTTP/1.1" 200 134
127.0.0.1 - - [21/Jun/2018:20:25:30 +0800] "GET /data/sort_content_data.json HTTP/1.0" 200 140
192.168.191.2 - - [21/Jun/2018:20:25:30 +0800] "GET /api/sort_content_list.php?contentId=4 HTTP/1.1" 200 140
127.0.0.1 - - [21/Jun/2018:20:25:31 +0800] "GET /data/sort_content_data.json HTTP/1.0" 200 134
192.168.191.2 - - [21/Jun/2018:20:25:31 +0800] "GET /api/sort_content_list.php?contentId=1 HTTP/1.1" 200 134
127.0.0.1 - - [21/Jun/2018:20:25:32 +0800] "GET /data/sort_content_data.json HTTP/1.0" 200 363
192.168.191.2 - - [21/Jun/2018:20:25:32 +0800] "GET /api/sort_content_list.php?contentId=0 HTTP/1.1" 200 363
127.0.0.1 - - [21/Jun/2018:20:25:32 +0800] "GET /data/sort_content_data.json HTTP/1.0" 200 134
192.168.191.2 - - [21/Jun/2018:20:25:32 +0800] "GET /api/sort_content_list.php?contentId=1 HTTP/1.1" 200 134
127.0.0.1 - - [21/Jun/2018:20:25:47 +0800] "GET /data/sort_content_data.json HTTP/1.0" 200 139
192.168.191.2 - - [21/Jun/2018:20:25:47 +0800] "GET /api/sort_content_list.php?contentId=3 HTTP/1.1" 200 139
127.0.0.1 - - [21/Jun/2018:20:25:48 +0800] "GET /data/sort_content_data.json HTTP/1.0" 200 140
192.168.191.2 - - [21/Jun/2018:20:25:48 +0800] "GET /api/sort_content_list.php?contentId=4 HTTP/1.1" 200 140
127.0.0.1 - - [21/Jun/2018:20:25:49 +0800] "GET /data/sort_content_data.json HTTP/1.0" 200 134
192.168.191.2 - - [21/Jun/2018:20:25:49 +0800] "GET /api/sort_content_list.php?contentId=1 HTTP/1.1" 200 134
127.0.0.1 - - [21/Jun/2018:20:25:49 +0800] "GET /data/sort_content_data.json HTTP/1.0" 200 363
192.168.191.2 - - [21/Jun/2018:20:25:49 +0800] "GET /api/sort_content_list.php?contentId=0 HTTP/1.1" 200 363
127.0.0.1 - - [21/Jun/2018:20:25:53 +0800] "GET /data/sort_content_data.json HTTP/1.0" 200 134
192.168.191.2 - - [21/Jun/2018:20:25:53 +0800] "GET /api/sort_content_list.php?contentId=1 HTTP/1.1" 200 134
127.0.0.1 - - [21/Jun/2018:20:25:54 +0800] "GET /data/sort_content_data.json HTTP/1.0" 200 140
192.168.191.2 - - [21/Jun/2018:20:25:54 +0800] "GET /api/sort_content_list.php?contentId=4 HTTP/1.1" 200 140
127.0.0.1 - - [21/Jun/2018:20:25:54 +0800] "GET /data/sort_content_data.json HTTP/1.0" 200 139
192.168.191.2 - - [21/Jun/2018:20:25:54 +0800] "GET /api/sort_content_list.php?contentId=3 HTTP/1.1" 200 139
127.0.0.1 - - [21/Jun/2018:20:25:55 +0800] "GET /data/sort_content_data.json HTTP/1.0" 200 134
192.168.191.2 - - [21/Jun/2018:20:25:55 +0800] "GET /api/sort_content_list.php?contentId=1 HTTP/1.1" 200 134
127.0.0.1 - - [21/Jun/2018:20:25:55 +0800] "GET /data/sort_content_data.json HTTP/1.0" 200 363
192.168.191.2 - - [21/Jun/2018:20:25:55 +0800] "GET /api/sort_content_list.php?contentId=0 HTTP/1.1" 200 363
192.168.191.2 - - [21/Jun/2018:20:25:57 +0800] "GET /find/faxian.html HTTP/1.1" 200 242807
192.168.191.2 - - [21/Jun/2018:20:25:57 +0800] "GET /find/img/article-author-pic1.webp HTTP/1.1" 404 231
192.168.191.2 - - [21/Jun/2018:20:25:57 +0800] "GET /find/img/article-author-pic3.webp HTTP/1.1" 404 231
192.168.191.2 - - [21/Jun/2018:20:25:57 +0800] "GET /find/img/article-author-pic2.webp HTTP/1.1" 404 231
192.168.191.2 - - [21/Jun/2018:20:25:58 +0800] "GET /favicon.ico HTTP/1.1" 404 209
127.0.0.1 - - [21/Jun/2018:20:25:58 +0800] "GET /data/shop_cart_data.json HTTP/1.0" 200 546
192.168.191.2 - - [21/Jun/2018:20:25:58 +0800] "GET /api/shop_cart.php?contentId=0 HTTP/1.1" 200 546
127.0.0.1 - - [21/Jun/2018:20:28:06 +0800] "GET /data/index_data.json HTTP/1.0" 200 2370
192.168.191.2 - - [21/Jun/2018:20:28:06 +0800] "GET /api/index.php HTTP/1.1" 200 2370
127.0.0.1 - - [21/Jun/2018:20:28:08 +0800] "GET /data/sort_content_data.json HTTP/1.0" 200 134
192.168.191.2 - - [21/Jun/2018:20:28:08 +0800] "GET /api/sort_content_list.php?contentId=1 HTTP/1.1" 200 134
127.0.0.1 - - [21/Jun/2018:20:28:09 +0800] "GET /data/sort_list_data.json HTTP/1.0" 200 136
192.168.191.2 - - [21/Jun/2018:20:28:09 +0800] "GET /api/sort_list.php?contentId=1 HTTP/1.1" 200 136
127.0.0.1 - - [21/Jun/2018:20:28:12 +0800] "GET /data/sort_content_data.json HTTP/1.0" 200 134
192.168.191.2 - - [21/Jun/2018:20:28:12 +0800] "GET /api/sort_content_list.php?contentId=1 HTTP/1.1" 200 134
127.0.0.1 - - [21/Jun/2018:20:28:15 +0800] "GET /data/sort_content_data.json HTTP/1.0" 200 139
192.168.191.2 - - [21/Jun/2018:20:28:15 +0800] "GET /api/sort_content_list.php?contentId=3 HTTP/1.1" 200 139
127.0.0.1 - - [21/Jun/2018:20:28:16 +0800] "GET /data/sort_content_data.json HTTP/1.0" 200 134
192.168.191.2 - - [21/Jun/2018:20:28:16 +0800] "GET /api/sort_content_list.php?contentId=1 HTTP/1.1" 200 134
127.0.0.1 - - [21/Jun/2018:20:28:17 +0800] "GET /data/sort_content_data.json HTTP/1.0" 200 363
192.168.191.2 - - [21/Jun/2018:20:28:17 +0800] "GET /api/sort_content_list.php?contentId=0 HTTP/1.1" 200 363
127.0.0.1 - - [21/Jun/2018:20:28:19 +0800] "GET /data/sort_content_data.json HTTP/1.0" 200 134
192.168.191.2 - - [21/Jun/2018:20:28:19 +0800] "GET /api/sort_content_list.php?contentId=1 HTTP/1.1" 200 134
127.0.0.1 - - [21/Jun/2018:20:28:20 +0800] "GET /data/sort_content_data.json HTTP/1.0" 200 139
192.168.191.2 - - [21/Jun/2018:20:28:20 +0800] "GET /api/sort_content_list.php?contentId=3 HTTP/1.1" 200 139
127.0.0.1 - - [21/Jun/2018:20:28:21 +0800] "GET /data/sort_content_data.json HTTP/1.0" 200 140
192.168.191.2 - - [21/Jun/2018:20:28:21 +0800] "GET /api/sort_content_list.php?contentId=4 HTTP/1.1" 200 140
127.0.0.1 - - [21/Jun/2018:20:28:25 +0800] "GET /data/sort_content_data.json HTTP/1.0" 200 363
192.168.191.2 - - [21/Jun/2018:20:28:25 +0800] "GET /api/sort_content_list.php?contentId=0 HTTP/1.1" 200 363
127.0.0.1 - - [21/Jun/2018:20:28:30 +0800] "GET /data/sort_content_data.json HTTP/1.0" 200 134
192.168.191.2 - - [21/Jun/2018:20:28:30 +0800] "GET /api/sort_content_list.php?contentId=1 HTTP/1.1" 200 134
127.0.0.1 - - [21/Jun/2018:20:28:31 +0800] "GET /data/sort_content_data.json HTTP/1.0" 200 139
192.168.191.2 - - [21/Jun/2018:20:28:31 +0800] "GET /api/sort_content_list.php?contentId=3 HTTP/1.1" 200 139
127.0.0.1 - - [21/Jun/2018:20:28:31 +0800] "GET /data/sort_content_data.json HTTP/1.0" 200 140
192.168.191.2 - - [21/Jun/2018:20:28:31 +0800] "GET /api/sort_content_list.php?contentId=4 HTTP/1.1" 200 140
192.168.191.2 - - [21/Jun/2018:20:28:33 +0800] "GET /find/faxian.html HTTP/1.1" 200 242807
192.168.191.2 - - [21/Jun/2018:20:28:34 +0800] "GET /find/img/article-author-pic1.webp HTTP/1.1" 404 231
192.168.191.2 - - [21/Jun/2018:20:28:34 +0800] "GET /find/img/article-author-pic2.webp HTTP/1.1" 404 231
192.168.191.2 - - [21/Jun/2018:20:28:34 +0800] "GET /find/img/article-author-pic3.webp HTTP/1.1" 404 231
192.168.191.2 - - [21/Jun/2018:20:28:34 +0800] "GET /favicon.ico HTTP/1.1" 404 209
127.0.0.1 - - [21/Jun/2018:20:28:39 +0800] "GET /data/goods_detail_data_1.json HTTP/1.0" 200 2902
192.168.191.2 - - [21/Jun/2018:20:28:39 +0800] "GET /api/goods_detail.php?contentId=4&goods_id=1 HTTP/1.1" 200 2902
127.0.0.1 - - [21/Jun/2018:20:55:17 +0800] "GET /data/index_data.json HTTP/1.0" 200 2370
192.168.191.2 - - [21/Jun/2018:20:55:16 +0800] "GET /api/index.php HTTP/1.1" 200 2370
127.0.0.1 - - [21/Jun/2018:20:55:18 +0800] "GET /data/sort_content_data.json HTTP/1.0" 200 134
192.168.191.2 - - [21/Jun/2018:20:55:18 +0800] "GET /api/sort_content_list.php?contentId=1 HTTP/1.1" 200 134
127.0.0.1 - - [21/Jun/2018:20:55:18 +0800] "GET /data/sort_list_data.json HTTP/1.0" 200 136
192.168.191.2 - - [21/Jun/2018:20:55:18 +0800] "GET /api/sort_list.php?contentId=1 HTTP/1.1" 200 136
127.0.0.1 - - [21/Jun/2018:20:55:21 +0800] "GET /data/sort_content_data.json HTTP/1.0" 200 134
192.168.191.2 - - [21/Jun/2018:20:55:21 +0800] "GET /api/sort_content_list.php?contentId=1 HTTP/1.1" 200 134
127.0.0.1 - - [21/Jun/2018:20:55:22 +0800] "GET /data/sort_content_data.json HTTP/1.0" 200 363
192.168.191.2 - - [21/Jun/2018:20:55:22 +0800] "GET /api/sort_content_list.php?contentId=0 HTTP/1.1" 200 363
127.0.0.1 - - [21/Jun/2018:20:55:24 +0800] "GET /data/sort_content_data.json HTTP/1.0" 200 134
192.168.191.2 - - [21/Jun/2018:20:55:24 +0800] "GET /api/sort_content_list.php?contentId=1 HTTP/1.1" 200 134
127.0.0.1 - - [21/Jun/2018:20:55:25 +0800] "GET /data/sort_content_data.json HTTP/1.0" 200 139
192.168.191.2 - - [21/Jun/2018:20:55:25 +0800] "GET /api/sort_content_list.php?contentId=3 HTTP/1.1" 200 139
127.0.0.1 - - [21/Jun/2018:20:55:26 +0800] "GET /data/sort_content_data.json HTTP/1.0" 200 140
192.168.191.2 - - [21/Jun/2018:20:55:26 +0800] "GET /api/sort_content_list.php?contentId=4 HTTP/1.1" 200 140
127.0.0.1 - - [21/Jun/2018:20:55:27 +0800] "GET /data/sort_content_data.json HTTP/1.0" 200 139
192.168.191.2 - - [21/Jun/2018:20:55:27 +0800] "GET /api/sort_content_list.php?contentId=3 HTTP/1.1" 200 139
127.0.0.1 - - [21/Jun/2018:20:55:29 +0800] "GET /data/sort_content_data.json HTTP/1.0" 200 134
192.168.191.2 - - [21/Jun/2018:20:55:29 +0800] "GET /api/sort_content_list.php?contentId=1 HTTP/1.1" 200 134
127.0.0.1 - - [21/Jun/2018:20:55:30 +0800] "GET /data/sort_content_data.json HTTP/1.0" 200 363
192.168.191.2 - - [21/Jun/2018:20:55:30 +0800] "GET /api/sort_content_list.php?contentId=0 HTTP/1.1" 200 363
127.0.0.1 - - [21/Jun/2018:20:55:46 +0800] "GET /data/sort_content_data.json HTTP/1.0" 200 134
192.168.191.2 - - [21/Jun/2018:20:55:46 +0800] "GET /api/sort_content_list.php?contentId=1 HTTP/1.1" 200 134
127.0.0.1 - - [21/Jun/2018:20:55:47 +0800] "GET /data/sort_content_data.json HTTP/1.0" 200 139
192.168.191.2 - - [21/Jun/2018:20:55:47 +0800] "GET /api/sort_content_list.php?contentId=3 HTTP/1.1" 200 139
127.0.0.1 - - [21/Jun/2018:20:55:48 +0800] "GET /data/sort_content_data.json HTTP/1.0" 200 140
192.168.191.2 - - [21/Jun/2018:20:55:48 +0800] "GET /api/sort_content_list.php?contentId=4 HTTP/1.1" 200 140
127.0.0.1 - - [21/Jun/2018:20:55:49 +0800] "GET /data/sort_content_data.json HTTP/1.0" 200 139
192.168.191.2 - - [21/Jun/2018:20:55:48 +0800] "GET /api/sort_content_list.php?contentId=3 HTTP/1.1" 200 139
127.0.0.1 - - [21/Jun/2018:20:55:49 +0800] "GET /data/sort_content_data.json HTTP/1.0" 200 134
192.168.191.2 - - [21/Jun/2018:20:55:49 +0800] "GET /api/sort_content_list.php?contentId=1 HTTP/1.1" 200 134
127.0.0.1 - - [21/Jun/2018:20:55:49 +0800] "GET /data/sort_content_data.json HTTP/1.0" 200 363
192.168.191.2 - - [21/Jun/2018:20:55:49 +0800] "GET /api/sort_content_list.php?contentId=0 HTTP/1.1" 200 363
127.0.0.1 - - [21/Jun/2018:20:55:52 +0800] "GET /data/shop_cart_data.json HTTP/1.0" 200 546
192.168.191.2 - - [21/Jun/2018:20:55:52 +0800] "GET /api/shop_cart.php?contentId=0 HTTP/1.1" 200 546
127.0.0.1 - - [21/Jun/2018:20:55:54 +0800] "GET /data/sort_content_data.json HTTP/1.0" 200 134
192.168.191.2 - - [21/Jun/2018:20:55:54 +0800] "GET /api/sort_content_list.php?contentId=1 HTTP/1.1" 200 134
127.0.0.1 - - [21/Jun/2018:22:15:03 +0800] "GET /data/index_data.json HTTP/1.0" 200 2370
192.168.191.2 - - [21/Jun/2018:22:15:02 +0800] "GET /api/index.php HTTP/1.1" 200 2370
127.0.0.1 - - [21/Jun/2018:22:15:05 +0800] "GET /data/index2_data.json HTTP/1.0" 200 2573
192.168.191.2 - - [21/Jun/2018:22:15:05 +0800] "GET /api/refresh.php?index=1 HTTP/1.1" 200 2573
127.0.0.1 - - [21/Jun/2018:22:15:15 +0800] "GET /data/index2_data.json HTTP/1.0" 200 2573
192.168.191.2 - - [21/Jun/2018:22:15:15 +0800] "GET /api/refresh.php?index=2 HTTP/1.1" 200 2573
127.0.0.1 - - [21/Jun/2018:22:15:26 +0800] "GET /data/sort_list_data.json HTTP/1.0" 200 136
192.168.191.2 - - [21/Jun/2018:22:15:25 +0800] "GET /api/sort_list.php?contentId=1 HTTP/1.1" 200 136
127.0.0.1 - - [21/Jun/2018:22:15:26 +0800] "GET /data/sort_content_data.json HTTP/1.0" 200 134
192.168.191.2 - - [21/Jun/2018:22:15:25 +0800] "GET /api/sort_content_list.php?contentId=1 HTTP/1.1" 200 134
127.0.0.1 - - [21/Jun/2018:23:21:38 +0800] "GET /data/index_data.json HTTP/1.0" 200 2370
192.168.191.2 - - [21/Jun/2018:23:21:38 +0800] "GET /api/index.php HTTP/1.1" 200 2370
127.0.0.1 - - [21/Jun/2018:23:21:40 +0800] "GET /data/sort_content_data.json HTTP/1.0" 200 134
192.168.191.2 - - [21/Jun/2018:23:21:40 +0800] "GET /api/sort_content_list.php?contentId=1 HTTP/1.1" 200 134
127.0.0.1 - - [21/Jun/2018:23:21:40 +0800] "GET /data/sort_list_data.json HTTP/1.0" 200 136
192.168.191.2 - - [21/Jun/2018:23:21:40 +0800] "GET /api/sort_list.php?contentId=1 HTTP/1.1" 200 136
127.0.0.1 - - [21/Jun/2018:23:21:42 +0800] "GET /data/sort_content_data.json HTTP/1.0" 200 134
192.168.191.2 - - [21/Jun/2018:23:21:42 +0800] "GET /api/sort_content_list.php?contentId=1 HTTP/1.1" 200 134
127.0.0.1 - - [21/Jun/2018:23:21:43 +0800] "GET /data/sort_content_data.json HTTP/1.0" 200 139
192.168.191.2 - - [21/Jun/2018:23:21:43 +0800] "GET /api/sort_content_list.php?contentId=3 HTTP/1.1" 200 139
127.0.0.1 - - [21/Jun/2018:23:21:44 +0800] "GET /data/sort_content_data.json HTTP/1.0" 200 134
192.168.191.2 - - [21/Jun/2018:23:21:44 +0800] "GET /api/sort_content_list.php?contentId=1 HTTP/1.1" 200 134
127.0.0.1 - - [21/Jun/2018:23:21:45 +0800] "GET /data/sort_content_data.json HTTP/1.0" 200 363
192.168.191.2 - - [21/Jun/2018:23:21:45 +0800] "GET /api/sort_content_list.php?contentId=0 HTTP/1.1" 200 363
127.0.0.1 - - [21/Jun/2018:23:21:47 +0800] "GET /data/sort_content_data.json HTTP/1.0" 200 134
192.168.191.2 - - [21/Jun/2018:23:21:47 +0800] "GET /api/sort_content_list.php?contentId=1 HTTP/1.1" 200 134
127.0.0.1 - - [21/Jun/2018:23:21:48 +0800] "GET /data/sort_content_data.json HTTP/1.0" 200 139
192.168.191.2 - - [21/Jun/2018:23:21:48 +0800] "GET /api/sort_content_list.php?contentId=3 HTTP/1.1" 200 139
127.0.0.1 - - [21/Jun/2018:23:22:14 +0800] "GET /data/index_data.json HTTP/1.0" 200 2370
192.168.191.2 - - [21/Jun/2018:23:22:14 +0800] "GET /api/index.php HTTP/1.1" 200 2370
127.0.0.1 - - [21/Jun/2018:23:38:06 +0800] "GET /data/index_data.json HTTP/1.0" 200 2370
192.168.191.2 - - [21/Jun/2018:23:38:06 +0800] "GET /api/index.php HTTP/1.1" 200 2370
127.0.0.1 - - [21/Jun/2018:23:38:11 +0800] "GET /data/shop_cart_data.json HTTP/1.0" 200 257
192.168.191.2 - - [21/Jun/2018:23:38:11 +0800] "GET /api/shop_cart.php?userId=5b2af6aba2eee HTTP/1.1" 200 371
127.0.0.1 - - [21/Jun/2018:23:41:26 +0800] "GET /data/index_data.json HTTP/1.0" 200 2370
192.168.191.2 - - [21/Jun/2018:23:41:26 +0800] "GET /api/index.php HTTP/1.1" 200 2370
127.0.0.1 - - [21/Jun/2018:23:41:26 +0800] "GET /data/shop_cart_data.json HTTP/1.0" 200 256
192.168.191.2 - - [21/Jun/2018:23:41:26 +0800] "GET /api/shop_cart.php?userId=5b2af6aba2eee HTTP/1.1" 200 256
192.168.191.2 - - [21/Jun/2018:23:42:11 +0800] "GET /find/faxian.html HTTP/1.1" 200 242807
192.168.191.2 - - [21/Jun/2018:23:42:12 +0800] "GET /find/img/article-author-pic1.webp HTTP/1.1" 404 231
192.168.191.2 - - [21/Jun/2018:23:42:12 +0800] "GET /find/img/article-author-pic2.webp HTTP/1.1" 404 231
192.168.191.2 - - [21/Jun/2018:23:42:12 +0800] "GET /find/img/article-author-pic3.webp HTTP/1.1" 404 231
192.168.191.2 - - [21/Jun/2018:23:42:12 +0800] "GET /favicon.ico HTTP/1.1" 404 209
192.168.191.2 - - [21/Jun/2018:23:42:18 +0800] "POST /api/shop_cart_count.php HTTP/1.1" 200 -
127.0.0.1 - - [21/Jun/2018:23:42:30 +0800] "GET /data/index_data.json HTTP/1.0" 200 2370
192.168.191.2 - - [21/Jun/2018:23:42:30 +0800] "GET /api/index.php HTTP/1.1" 200 2370
127.0.0.1 - - [21/Jun/2018:23:42:32 +0800] "GET /data/shop_cart_data.json HTTP/1.0" 200 256
192.168.191.2 - - [21/Jun/2018:23:42:32 +0800] "GET /api/shop_cart.php?userId=5b2af6aba2eee HTTP/1.1" 200 256
127.0.0.1 - - [21/Jun/2018:23:42:53 +0800] "GET /data/sort_content_data.json HTTP/1.0" 200 134
192.168.191.2 - - [21/Jun/2018:23:42:53 +0800] "GET /api/sort_content_list.php?contentId=1&userId=5b2af6aba2eee HTTP/1.1" 200 134
127.0.0.1 - - [21/Jun/2018:23:42:53 +0800] "GET /data/sort_list_data.json HTTP/1.0" 200 136
192.168.191.2 - - [21/Jun/2018:23:42:53 +0800] "GET /api/sort_list.php?contentId=1&userId=5b2af6aba2eee HTTP/1.1" 200 136
127.0.0.1 - - [21/Jun/2018:23:42:55 +0800] "GET /data/sort_content_data.json HTTP/1.0" 200 134
192.168.191.2 - - [21/Jun/2018:23:42:55 +0800] "GET /api/sort_content_list.php?contentId=1&userId=5b2af6aba2eee HTTP/1.1" 200 134
127.0.0.1 - - [21/Jun/2018:23:42:56 +0800] "GET /data/sort_content_data.json HTTP/1.0" 200 139
192.168.191.2 - - [21/Jun/2018:23:42:56 +0800] "GET /api/sort_content_list.php?contentId=3&userId=5b2af6aba2eee HTTP/1.1" 200 139
127.0.0.1 - - [21/Jun/2018:23:42:56 +0800] "GET /data/sort_content_data.json HTTP/1.0" 200 140
192.168.191.2 - - [21/Jun/2018:23:42:56 +0800] "GET /api/sort_content_list.php?contentId=4&userId=5b2af6aba2eee HTTP/1.1" 200 140
127.0.0.1 - - [21/Jun/2018:23:42:57 +0800] "GET /data/sort_content_data.json HTTP/1.0" 200 363
192.168.191.2 - - [21/Jun/2018:23:42:57 +0800] "GET /api/sort_content_list.php?contentId=0&userId=5b2af6aba2eee HTTP/1.1" 200 363
127.0.0.1 - - [21/Jun/2018:23:42:58 +0800] "GET /data/sort_content_data.json HTTP/1.0" 200 134
192.168.191.2 - - [21/Jun/2018:23:42:58 +0800] "GET /api/sort_content_list.php?contentId=1&userId=5b2af6aba2eee HTTP/1.1" 200 134
127.0.0.1 - - [21/Jun/2018:23:42:59 +0800] "GET /data/sort_content_data.json HTTP/1.0" 200 140
192.168.191.2 - - [21/Jun/2018:23:42:59 +0800] "GET /api/sort_content_list.php?contentId=4&userId=5b2af6aba2eee HTTP/1.1" 200 140
127.0.0.1 - - [21/Jun/2018:23:43:00 +0800] "GET /data/sort_content_data.json HTTP/1.0" 200 139
192.168.191.2 - - [21/Jun/2018:23:42:59 +0800] "GET /api/sort_content_list.php?contentId=3&userId=5b2af6aba2eee HTTP/1.1" 200 139
127.0.0.1 - - [21/Jun/2018:23:43:00 +0800] "GET /data/sort_content_data.json HTTP/1.0" 200 134
192.168.191.2 - - [21/Jun/2018:23:43:00 +0800] "GET /api/sort_content_list.php?contentId=1&userId=5b2af6aba2eee HTTP/1.1" 200 134
127.0.0.1 - - [21/Jun/2018:23:43:00 +0800] "GET /data/sort_content_data.json HTTP/1.0" 200 363
192.168.191.2 - - [21/Jun/2018:23:43:00 +0800] "GET /api/sort_content_list.php?contentId=0&userId=5b2af6aba2eee HTTP/1.1" 200 363
127.0.0.1 - - [21/Jun/2018:23:43:00 +0800] "GET /data/sort_content_data.json HTTP/1.0" 200 134
192.168.191.2 - - [21/Jun/2018:23:43:00 +0800] "GET /api/sort_content_list.php?contentId=1&userId=5b2af6aba2eee HTTP/1.1" 200 134
127.0.0.1 - - [21/Jun/2018:23:43:01 +0800] "GET /data/sort_content_data.json HTTP/1.0" 200 140
192.168.191.2 - - [21/Jun/2018:23:43:01 +0800] "GET /api/sort_content_list.php?contentId=4&userId=5b2af6aba2eee HTTP/1.1" 200 140
127.0.0.1 - - [21/Jun/2018:23:43:03 +0800] "GET /data/goods_detail_data_1.json HTTP/1.0" 200 2902
192.168.191.2 - - [21/Jun/2018:23:43:03 +0800] "GET /api/goods_detail.php?contentId=4&userId=5b2af6aba2eee&goods_id=1 HTTP/1.1" 200 2902
192.168.191.2 - - [21/Jun/2018:23:43:09 +0800] "GET /find/faxian.html HTTP/1.1" 200 242807
192.168.191.2 - - [21/Jun/2018:23:43:09 +0800] "GET /find/img/article-author-pic1.webp HTTP/1.1" 404 231
192.168.191.2 - - [21/Jun/2018:23:43:09 +0800] "GET /find/img/article-author-pic3.webp HTTP/1.1" 404 231
192.168.191.2 - - [21/Jun/2018:23:43:09 +0800] "GET /find/img/article-author-pic2.webp HTTP/1.1" 404 231
192.168.191.2 - - [21/Jun/2018:23:43:09 +0800] "GET /favicon.ico HTTP/1.1" 404 209
192.168.191.2 - - [21/Jun/2018:23:43:16 +0800] "POST /api/shop_cart_count.php HTTP/1.1" 200 -
127.0.0.1 - - [21/Jun/2018:23:43:30 +0800] "GET /data/index2_data.json HTTP/1.0" 200 2573
192.168.191.2 - - [21/Jun/2018:23:43:30 +0800] "GET /api/refresh.php?index=1&contentId=4&userId=5b2af6aba2eee&goods_id=1&count=5 HTTP/1.1" 200 2573
127.0.0.1 - - [21/Jun/2018:23:45:06 +0800] "GET /data/index_data.json HTTP/1.0" 200 2370
192.168.191.2 - - [21/Jun/2018:23:45:06 +0800] "GET /api/index.php HTTP/1.1" 200 2370
127.0.0.1 - - [21/Jun/2018:23:45:07 +0800] "GET /data/shop_cart_data.json HTTP/1.0" 200 484
192.168.191.2 - - [21/Jun/2018:23:45:07 +0800] "GET /api/shop_cart.php?userId=5b2af6aba2eee HTTP/1.1" 200 484
127.0.0.1 - - [21/Jun/2018:23:45:47 +0800] "GET /data/index_data.json HTTP/1.0" 200 2370
192.168.191.2 - - [21/Jun/2018:23:45:47 +0800] "GET /api/index.php HTTP/1.1" 200 2370
127.0.0.1 - - [21/Jun/2018:23:45:50 +0800] "GET /data/order_list.json HTTP/1.0" 200 372
192.168.191.2 - - [21/Jun/2018:23:45:50 +0800] "GET /api/order_list.php?type=all HTTP/1.1" 200 372
127.0.0.1 - - [21/Jun/2018:23:46:24 +0800] "GET /data/address.json HTTP/1.0" 200 381
192.168.191.2 - - [21/Jun/2018:23:46:24 +0800] "GET /api/address.php?type=all HTTP/1.1" 200 381
127.0.0.1 - - [21/Jun/2018:23:47:03 +0800] "GET /data/order_list.json HTTP/1.0" 200 372
192.168.191.2 - - [21/Jun/2018:23:47:03 +0800] "GET /api/order_list.php?type=all HTTP/1.1" 200 372
127.0.0.1 - - [22/Jun/2018:00:07:21 +0800] "GET /data/index_data.json HTTP/1.0" 200 2370
192.168.191.2 - - [22/Jun/2018:00:07:21 +0800] "GET /api/index.php HTTP/1.1" 200 2370
127.0.0.1 - - [22/Jun/2018:00:07:22 +0800] "GET /data/shop_cart_data.json HTTP/1.0" 200 484
192.168.191.2 - - [22/Jun/2018:00:07:22 +0800] "GET /api/shop_cart.php?userId=5b2af6aba2eee HTTP/1.1" 200 484
127.0.0.1 - - [22/Jun/2018:00:07:27 +0800] "GET /data/order_list.json HTTP/1.0" 200 224
192.168.191.2 - - [22/Jun/2018:00:07:27 +0800] "GET /api/order_list.php?userId=5b2af6aba2eee&type=all HTTP/1.1" 200 224
127.0.0.1 - - [22/Jun/2018:00:18:06 +0800] "GET /data/index_data.json HTTP/1.0" 200 2370
192.168.191.2 - - [22/Jun/2018:00:18:06 +0800] "GET /api/index.php HTTP/1.1" 200 2370
127.0.0.1 - - [22/Jun/2018:00:18:08 +0800] "GET /data/address.json HTTP/1.0" 200 117
192.168.191.2 - - [22/Jun/2018:00:18:08 +0800] "GET /api/address.php?userId=5b2af6aba2eee HTTP/1.1" 200 117
127.0.0.1 - - [22/Jun/2018:08:22:47 +0800] "GET /data/index_data.json HTTP/1.0" 200 2370
192.168.191.2 - - [22/Jun/2018:08:22:46 +0800] "GET /api/index.php HTTP/1.1" 200 2370
127.0.0.1 - - [22/Jun/2018:08:23:03 +0800] "GET /data/goods_detail_data_1.json HTTP/1.0" 200 2902
192.168.191.2 - - [22/Jun/2018:08:23:03 +0800] "GET /api/goods_detail.php?goods_id=1 HTTP/1.1" 200 2902
127.0.0.1 - - [22/Jun/2018:08:24:56 +0800] "GET /data/add_shop_data.json HTTP/1.0" 400 226
192.168.191.2 - - [22/Jun/2018:08:24:56 +0800] "POST /api/add_shop_cart_count.php HTTP/1.1" 200 229
127.0.0.1 - - [22/Jun/2018:08:25:03 +0800] "GET /data/index_data.json HTTP/1.0" 200 2370
192.168.191.2 - - [22/Jun/2018:08:25:02 +0800] "GET /api/index.php HTTP/1.1" 200 2370
127.0.0.1 - - [22/Jun/2018:08:25:13 +0800] "GET /data/sort_content_data.json HTTP/1.0" 200 134
192.168.191.2 - - [22/Jun/2018:08:25:12 +0800] "GET /api/sort_content_list.php?contentId=1 HTTP/1.1" 200 134
127.0.0.1 - - [22/Jun/2018:08:25:13 +0800] "GET /data/sort_list_data.json HTTP/1.0" 200 136
192.168.191.2 - - [22/Jun/2018:08:25:12 +0800] "GET /api/sort_list.php HTTP/1.1" 200 136
127.0.0.1 - - [22/Jun/2018:08:25:20 +0800] "GET /data/goods_detail_data_1.json HTTP/1.0" 200 2902
192.168.191.2 - - [22/Jun/2018:08:25:20 +0800] "GET /api/goods_detail.php?goods_id=1 HTTP/1.1" 200 2902
127.0.0.1 - - [22/Jun/2018:08:25:54 +0800] "GET /data/goods_detail_data_1.json HTTP/1.0" 200 2902
192.168.191.2 - - [22/Jun/2018:08:25:54 +0800] "GET /api/goods_detail.php?goods_id=1 HTTP/1.1" 200 2902
127.0.0.1 - - [22/Jun/2018:08:28:25 +0800] "GET /data/goods_detail_data_1.json HTTP/1.0" 200 2902
192.168.191.2 - - [22/Jun/2018:08:28:25 +0800] "GET /api/goods_detail.php?goods_id=1 HTTP/1.1" 200 2902
127.0.0.1 - - [22/Jun/2018:08:28:29 +0800] "GET /data/goods_detail_data_2.json HTTP/1.0" 404 227
192.168.191.2 - - [22/Jun/2018:08:28:29 +0800] "GET /api/goods_detail.php?goods_id=2 HTTP/1.1" 200 225
127.0.0.1 - - [22/Jun/2018:08:28:39 +0800] "GET /data/index_data.json HTTP/1.0" 200 2370
192.168.191.2 - - [22/Jun/2018:08:28:39 +0800] "GET /api/index.php HTTP/1.1" 200 2370
127.0.0.1 - - [22/Jun/2018:09:21:29 +0800] "GET /api/test.php HTTP/1.1" 200 54
127.0.0.1 - - [22/Jun/2018:09:21:29 +0800] "GET /favicon.ico HTTP/1.1" 404 209
127.0.0.1 - - [22/Jun/2018:09:22:39 +0800] "GET /data/goods_detail_data_0.json HTTP/1.0" 404 227
127.0.0.1 - - [22/Jun/2018:09:22:39 +0800] "GET /api/test.php HTTP/1.1" 200 325
127.0.0.1 - - [22/Jun/2018:09:25:20 +0800] "GET /data/goods_detail_data_0.json HTTP/1.0" 200 1040
127.0.0.1 - - [22/Jun/2018:09:25:20 +0800] "GET /api/test.php HTTP/1.1" 200 1147
127.0.0.1 - - [22/Jun/2018:09:32:24 +0800] "GET /data/goods_detail_data_0.json HTTP/1.0" 200 872
127.0.0.1 - - [22/Jun/2018:09:32:24 +0800] "GET /api/test.php HTTP/1.1" 200 979
127.0.0.1 - - [22/Jun/2018:09:33:05 +0800] "GET /data/goods_detail_data_0.json HTTP/1.0" 200 872
127.0.0.1 - - [22/Jun/2018:09:33:05 +0800] "GET /api/test.php HTTP/1.1" 200 979
127.0.0.1 - - [22/Jun/2018:09:33:06 +0800] "GET /data/goods_detail_data_0.json HTTP/1.0" 200 872
127.0.0.1 - - [22/Jun/2018:09:33:06 +0800] "GET /api/test.php HTTP/1.1" 200 979
127.0.0.1 - - [22/Jun/2018:09:33:06 +0800] "GET /data/goods_detail_data_0.json HTTP/1.0" 200 872
127.0.0.1 - - [22/Jun/2018:09:33:06 +0800] "GET /api/test.php HTTP/1.1" 200 979
127.0.0.1 - - [22/Jun/2018:09:33:20 +0800] "GET /data/goods_detail_data_0.json HTTP/1.0" 200 872
127.0.0.1 - - [22/Jun/2018:09:33:20 +0800] "GET /api/test.php HTTP/1.1" 200 979
127.0.0.1 - - [22/Jun/2018:09:33:21 +0800] "GET /data/goods_detail_data_0.json HTTP/1.0" 200 872
127.0.0.1 - - [22/Jun/2018:09:33:21 +0800] "GET /api/test.php HTTP/1.1" 200 979
127.0.0.1 - - [22/Jun/2018:09:33:21 +0800] "GET /data/goods_detail_data_0.json HTTP/1.0" 200 872
127.0.0.1 - - [22/Jun/2018:09:33:21 +0800] "GET /api/test.php HTTP/1.1" 200 979
127.0.0.1 - - [22/Jun/2018:09:33:22 +0800] "GET /data/goods_detail_data_0.json HTTP/1.0" 200 872
127.0.0.1 - - [22/Jun/2018:09:33:21 +0800] "GET /api/test.php HTTP/1.1" 200 979
127.0.0.1 - - [22/Jun/2018:09:33:39 +0800] "GET /data/goods_detail_data_0.json HTTP/1.0" 200 872
127.0.0.1 - - [22/Jun/2018:09:33:39 +0800] "GET /api/test.php HTTP/1.1" 200 979
127.0.0.1 - - [22/Jun/2018:09:33:40 +0800] "GET /data/goods_detail_data_0.json HTTP/1.0" 200 872
127.0.0.1 - - [22/Jun/2018:09:33:40 +0800] "GET /api/test.php HTTP/1.1" 200 979
127.0.0.1 - - [22/Jun/2018:09:33:40 +0800] "GET /data/goods_detail_data_0.json HTTP/1.0" 200 872
127.0.0.1 - - [22/Jun/2018:09:33:40 +0800] "GET /api/test.php HTTP/1.1" 200 979
127.0.0.1 - - [22/Jun/2018:09:34:25 +0800] "GET /data/goods_detail_data_0.json HTTP/1.0" 200 872
127.0.0.1 - - [22/Jun/2018:09:34:25 +0800] "GET /api/test.php HTTP/1.1" 200 874
127.0.0.1 - - [22/Jun/2018:09:37:23 +0800] "GET /data/goods_detail_data_0.json HTTP/1.0" 200 872
127.0.0.1 - - [22/Jun/2018:09:37:23 +0800] "GET /api/test.php HTTP/1.1" 200 874
127.0.0.1 - - [22/Jun/2018:09:37:24 +0800] "GET /data/goods_detail_data_0.json HTTP/1.0" 200 872
127.0.0.1 - - [22/Jun/2018:09:37:24 +0800] "GET /api/test.php HTTP/1.1" 200 874
127.0.0.1 - - [22/Jun/2018:09:37:25 +0800] "GET /data/goods_detail_data_0.json HTTP/1.0" 200 872
127.0.0.1 - - [22/Jun/2018:09:37:25 +0800] "GET /api/test.php HTTP/1.1" 200 874
127.0.0.1 - - [22/Jun/2018:09:37:25 +0800] "GET /data/goods_detail_data_0.json HTTP/1.0" 200 872
127.0.0.1 - - [22/Jun/2018:09:37:25 +0800] "GET /api/test.php HTTP/1.1" 200 874
127.0.0.1 - - [22/Jun/2018:09:37:25 +0800] "GET /data/goods_detail_data_0.json HTTP/1.0" 200 872
127.0.0.1 - - [22/Jun/2018:09:37:25 +0800] "GET /api/test.php HTTP/1.1" 200 874
127.0.0.1 - - [22/Jun/2018:09:37:26 +0800] "GET /data/goods_detail_data_0.json HTTP/1.0" 200 872
127.0.0.1 - - [22/Jun/2018:09:37:26 +0800] "GET /api/test.php HTTP/1.1" 200 874
127.0.0.1 - - [22/Jun/2018:09:37:26 +0800] "GET /data/goods_detail_data_0.json HTTP/1.0" 200 872
127.0.0.1 - - [22/Jun/2018:09:37:26 +0800] "GET /api/test.php HTTP/1.1" 200 874
127.0.0.1 - - [22/Jun/2018:09:37:26 +0800] "GET /data/goods_detail_data_0.json HTTP/1.0" 200 872
127.0.0.1 - - [22/Jun/2018:09:37:26 +0800] "GET /api/test.php HTTP/1.1" 200 874
127.0.0.1 - - [22/Jun/2018:09:38:15 +0800] "GET /data/goods_detail_data_0.json HTTP/1.0" 200 872
127.0.0.1 - - [22/Jun/2018:09:38:15 +0800] "GET /api/test.php HTTP/1.1" 200 874
127.0.0.1 - - [22/Jun/2018:09:38:16 +0800] "GET /data/goods_detail_data_0.json HTTP/1.0" 200 872
127.0.0.1 - - [22/Jun/2018:09:38:16 +0800] "GET /api/test.php HTTP/1.1" 200 874
127.0.0.1 - - [22/Jun/2018:09:38:16 +0800] "GET /data/goods_detail_data_0.json HTTP/1.0" 200 872
127.0.0.1 - - [22/Jun/2018:09:38:16 +0800] "GET /api/test.php HTTP/1.1" 200 874
127.0.0.1 - - [22/Jun/2018:09:38:16 +0800] "GET /data/goods_detail_data_0.json HTTP/1.0" 200 872
127.0.0.1 - - [22/Jun/2018:09:38:16 +0800] "GET /api/test.php HTTP/1.1" 200 874
127.0.0.1 - - [22/Jun/2018:09:38:16 +0800] "GET /data/goods_detail_data_0.json HTTP/1.0" 200 872
127.0.0.1 - - [22/Jun/2018:09:38:16 +0800] "GET /api/test.php HTTP/1.1" 200 874
127.0.0.1 - - [22/Jun/2018:09:38:16 +0800] "GET /data/goods_detail_data_0.json HTTP/1.0" 200 872
127.0.0.1 - - [22/Jun/2018:09:38:16 +0800] "GET /api/test.php HTTP/1.1" 200 874
127.0.0.1 - - [22/Jun/2018:09:39:16 +0800] "-" 408 -
127.0.0.1 - - [22/Jun/2018:09:39:46 +0800] "GET /data/goods_detail_data_0.json HTTP/1.0" 200 872
127.0.0.1 - - [22/Jun/2018:09:39:46 +0800] "GET /api/test.php HTTP/1.1" 200 1203
127.0.0.1 - - [22/Jun/2018:09:40:46 +0800] "-" 408 -
127.0.0.1 - - [22/Jun/2018:09:41:51 +0800] "GET /data/goods_detail_data_2.json HTTP/1.0" 200 1021
127.0.0.1 - - [22/Jun/2018:09:41:51 +0800] "GET /api/test.php HTTP/1.1" 200 1352
127.0.0.1 - - [22/Jun/2018:09:42:52 +0800] "-" 408 -
127.0.0.1 - - [22/Jun/2018:09:44:24 +0800] "GET /data/index_data.json HTTP/1.0" 200 2370
192.168.191.2 - - [22/Jun/2018:09:44:24 +0800] "GET /api/index.php HTTP/1.1" 200 2370
192.168.191.2 - - [22/Jun/2018:09:44:27 +0800] "GET /api/goods_detail.php?goods_id=2 HTTP/1.1" 200 114
127.0.0.1 - - [22/Jun/2018:09:44:38 +0800] "GET /data/index_data.json HTTP/1.0" 200 2370
192.168.191.2 - - [22/Jun/2018:09:44:38 +0800] "GET /api/index.php HTTP/1.1" 200 2370
192.168.191.2 - - [22/Jun/2018:09:44:39 +0800] "GET /api/goods_detail.php?goods_id=1 HTTP/1.1" 200 114
192.168.191.3 - - [22/Jun/2018:09:59:48 +0800] "GET / HTTP/1.1" 200 84556
127.0.0.1 - - [22/Jun/2018:09:59:58 +0800] "GET /data/index_data.json HTTP/1.0" 200 2370
192.168.191.3 - - [22/Jun/2018:09:59:58 +0800] "GET /api/index.php HTTP/1.1" 200 2370
127.0.0.1 - - [22/Jun/2018:10:01:31 +0800] "GET /data/index_data.json HTTP/1.0" 200 2370
192.168.191.3 - - [22/Jun/2018:10:01:31 +0800] "GET /api/index.php HTTP/1.1" 200 2370
192.168.191.3 - - [22/Jun/2018:10:01:33 +0800] "GET /api/goods_detail.php?goods_id=2 HTTP/1.1" 200 114
127.0.0.1 - - [22/Jun/2018:10:03:31 +0800] "GET /data/user_profile.json HTTP/1.0" 200 151
192.168.191.3 - - [22/Jun/2018:10:03:31 +0800] "POST /api/user_login.php HTTP/1.1" 200 151
127.0.0.1 - - [22/Jun/2018:10:03:32 +0800] "GET /data/index_data.json HTTP/1.0" 200 2370
192.168.191.3 - - [22/Jun/2018:10:03:32 +0800] "GET /api/index.php?password=123456&email=123456@qq.com HTTP/1.1" 200 2370
192.168.191.2 - - [22/Jun/2018:10:03:42 +0800] "GET / HTTP/1.1" 200 84581
127.0.0.1 - - [22/Jun/2018:10:03:58 +0800] "GET /data/index2_data.json HTTP/1.0" 200 2573
192.168.191.3 - - [22/Jun/2018:10:03:58 +0800] "GET /api/refresh.php?index=1&password=123456&email=123456@qq.com HTTP/1.1" 200 2573
192.168.191.3 - - [22/Jun/2018:10:04:03 +0800] "GET /api/goods_detail.php?password=123456&goods_id=2&email=123456@qq.com HTTP/1.1" 200 114
127.0.0.1 - - [22/Jun/2018:10:04:18 +0800] "GET /data/index_data.json HTTP/1.0" 200 2370
192.168.191.3 - - [22/Jun/2018:10:04:18 +0800] "GET /api/index.php HTTP/1.1" 200 2370
192.168.191.3 - - [22/Jun/2018:10:04:45 +0800] "GET /api/goods_detail.php?goods_id=2 HTTP/1.1" 200 114
127.0.0.1 - - [22/Jun/2018:10:05:51 +0800] "GET /data/address.json HTTP/1.0" 200 117
192.168.191.2 - - [22/Jun/2018:10:05:51 +0800] "GET /api/address.php?contentId=1&userId=5b2af6aba2eee HTTP/1.1" 200 117
127.0.0.1 - - [22/Jun/2018:10:06:03 +0800] "GET /data/index_data.json HTTP/1.0" 200 2370
192.168.191.3 - - [22/Jun/2018:10:06:03 +0800] "GET /api/index.php HTTP/1.1" 200 2370
127.0.0.1 - - [22/Jun/2018:10:06:05 +0800] "GET /data/goods_detail_data_2.json HTTP/1.0" 200 1021
192.168.191.3 - - [22/Jun/2018:10:06:05 +0800] "GET /api/goods_detail.php?goods_id=2 HTTP/1.1" 200 1021
127.0.0.1 - - [22/Jun/2018:10:06:43 +0800] "GET /data/goods_detail_data_1.json HTTP/1.0" 200 449
192.168.191.3 - - [22/Jun/2018:10:06:43 +0800] "GET /api/goods_detail.php?goods_id=1 HTTP/1.1" 200 706
127.0.0.1 - - [22/Jun/2018:10:06:52 +0800] "GET /data/index_data.json HTTP/1.0" 200 2370
192.168.191.3 - - [22/Jun/2018:10:06:52 +0800] "GET /api/index.php HTTP/1.1" 200 2370
127.0.0.1 - - [22/Jun/2018:10:06:54 +0800] "GET /data/goods_detail_data_3.json HTTP/1.0" 200 455
192.168.191.3 - - [22/Jun/2018:10:06:54 +0800] "GET /api/goods_detail.php?goods_id=3 HTTP/1.1" 200 712
127.0.0.1 - - [22/Jun/2018:10:08:09 +0800] "GET /data/index_data.json HTTP/1.0" 200 2370
192.168.191.2 - - [22/Jun/2018:10:08:09 +0800] "GET /api/index.php HTTP/1.1" 200 2370
127.0.0.1 - - [22/Jun/2018:10:08:11 +0800] "GET /data/goods_detail_data_2.json HTTP/1.0" 200 1017
192.168.191.2 - - [22/Jun/2018:10:08:11 +0800] "GET /api/goods_detail.php?goods_id=2 HTTP/1.1" 200 1017
192.168.191.2 - - [22/Jun/2018:10:08:27 +0800] "GET / HTTP/1.1" 200 84559
192.168.191.2 - - [22/Jun/2018:10:09:13 +0800] "GET / HTTP/1.1" 200 84559
127.0.0.1 - - [22/Jun/2018:10:10:28 +0800] "GET /data/sort_list_data.json HTTP/1.0" 200 136
192.168.191.2 - - [22/Jun/2018:10:10:28 +0800] "GET /api/sort_list.php?contentId=1 HTTP/1.1" 200 136
127.0.0.1 - - [22/Jun/2018:10:10:28 +0800] "GET /data/sort_content_data.json HTTP/1.0" 200 134
192.168.191.2 - - [22/Jun/2018:10:10:28 +0800] "GET /api/sort_content_list.php?contentId=1 HTTP/1.1" 200 134
127.0.0.1 - - [22/Jun/2018:10:15:47 +0800] "GET /data/index_data.json HTTP/1.0" 200 2370
192.168.191.2 - - [22/Jun/2018:10:15:47 +0800] "GET /api/index.php HTTP/1.1" 200 2370
127.0.0.1 - - [22/Jun/2018:10:15:49 +0800] "GET /data/goods_detail_data_2.json HTTP/1.0" 200 1017
192.168.191.2 - - [22/Jun/2018:10:15:49 +0800] "GET /api/goods_detail.php?goods_id=2 HTTP/1.1" 200 1017
127.0.0.1 - - [22/Jun/2018:10:16:00 +0800] "GET /data/shop_cart_data.json HTTP/1.0" 200 484
192.168.191.2 - - [22/Jun/2018:10:16:00 +0800] "GET /api/shop_cart.php?userId=5b2af6aba2eee&goods_id=2 HTTP/1.1" 200 484
127.0.0.1 - - [22/Jun/2018:10:16:06 +0800] "GET /data/sort_content_data.json HTTP/1.0" 200 134
192.168.191.2 - - [22/Jun/2018:10:16:06 +0800] "GET /api/sort_content_list.php?contentId=1&userId=5b2af6aba2eee&goods_id=2 HTTP/1.1" 200 134
127.0.0.1 - - [22/Jun/2018:10:16:06 +0800] "GET /data/sort_list_data.json HTTP/1.0" 200 136
192.168.191.2 - - [22/Jun/2018:10:16:06 +0800] "GET /api/sort_list.php?contentId=1&userId=5b2af6aba2eee&goods_id=2 HTTP/1.1" 200 136
127.0.0.1 - - [22/Jun/2018:10:16:09 +0800] "GET /data/order_list.json HTTP/1.0" 200 224
192.168.191.2 - - [22/Jun/2018:10:16:09 +0800] "GET /api/order_list.php?contentId=1&type=all&userId=5b2af6aba2eee&goods_id=2 HTTP/1.1" 200 224
127.0.0.1 - - [22/Jun/2018:10:16:15 +0800] "GET /data/address.json HTTP/1.0" 200 117
192.168.191.2 - - [22/Jun/2018:10:16:15 +0800] "GET /api/address.php?contentId=1&type=all&userId=5b2af6aba2eee&goods_id=2 HTTP/1.1" 200 117
127.0.0.1 - - [22/Jun/2018:10:16:51 +0800] "GET /data/goods_detail_data_2.json HTTP/1.0" 200 1017
192.168.191.2 - - [22/Jun/2018:10:16:51 +0800] "GET /api/goods_detail.php?contentId=1&type=all&userId=5b2af6aba2eee&goods_id=2 HTTP/1.1" 200 1017
127.0.0.1 - - [22/Jun/2018:10:17:04 +0800] "GET /data/add_shop_data.json HTTP/1.0" 400 226
192.168.191.2 - - [22/Jun/2018:10:17:04 +0800] "POST /api/add_shop_cart_count.php HTTP/1.1" 200 229
127.0.0.1 - - [22/Jun/2018:10:17:26 +0800] "GET /data/index_data.json HTTP/1.0" 200 2370
192.168.191.2 - - [22/Jun/2018:10:17:26 +0800] "GET /api/index.php HTTP/1.1" 200 2370
127.0.0.1 - - [22/Jun/2018:10:17:29 +0800] "GET /data/sort_content_data.json HTTP/1.0" 200 134
192.168.191.2 - - [22/Jun/2018:10:17:29 +0800] "GET /api/sort_content_list.php?contentId=1 HTTP/1.1" 200 134
127.0.0.1 - - [22/Jun/2018:10:17:29 +0800] "GET /data/sort_list_data.json HTTP/1.0" 200 136
192.168.191.2 - - [22/Jun/2018:10:17:29 +0800] "GET /api/sort_list.php?contentId=1 HTTP/1.1" 200 136
127.0.0.1 - - [22/Jun/2018:10:17:31 +0800] "GET /data/shop_cart_data.json HTTP/1.0" 200 484
192.168.191.2 - - [22/Jun/2018:10:17:31 +0800] "GET /api/shop_cart.php?contentId=1&userId=5b2af6aba2eee HTTP/1.1" 200 484
127.0.0.1 - - [22/Jun/2018:10:19:10 +0800] "GET /data/index_data.json HTTP/1.0" 200 2370
192.168.191.2 - - [22/Jun/2018:10:19:10 +0800] "GET /api/index.php HTTP/1.1" 200 2370
127.0.0.1 - - [22/Jun/2018:10:19:15 +0800] "GET /data/goods_detail_data_0.json HTTP/1.0" 200 302
192.168.191.2 - - [22/Jun/2018:10:19:15 +0800] "GET /api/goods_detail.php?goods_id=0 HTTP/1.1" 200 559
127.0.0.1 - - [22/Jun/2018:10:19:56 +0800] "GET /data/index_data.json HTTP/1.0" 200 2370
192.168.191.2 - - [22/Jun/2018:10:19:56 +0800] "GET /api/index.php HTTP/1.1" 200 2370
127.0.0.1 - - [22/Jun/2018:10:19:57 +0800] "GET /data/goods_detail_data_2.json HTTP/1.0" 200 1017
192.168.191.2 - - [22/Jun/2018:10:19:57 +0800] "GET /api/goods_detail.php?goods_id=2 HTTP/1.1" 200 1017
127.0.0.1 - - [22/Jun/2018:10:20:07 +0800] "GET /data/goods_detail_data_2.json HTTP/1.0" 200 1017
192.168.191.2 - - [22/Jun/2018:10:20:07 +0800] "GET /api/goods_detail.php?goods_id=2 HTTP/1.1" 200 1017
127.0.0.1 - - [22/Jun/2018:10:20:09 +0800] "GET /data/add_shop_data.json HTTP/1.0" 400 226
192.168.191.2 - - [22/Jun/2018:10:20:09 +0800] "POST /api/add_shop_cart_count.php HTTP/1.1" 200 229
127.0.0.1 - - [22/Jun/2018:10:20:15 +0800] "GET /data/index_data.json HTTP/1.0" 200 2370
192.168.191.2 - - [22/Jun/2018:10:20:15 +0800] "GET /api/index.php HTTP/1.1" 200 2370
127.0.0.1 - - [22/Jun/2018:10:20:17 +0800] "GET /data/goods_detail_data_2.json HTTP/1.0" 200 1017
192.168.191.2 - - [22/Jun/2018:10:20:17 +0800] "GET /api/goods_detail.php?goods_id=2 HTTP/1.1" 200 1017
127.0.0.1 - - [22/Jun/2018:10:20:33 +0800] "GET /data/shop_cart_data.json HTTP/1.0" 200 484
192.168.191.2 - - [22/Jun/2018:10:20:33 +0800] "GET /api/shop_cart.php?userId=5b2af6aba2eee&goods_id=2 HTTP/1.1" 200 484
192.168.191.2 - - [22/Jun/2018:10:21:04 +0800] "POST /api/shop_cart_count.php HTTP/1.1" 200 -
192.168.191.2 - - [22/Jun/2018:10:21:06 +0800] "POST /api/shop_cart_count.php HTTP/1.1" 200 -
192.168.191.2 - - [22/Jun/2018:10:21:18 +0800] "POST /api/24670 HTTP/1.1" 404 207
192.168.191.2 - - [22/Jun/2018:10:21:31 +0800] "GET /find/faxian.html HTTP/1.1" 200 242807
192.168.191.2 - - [22/Jun/2018:10:21:31 +0800] "GET /find/CSS/faxian.css HTTP/1.1" 200 8868
192.168.191.2 - - [22/Jun/2018:10:21:31 +0800] "GET /find/img/article-author-pic1.webp HTTP/1.1" 404 231
192.168.191.2 - - [22/Jun/2018:10:21:31 +0800] "GET /find/images/58f72661N8961cd75.jpg!q65.webp HTTP/1.1" 200 596
192.168.191.2 - - [22/Jun/2018:10:21:31 +0800] "GET /find/img/article-author-pic2.webp HTTP/1.1" 404 231
192.168.191.2 - - [22/Jun/2018:10:21:31 +0800] "GET /find/img/article-author-pic3.webp HTTP/1.1" 404 231
192.168.191.2 - - [22/Jun/2018:10:21:31 +0800] "GET /find/images/down-navi-arrow_img.png HTTP/1.1" 200 401
192.168.191.2 - - [22/Jun/2018:10:21:31 +0800] "GET /find/images/article-time.png HTTP/1.1" 200 552
192.168.191.2 - - [22/Jun/2018:10:21:31 +0800] "GET /find/images/5a31eea3Ne95e04d8.jpg!q65.webp HTTP/1.1" 200 3250
192.168.191.2 - - [22/Jun/2018:10:21:31 +0800] "GET /find/images/article-viewed.png HTTP/1.1" 200 723
192.168.191.2 - - [22/Jun/2018:10:21:31 +0800] "GET /find/images/5a338707Nac9701b9.jpg!q65.webp HTTP/1.1" 200 1866
192.168.191.2 - - [22/Jun/2018:10:21:31 +0800] "GET /find/images/59095a86N1cfcc0a5.jpg!q65.webp HTTP/1.1" 200 1270
192.168.191.2 - - [22/Jun/2018:10:21:31 +0800] "GET /favicon.ico HTTP/1.1" 404 209
127.0.0.1 - - [22/Jun/2018:10:22:01 +0800] "GET /data/sort_content_data.json HTTP/1.0" 200 134
192.168.191.2 - - [22/Jun/2018:10:22:01 +0800] "GET /api/sort_content_list.php?contentId=1&isanonymous=true&comment=%E6%B5%8B%E8%AF%95%E6%94%AF%E4%BB%98&type=1&ordertype=0&followeduser=0&userid=264392&userId=5b2af6aba2eee&goods_id=2&count=7&amount=0.01 HTTP/1.1" 200 134
127.0.0.1 - - [22/Jun/2018:10:22:01 +0800] "GET /data/sort_list_data.json HTTP/1.0" 200 136
192.168.191.2 - - [22/Jun/2018:10:22:01 +0800] "GET /api/sort_list.php?contentId=1&isanonymous=true&comment=%E6%B5%8B%E8%AF%95%E6%94%AF%E4%BB%98&type=1&ordertype=0&followeduser=0&userid=264392&userId=5b2af6aba2eee&goods_id=2&count=7&amount=0.01 HTTP/1.1" 200 136
127.0.0.1 - - [22/Jun/2018:10:22:03 +0800] "GET /data/sort_content_data.json HTTP/1.0" 200 134
192.168.191.2 - - [22/Jun/2018:10:22:03 +0800] "GET /api/sort_content_list.php?contentId=1&isanonymous=true&comment=%E6%B5%8B%E8%AF%95%E6%94%AF%E4%BB%98&type=1&ordertype=0&followeduser=0&userid=264392&userId=5b2af6aba2eee&goods_id=2&count=7&amount=0.01 HTTP/1.1" 200 134
127.0.0.1 - - [22/Jun/2018:10:22:04 +0800] "GET /data/sort_content_data.json HTTP/1.0" 200 139
192.168.191.2 - - [22/Jun/2018:10:22:04 +0800] "GET /api/sort_content_list.php?contentId=3&isanonymous=true&comment=%E6%B5%8B%E8%AF%95%E6%94%AF%E4%BB%98&type=1&ordertype=0&followeduser=0&userid=264392&userId=5b2af6aba2eee&goods_id=2&count=7&amount=0.01 HTTP/1.1" 200 139
127.0.0.1 - - [22/Jun/2018:10:22:05 +0800] "GET /data/sort_content_data.json HTTP/1.0" 200 140
192.168.191.2 - - [22/Jun/2018:10:22:05 +0800] "GET /api/sort_content_list.php?contentId=4&isanonymous=true&comment=%E6%B5%8B%E8%AF%95%E6%94%AF%E4%BB%98&type=1&ordertype=0&followeduser=0&userid=264392&userId=5b2af6aba2eee&goods_id=2&count=7&amount=0.01 HTTP/1.1" 200 140
127.0.0.1 - - [22/Jun/2018:10:22:07 +0800] "GET /data/sort_content_data.json HTTP/1.0" 200 363
192.168.191.2 - - [22/Jun/2018:10:22:07 +0800] "GET /api/sort_content_list.php?contentId=0&isanonymous=true&comment=%E6%B5%8B%E8%AF%95%E6%94%AF%E4%BB%98&type=1&ordertype=0&followeduser=0&userid=264392&userId=5b2af6aba2eee&goods_id=2&count=7&amount=0.01 HTTP/1.1" 200 363
127.0.0.1 - - [22/Jun/2018:10:22:13 +0800] "GET /data/goods_detail_data_2.json HTTP/1.0" 200 1017
192.168.191.2 - - [22/Jun/2018:10:22:13 +0800] "GET /api/goods_detail.php?contentId=0&isanonymous=true&comment=%E6%B5%8B%E8%AF%95%E6%94%AF%E4%BB%98&type=1&ordertype=0&followeduser=0&userid=264392&userId=5b2af6aba2eee&goods_id=2&count=7&amount=0.01 HTTP/1.1" 200 1017
127.0.0.1 - - [22/Jun/2018:10:22:24 +0800] "GET /data/add_shop_data.json HTTP/1.0" 400 226
192.168.191.2 - - [22/Jun/2018:10:22:24 +0800] "POST /api/add_shop_cart_count.php HTTP/1.1" 200 229
127.0.0.1 - - [22/Jun/2018:10:22:37 +0800] "GET /data/index_data.json HTTP/1.0" 200 2370
192.168.191.2 - - [22/Jun/2018:10:22:36 +0800] "GET /api/index.php HTTP/1.1" 200 2370
127.0.0.1 - - [22/Jun/2018:10:22:38 +0800] "GET /data/goods_detail_data_2.json HTTP/1.0" 200 1017
192.168.191.2 - - [22/Jun/2018:10:22:38 +0800] "GET /api/goods_detail.php?goods_id=2 HTTP/1.1" 200 1017
127.0.0.1 - - [22/Jun/2018:10:22:41 +0800] "GET /data/add_shop_data.json HTTP/1.0" 400 226
192.168.191.2 - - [22/Jun/2018:10:22:41 +0800] "POST /api/add_shop_cart_count.php HTTP/1.1" 200 229
127.0.0.1 - - [22/Jun/2018:10:23:38 +0800] "GET /data/index_data.json HTTP/1.0" 200 2370
192.168.191.2 - - [22/Jun/2018:10:23:38 +0800] "GET /api/index.php HTTP/1.1" 200 2370
127.0.0.1 - - [22/Jun/2018:10:23:41 +0800] "GET /data/goods_detail_data_2.json HTTP/1.0" 200 1017
192.168.191.2 - - [22/Jun/2018:10:23:41 +0800] "GET /api/goods_detail.php?goods_id=2 HTTP/1.1" 200 1017
127.0.0.1 - - [22/Jun/2018:10:23:44 +0800] "GET /data/add_shop_data.json HTTP/1.0" 400 226
192.168.191.2 - - [22/Jun/2018:10:23:44 +0800] "POST /api/add_shop_cart_count.php HTTP/1.1" 200 229
127.0.0.1 - - [22/Jun/2018:10:27:36 +0800] "GET /data/index_data.json HTTP/1.0" 200 2370
192.168.191.2 - - [22/Jun/2018:10:27:36 +0800] "GET /api/index.php HTTP/1.1" 200 2370
127.0.0.1 - - [22/Jun/2018:10:27:38 +0800] "GET /data/goods_detail_data_2.json HTTP/1.0" 200 1017
192.168.191.2 - - [22/Jun/2018:10:27:38 +0800] "GET /api/goods_detail.php?goods_id=2 HTTP/1.1" 200 1017
127.0.0.1 - - [22/Jun/2018:10:27:40 +0800] "GET /data/add_shop_data.json HTTP/1.0" 200 48
192.168.191.2 - - [22/Jun/2018:10:27:40 +0800] "POST /api/add_shop_cart_count.php HTTP/1.1" 200 48
127.0.0.1 - - [22/Jun/2018:10:27:43 +0800] "GET /data/add_shop_data.json HTTP/1.0" 200 48
192.168.191.2 - - [22/Jun/2018:10:27:43 +0800] "POST /api/add_shop_cart_count.php HTTP/1.1" 200 48
127.0.0.1 - - [22/Jun/2018:10:27:43 +0800] "GET /data/add_shop_data.json HTTP/1.0" 200 48
192.168.191.2 - - [22/Jun/2018:10:27:43 +0800] "POST /api/add_shop_cart_count.php HTTP/1.1" 200 48
127.0.0.1 - - [22/Jun/2018:10:27:43 +0800] "GET /data/add_shop_data.json HTTP/1.0" 200 48
192.168.191.2 - - [22/Jun/2018:10:27:43 +0800] "POST /api/add_shop_cart_count.php HTTP/1.1" 200 48
127.0.0.1 - - [22/Jun/2018:10:27:43 +0800] "GET /data/add_shop_data.json HTTP/1.0" 200 48
192.168.191.2 - - [22/Jun/2018:10:27:43 +0800] "POST /api/add_shop_cart_count.php HTTP/1.1" 200 48
127.0.0.1 - - [22/Jun/2018:10:27:44 +0800] "GET /data/add_shop_data.json HTTP/1.0" 200 48
192.168.191.2 - - [22/Jun/2018:10:27:43 +0800] "POST /api/add_shop_cart_count.php HTTP/1.1" 200 48
127.0.0.1 - - [22/Jun/2018:10:27:44 +0800] "GET /data/add_shop_data.json HTTP/1.0" 200 48
192.168.191.2 - - [22/Jun/2018:10:27:44 +0800] "POST /api/add_shop_cart_count.php HTTP/1.1" 200 48
127.0.0.1 - - [22/Jun/2018:10:27:44 +0800] "GET /data/add_shop_data.json HTTP/1.0" 200 48
192.168.191.2 - - [22/Jun/2018:10:27:44 +0800] "POST /api/add_shop_cart_count.php HTTP/1.1" 200 48
127.0.0.1 - - [22/Jun/2018:10:27:44 +0800] "GET /data/add_shop_data.json HTTP/1.0" 200 48
192.168.191.2 - - [22/Jun/2018:10:27:44 +0800] "POST /api/add_shop_cart_count.php HTTP/1.1" 200 48
127.0.0.1 - - [22/Jun/2018:10:27:44 +0800] "GET /data/add_shop_data.json HTTP/1.0" 200 48
192.168.191.2 - - [22/Jun/2018:10:27:44 +0800] "POST /api/add_shop_cart_count.php HTTP/1.1" 200 48
127.0.0.1 - - [22/Jun/2018:10:27:44 +0800] "GET /data/add_shop_data.json HTTP/1.0" 200 48
192.168.191.2 - - [22/Jun/2018:10:27:44 +0800] "POST /api/add_shop_cart_count.php HTTP/1.1" 200 48
127.0.0.1 - - [22/Jun/2018:10:27:44 +0800] "GET /data/add_shop_data.json HTTP/1.0" 200 48
192.168.191.2 - - [22/Jun/2018:10:27:44 +0800] "POST /api/add_shop_cart_count.php HTTP/1.1" 200 48
127.0.0.1 - - [22/Jun/2018:10:27:44 +0800] "GET /data/add_shop_data.json HTTP/1.0" 200 48
192.168.191.2 - - [22/Jun/2018:10:27:44 +0800] "POST /api/add_shop_cart_count.php HTTP/1.1" 200 48
127.0.0.1 - - [22/Jun/2018:10:28:06 +0800] "GET /data/shop_cart_data.json HTTP/1.0" 200 484
